Component: ARM Compiler 5.06 update 4 (build 422) Tool: armlink [4d35d2]

==============================================================================

Section Cross References

    startup_stm32f10x_hd.o(STACK) refers (Special) to heapauxi.o(.text) for __use_two_region_memory
    startup_stm32f10x_hd.o(HEAP) refers (Special) to heapauxi.o(.text) for __use_two_region_memory
    startup_stm32f10x_hd.o(RESET) refers (Special) to heapauxi.o(.text) for __use_two_region_memory
    startup_stm32f10x_hd.o(RESET) refers to startup_stm32f10x_hd.o(STACK) for __initial_sp
    startup_stm32f10x_hd.o(RESET) refers to startup_stm32f10x_hd.o(.text) for Reset_Handler
    startup_stm32f10x_hd.o(RESET) refers to rtc.o(i.RTC_IRQHandler) for RTC_IRQHandler
    startup_stm32f10x_hd.o(RESET) refers to usmart.o(i.TIM2_IRQHandler) for TIM2_IRQHandler
    startup_stm32f10x_hd.o(RESET) refers to timer.o(i.TIM4_IRQHandler) for TIM4_IRQHandler
    startup_stm32f10x_hd.o(RESET) refers to usart.o(i.USART1_IRQHandler) for USART1_IRQHandler
    startup_stm32f10x_hd.o(RESET) refers to usart2.o(i.USART2_IRQHandler) for USART2_IRQHandler
    startup_stm32f10x_hd.o(.text) refers (Special) to heapauxi.o(.text) for __use_two_region_memory
    startup_stm32f10x_hd.o(.text) refers to __main.o(!!!main) for __main
    startup_stm32f10x_hd.o(.text) refers to startup_stm32f10x_hd.o(HEAP) for Heap_Mem
    startup_stm32f10x_hd.o(.text) refers to startup_stm32f10x_hd.o(STACK) for Stack_Mem
    main.o(i.main) refers to sys.o(i.Stm32_Clock_Init) for Stm32_Clock_Init
    main.o(i.main) refers to delay.o(i.delay_init) for delay_init
    main.o(i.main) refers to usart.o(i.uart_init) for uart_init
    main.o(i.main) refers to ili93xx.o(i.LCD_Init) for LCD_Init
    main.o(i.main) refers to key.o(i.KEY_Init) for KEY_Init
    main.o(i.main) refers to rc522.o(i.InitRc522) for InitRc522
    main.o(i.main) refers to rc522_add.o(i.InitAlldata) for InitAlldata
    main.o(i.main) refers to led.o(i.LED_Init) for LED_Init
    main.o(i.main) refers to rc522_add.o(i.Read_cardID) for Read_cardID
    main.o(i.main) refers to delay.o(i.delay_ms) for delay_ms
    main.o(i.main) refers to rc522_add.o(.data) for cardID
    delay.o(i.delay_init) refers to delay.o(.data) for fac_us
    delay.o(i.delay_ms) refers to delay.o(.data) for fac_ms
    delay.o(i.delay_us) refers to delay.o(.data) for fac_us
    sys.o(i.MYRCC_DeInit) refers to sys.o(i.MY_NVIC_SetVectorTable) for MY_NVIC_SetVectorTable
    sys.o(i.MY_NVIC_Init) refers to sys.o(i.MY_NVIC_PriorityGroupConfig) for MY_NVIC_PriorityGroupConfig
    sys.o(i.Stm32_Clock_Init) refers to sys.o(i.MYRCC_DeInit) for MYRCC_DeInit
    sys.o(i.Sys_Standby) refers to sys.o(i.WFI_SET) for WFI_SET
    usart.o(i.USART1_IRQHandler) refers (Special) to use_no_semi_2.o(.text) for __use_no_semihosting
    usart.o(i.USART1_IRQHandler) refers to usart.o(.data) for USART_RX_STA
    usart.o(i.USART1_IRQHandler) refers to usart.o(.bss) for USART_RX_BUF
    usart.o(i._sys_exit) refers (Special) to use_no_semi_2.o(.text) for __use_no_semihosting
    usart.o(i.fputc) refers (Special) to use_no_semi_2.o(.text) for __use_no_semihosting
    usart.o(i.uart_init) refers (Special) to use_no_semi_2.o(.text) for __use_no_semihosting
    usart.o(i.uart_init) refers to fflt_clz.o(x$fpl$ffltu) for __aeabi_ui2f
    usart.o(i.uart_init) refers to fdiv.o(x$fpl$fdiv) for __aeabi_fdiv
    usart.o(i.uart_init) refers to ffixu.o(x$fpl$ffixu) for __aeabi_f2uiz
    usart.o(i.uart_init) refers to faddsub_clz.o(x$fpl$frsb) for __aeabi_frsub
    usart.o(i.uart_init) refers to fmul.o(x$fpl$fmul) for __aeabi_fmul
    usart.o(i.uart_init) refers to sys.o(i.MY_NVIC_Init) for MY_NVIC_Init
    usart.o(.bss) refers (Special) to use_no_semi_2.o(.text) for __use_no_semihosting
    usart.o(.data) refers (Special) to use_no_semi_2.o(.text) for __use_no_semihosting
    ili93xx.o(i.LCD_Clear) refers to ili93xx.o(i.LCD_SetCursor) for LCD_SetCursor
    ili93xx.o(i.LCD_Clear) refers to ili93xx.o(i.LCD_WriteRAM_Prepare) for LCD_WriteRAM_Prepare
    ili93xx.o(i.LCD_Clear) refers to ili93xx.o(.bss) for lcddev
    ili93xx.o(i.LCD_Color_Fill) refers to ili93xx.o(i.LCD_SetCursor) for LCD_SetCursor
    ili93xx.o(i.LCD_Color_Fill) refers to ili93xx.o(i.LCD_WriteRAM_Prepare) for LCD_WriteRAM_Prepare
    ili93xx.o(i.LCD_DisplayOff) refers to ili93xx.o(i.LCD_WR_REG) for LCD_WR_REG
    ili93xx.o(i.LCD_DisplayOff) refers to ili93xx.o(i.LCD_WriteReg) for LCD_WriteReg
    ili93xx.o(i.LCD_DisplayOff) refers to ili93xx.o(.bss) for lcddev
    ili93xx.o(i.LCD_DisplayOn) refers to ili93xx.o(i.LCD_WR_REG) for LCD_WR_REG
    ili93xx.o(i.LCD_DisplayOn) refers to ili93xx.o(i.LCD_WriteReg) for LCD_WriteReg
    ili93xx.o(i.LCD_DisplayOn) refers to ili93xx.o(.bss) for lcddev
    ili93xx.o(i.LCD_Display_Dir) refers to ili93xx.o(i.LCD_Scan_Dir) for LCD_Scan_Dir
    ili93xx.o(i.LCD_Display_Dir) refers to ili93xx.o(.bss) for lcddev
    ili93xx.o(i.LCD_DrawLine) refers to ili93xx.o(i.LCD_DrawPoint) for LCD_DrawPoint
[...]
    ../clib/signal.c                         0x00000000   Number         0  defsig_abrt_inner.o ABSOLUTE
    ../clib/signal.c                         0x00000000   Number         0  defsig_general.o ABSOLUTE
    ../clib/signal.c                         0x00000000   Number         0  __raise.o ABSOLUTE
    ../clib/signal.c                         0x00000000   Number         0  defsig_rtmem_inner.o ABSOLUTE
    ../clib/signal.c                         0x00000000   Number         0  defsig_exit.o ABSOLUTE
    ../clib/signal.c                         0x00000000   Number         0  defsig_cppl_inner.o ABSOLUTE
    ../clib/signal.c                         0x00000000   Number         0  defsig_pvfn_inner.o ABSOLUTE
    ../clib/signal.c                         0x00000000   Number         0  defsig_rtmem_outer.o ABSOLUTE
    ../clib/signal.c                         0x00000000   Number         0  defsig_rtmem_formal.o ABSOLUTE
    ../clib/signal.c                         0x00000000   Number         0  defsig_other.o ABSOLUTE
    ../clib/signal.c                         0x00000000   Number         0  defsig_segv_inner.o ABSOLUTE
    ../clib/signal.s                         0x00000000   Number         0  defsig.o ABSOLUTE
    ../clib/stdio.c                          0x00000000   Number         0  ferror_locked.o ABSOLUTE
    ../clib/stdio.c                          0x00000000   Number         0  ferror.o ABSOLUTE
    ../clib/stdlib.c                         0x00000000   Number         0  exit.o ABSOLUTE
    ../clib/string.c                         0x00000000   Number         0  strcpy.o ABSOLUTE
    ../clib/string.c                         0x00000000   Number         0  strstr.o ABSOLUTE
    ../clib/string.c                         0x00000000   Number         0  strlen.o ABSOLUTE
    ../fplib/daddsub.s                       0x00000000   Number         0  daddsub_clz.o ABSOLUTE
    ../fplib/dcmpi.s                         0x00000000   Number         0  dcmpi.o ABSOLUTE
    ../fplib/ddiv.s                          0x00000000   Number         0  ddiv.o ABSOLUTE
    ../fplib/dfix.s                          0x00000000   Number         0  dfix.o ABSOLUTE
    ../fplib/dfixu.s                         0x00000000   Number         0  dfixu.o ABSOLUTE
    ../fplib/dflt.s                          0x00000000   Number         0  dflt_clz.o ABSOLUTE
    ../fplib/dleqf.s                         0x00000000   Number         0  dleqf.o ABSOLUTE
    ../fplib/dmul.s                          0x00000000   Number         0  dmul.o ABSOLUTE
    ../fplib/dnaninf.s                       0x00000000   Number         0  dnaninf.o ABSOLUTE
    ../fplib/dretinf.s                       0x00000000   Number         0  dretinf.o ABSOLUTE
    ../fplib/drleqf.s                        0x00000000   Number         0  drleqf.o ABSOLUTE
    ../fplib/dsqrt.s                         0x00000000   Number         0  dsqrt_noumaal.o ABSOLUTE
    ../fplib/f2d.s                           0x00000000   Number         0  f2d.o ABSOLUTE
    ../fplib/faddsub.s                       0x00000000   Number         0  faddsub_clz.o ABSOLUTE
    ../fplib/fcmpi.s                         0x00000000   Number         0  fcmpi.o ABSOLUTE
    ../fplib/fdiv.s                          0x00000000   Number         0  fdiv.o ABSOLUTE
    ../fplib/feqf.s                          0x00000000   Number         0  feqf.o ABSOLUTE
    ../fplib/ffix.s                          0x00000000   Number         0  ffix.o ABSOLUTE
    ../fplib/ffixu.s                         0x00000000   Number         0  ffixu.o ABSOLUTE
    ../fplib/fflt.s                          0x00000000   Number         0  fflt_clz.o ABSOLUTE
    ../fplib/fleqf.s                         0x00000000   Number         0  fleqf.o ABSOLUTE
    ../fplib/fmul.s                          0x00000000   Number         0  fmul.o ABSOLUTE
    ../fplib/fnaninf.s                       0x00000000   Number         0  fnaninf.o ABSOLUTE
    ../fplib/fpinit.s                        0x00000000   Number         0  fpinit.o ABSOLUTE
    ../fplib/fretinf.s                       0x00000000   Number         0  fretinf.o ABSOLUTE
    ../fplib/frleqf.s                        0x00000000   Number         0  frleqf.o ABSOLUTE
    ../fplib/istatus.s                       0x00000000   Number         0  istatus.o ABSOLUTE
    ../fplib/printf1.s                       0x00000000   Number         0  printf1.o ABSOLUTE
    ../fplib/usenofp.s                       0x00000000   Number         0  usenofp.o ABSOLUTE
    ../mathlib/fpclassify.c                  0x00000000   Number         0  fpclassify.o ABSOLUTE
    ../mathlib/sqrt.c                        0x00000000   Number         0  sqrt.o ABSOLUTE
    ../mathlib/sqrt.c                        0x00000000   Number         0  sqrt_x.o ABSOLUTE
    ..\FATFS\exfuns\exfuns.c                 0x00000000   Number         0  exfuns.o ABSOLUTE
    ..\FATFS\exfuns\fattester.c              0x00000000   Number         0  fattester.o ABSOLUTE
    ..\FATFS\exfuns\mycc936.c                0x00000000   Number         0  mycc936.o ABSOLUTE
    ..\FATFS\src\diskio.c                    0x00000000   Number         0  diskio.o ABSOLUTE
    ..\FATFS\src\ff.c                        0x00000000   Number         0  ff.o ABSOLUTE
    ..\HARDWARE\24CXX\24cxx.c                0x00000000   Number         0  24cxx.o ABSOLUTE
    ..\HARDWARE\24CXX\myiic.c                0x00000000   Number         0  myiic.o ABSOLUTE
    ..\HARDWARE\AS608\as608.c                0x00000000   Number         0  as608.o ABSOLUTE
    ..\HARDWARE\AS608\as608_add.c            0x00000000   Number         0  as608_add.o ABSOLUTE
    ..\HARDWARE\DS18B20\ds18b20.c            0x00000000   Number         0  ds18b20.o ABSOLUTE
    ..\HARDWARE\FLASH\flash.c                0x00000000   Number         0  flash.o ABSOLUTE
    ..\HARDWARE\KEY\key.c                    0x00000000   Number         0  key.o ABSOLUTE
    ..\HARDWARE\LCD\ILI93xx.c                0x00000000   Number         0  ili93xx.o ABSOLUTE
    ..\HARDWARE\LED\led.c                    0x00000000   Number         0  led.o ABSOLUTE
    ..\HARDWARE\RTC\rtc.c                    0x00000000   Number         0  rtc.o ABSOLUTE
    ..\HARDWARE\SD\MMC_SD.C                  0x00000000   Number         0  mmc_sd.o ABSOLUTE
    ..\HARDWARE\SPI\spi.c                    0x00000000   Number         0  spi.o ABSOLUTE
    ..\HARDWARE\TIMER\timer.c                0x00000000   Number         0  timer.o ABSOLUTE
    ..\HARDWARE\TOUCH\ctiic.c                0x00000000   Number         0  ctiic.o ABSOLUTE
    ..\HARDWARE\TOUCH\ft5206.c               0x00000000   Number         0  ft5206.o ABSOLUTE
    ..\HARDWARE\TOUCH\gt9147.c               0x00000000   Number         0  gt9147.o ABSOLUTE
    ..\HARDWARE\TOUCH\ott2001a.c             0x00000000   Number         0  ott2001a.o ABSOLUTE
    ..\HARDWARE\TOUCH\touch.c                0x00000000   Number         0  touch.o ABSOLUTE
    ..\HARDWARE\USART2\usart2.c              0x00000000   Number         0  usart2.o ABSOLUTE
    ..\MALLOC\malloc.c                       0x00000000   Number         0  malloc.o ABSOLUTE
    ..\MY_GUI\MY_GUI.c                       0x00000000   Number         0  my_gui.o ABSOLUTE
    ..\PICTURE\bmp.c                         0x00000000   Number         0  bmp.o ABSOLUTE
    ..\PICTURE\gif.c                         0x00000000   Number         0  gif.o ABSOLUTE
    ..\PICTURE\piclib.c                      0x00000000   Number         0  piclib.o ABSOLUTE
    ..\PICTURE\tjpgd.c                       0x00000000   Number         0  tjpgd.o ABSOLUTE
    ..\RFID-RC522\rc522.c                    0x00000000   Number         0  rc522.o ABSOLUTE
    ..\RFID-RC522\rc522_add.c                0x00000000   Number         0  rc522_add.o ABSOLUTE
    ..\SYSTEM\delay\delay.c                  0x00000000   Number         0  delay.o ABSOLUTE
    ..\SYSTEM\sys\sys.c                      0x00000000   Number         0  sys.o ABSOLUTE
    ..\SYSTEM\usart\usart.c                  0x00000000   Number         0  usart.o ABSOLUTE
    ..\TEXT\fontupd.c                        0x00000000   Number         0  fontupd.o ABSOLUTE
    ..\TEXT\text.c                           0x00000000   Number         0  text.o ABSOLUTE
    ..\USMART\usmart.c                       0x00000000   Number         0  usmart.o ABSOLUTE
    ..\USMART\usmart_config.c                0x00000000   Number         0  usmart_config.o ABSOLUTE
    ..\USMART\usmart_str.c                   0x00000000   Number         0  usmart_str.o ABSOLUTE
    ..\\SYSTEM\\sys\\sys.c                   0x00000000   Number         0  sys.o ABSOLUTE
    dc.s                                     0x00000000   Number         0  dc.o ABSOLUTE
    main.c                                   0x00000000   Number         0  main.o ABSOLUTE
    startup_stm32f10x_hd.s                   0x00000000   Number         0  startup_stm32f10x_hd.o ABSOLUTE
    RESET                                    0x08000000   Section      304  startup_stm32f10x_hd.o(RESET)
    !!!main                                  0x08000130   Section        8  __main.o(!!!main)
    !!!scatter                               0x08000138   Section       52  __scatter.o(!!!scatter)
    !!dczerorl2                              0x0800016c   Section       90  __dczerorl2.o(!!dczerorl2)
    !!handler_zi                             0x080001c8   Section       28  __scatter_zi.o(!!handler_zi)
    .ARM.Collect$$_printf_percent$$00000000  0x080001e4   Section        0  _printf_percent.o(.ARM.Collect$$_printf_percent$$00000000)
    .ARM.Collect$$_printf_percent$$00000009  0x080001e4   Section        6  _printf_d.o(.ARM.Collect$$_printf_percent$$00000009)
    .ARM.Collect$$_printf_percent$$0000000A  0x080001ea   Section        6  _printf_u.o(.ARM.Collect$$_printf_percent$$0000000A)
    .ARM.Collect$$_printf_percent$$0000000C  0x080001f0   Section        6  _printf_x.o(.ARM.Collect$$_printf_percent$$0000000C)
    .ARM.Collect$$_printf_percent$$00000013  0x080001f6   Section        6  _printf_c.o(.ARM.Collect$$_printf_percent$$00000013)
    .ARM.Collect$$_printf_percent$$00000014  0x080001fc   Section        6  _printf_s.o(.ARM.Collect$$_printf_percent$$00000014)
    .ARM.Collect$$_printf_percent$$00000017  0x08000202   Section        4  _printf_percent_end.o(.ARM.Collect$$_printf_percent$$00000017)
    .ARM.Collect$$libinit$$00000000          0x08000206   Section        2  libinit.o(.ARM.Collect$$libinit$$00000000)
    .ARM.Collect$$libinit$$00000002          0x08000208   Section        0  libinit2.o(.ARM.Collect$$libinit$$00000002)
    .ARM.Collect$$libinit$$00000004          0x08000208   Section        0  libinit2.o(.ARM.Collect$$libinit$$00000004)
    .ARM.Collect$$libinit$$0000000A          0x08000208   Section        0  libinit2.o(.ARM.Collect$$libinit$$0000000A)
    .ARM.Collect$$libinit$$0000000C          0x08000208   Section        0  libinit2.o(.ARM.Collect$$libinit$$0000000C)
    .ARM.Collect$$libinit$$0000000E          0x08000208   Section        0  libinit2.o(.ARM.Collect$$libinit$$0000000E)
    .ARM.Collect$$libinit$$00000011          0x08000208   Section        0  libinit2.o(.ARM.Collect$$libinit$$00000011)
    .ARM.Collect$$libinit$$00000013          0x08000208   Section        0  libinit2.o(.ARM.Collect$$libinit$$00000013)
    .ARM.Collect$$libinit$$00000015          0x08000208   Section        0  libinit2.o(.ARM.Collect$$libinit$$00000015)
    .ARM.Collect$$libinit$$00000017          0x08000208   Section        0  libinit2.o(.ARM.Collect$$libinit$$00000017)
    .ARM.Collect$$libinit$$00000019          0x08000208   Section        0  libinit2.o(.ARM.Collect$$libinit$$00000019)
    .ARM.Collect$$libinit$$0000001B          0x08000208   Section        0  libinit2.o(.ARM.Collect$$libinit$$0000001B)
    .ARM.Collect$$libinit$$0000001D          0x08000208   Section        0  libinit2.o(.ARM.Collect$$libinit$$0000001D)
    .ARM.Collect$$libinit$$0000001F          0x08000208   Section        0  libinit2.o(.ARM.Collect$$libinit$$0000001F)
    .ARM.Collect$$libinit$$00000021          0x08000208   Section        0  libinit2.o(.ARM.Collect$$libinit$$00000021)
    .ARM.Collect$$libinit$$00000023          0x08000208   Section        0  libinit2.o(.ARM.Collect$$libinit$$00000023)
    .ARM.Collect$$libinit$$00000025          0x08000208   Section        0  libinit2.o(.ARM.Collect$$libinit$$00000025)
    .ARM.Collect$$libinit$$0000002C          0x08000208   Section        0  libinit2.o(.ARM.Collect$$libinit$$0000002C)
    .ARM.Collect$$libinit$$0000002E          0x08000208   Section        0  libinit2.o(.ARM.Collect$$libinit$$0000002E)
    .ARM.Collect$$libinit$$00000030          0x08000208   Section        0  libinit2.o(.ARM.Collect$$libinit$$00000030)
    .ARM.Collect$$libinit$$00000032          0x08000208   Section        0  libinit2.o(.ARM.Collect$$libinit$$00000032)
    .ARM.Collect$$libinit$$00000033          0x08000208   Section        2  libinit2.o(.ARM.Collect$$libinit$$00000033)
    .ARM.Collect$$libshutdown$$00000000      0x0800020a   Section        2  libshutdown.o(.ARM.Collect$$libshutdown$$00000000)
    .ARM.Collect$$libshutdown$$00000002      0x0800020c   Section        0  libshutdown2.o(.ARM.Collect$$libshutdown$$00000002)
    .ARM.Collect$$libshutdown$$00000004      0x0800020c   Section        0  libshutdown2.o(.ARM.Collect$$libshutdown$$00000004)
    .ARM.Collect$$libshutdown$$00000007      0x0800020c   Section        0  libshutdown2.o(.ARM.Collect$$libshutdown$$00000007)
    .ARM.Collect$$libshutdown$$0000000A      0x0800020c   Section        0  libshutdown2.o(.ARM.Collect$$libshutdown$$0000000A)
    .ARM.Collect$$libshutdown$$0000000C      0x0800020c   Section        0  libshutdown2.o(.ARM.Collect$$libshutdown$$0000000C)
    .ARM.Collect$$libshutdown$$0000000F      0x0800020c   Section        0  libshutdown2.o(.ARM.Collect$$libshutdown$$0000000F)
    .ARM.Collect$$libshutdown$$00000010      0x0800020c   Section        2  libshutdown2.o(.ARM.Collect$$libshutdown$$00000010)
    .ARM.Collect$$rtentry$$00000000          0x0800020e   Section        0  __rtentry.o(.ARM.Collect$$rtentry$$00000000)
    .ARM.Collect$$rtentry$$00000002          0x0800020e   Section        0  __rtentry2.o(.ARM.Collect$$rtentry$$00000002)
    .ARM.Collect$$rtentry$$00000004          0x0800020e   Section        6  __rtentry4.o(.ARM.Collect$$rtentry$$00000004)
    .ARM.Collect$$rtentry$$00000009          0x08000214   Section        0  __rtentry2.o(.ARM.Collect$$rtentry$$00000009)
    .ARM.Collect$$rtentry$$0000000A          0x08000214   Section        4  __rtentry2.o(.ARM.Collect$$rtentry$$0000000A)
    .ARM.Collect$$rtentry$$0000000C          0x08000218   Section        0  __rtentry2.o(.ARM.Collect$$rtentry$$0000000C)
    .ARM.Collect$$rtentry$$0000000D          0x08000218   Section        8  __rtentry2.o(.ARM.Collect$$rtentry$$0000000D)
    .ARM.Collect$$rtexit$$00000000           0x08000220   Section        2  rtexit.o(.ARM.Collect$$rtexit$$00000000)
    .ARM.Collect$$rtexit$$00000002           0x08000222   Section        0  rtexit2.o(.ARM.Collect$$rtexit$$00000002)
    .ARM.Collect$$rtexit$$00000003           0x08000222   Section        4  rtexit2.o(.ARM.Collect$$rtexit$$00000003)
    .ARM.Collect$$rtexit$$00000004           0x08000226   Section        6  rtexit2.o(.ARM.Collect$$rtexit$$00000004)
    .text                                    0x0800022c   Section       56  startup_stm32f10x_hd.o(.text)
    .text                                    0x08000264   Section        2  use_no_semi_2.o(.text)
    .text                                    0x08000268   Section        0  __2printf.o(.text)
    .text                                    0x08000280   Section        0  _printf_pad.o(.text)
    .text                                    0x080002ce   Section        0  _printf_str.o(.text)
    .text                                    0x08000320   Section        0  _printf_dec.o(.text)
    .text                                    0x08000398   Section        0  _printf_hex_int_ll_ptr.o(.text)
    _printf_hex_common                       0x08000399   Thumb Code     0  _printf_hex_int_ll_ptr.o(.text)
    .text                                    0x0800042c   Section        0  __printf_flags_ss_wp.o(.text)
    .text                                    0x080005b4   Section        0  exit.o(.text)
    .text                                    0x080005c6   Section        0  strstr.o(.text)
    .text                                    0x080005ea   Section        0  heapauxi.o(.text)
    .text                                    0x080005f0   Section        2  use_no_semi.o(.text)
    .text                                    0x080005f2   Section        0  _printf_intcommon.o(.text)
    .text                                    0x080006a4   Section        0  _printf_char_common.o(.text)
    _printf_input_char                       0x080006a5   Thumb Code    10  _printf_char_common.o(.text)
    .text                                    0x080006d4   Section        0  _printf_char.o(.text)
    .text                                    0x08000700   Section        0  _printf_char_file.o(.text)
    .text                                    0x08000724   Section        0  ferror.o(.text)
    .text                                    0x0800072c   Section        8  libspace.o(.text)
    .text                                    0x08000734   Section       74  sys_stackheap_outer.o(.text)
    i.CalulateCRC                            0x0800077e   Section        0  rc522.o(i.CalulateCRC)
    i.ClearBitMask                           0x080007ea   Section        0  rc522.o(i.ClearBitMask)
    i.EnsureMessage                          0x08000808   Section        0  as608.o(i.EnsureMessage)
    i.InitAlldata                            0x08000a78   Section        0  rc522_add.o(i.InitAlldata)
    i.InitRc522                              0x08000aa8   Section        0  rc522.o(i.InitRc522)
    i.Is_Leap_Year                           0x08000ac2   Section        0  rtc.o(i.Is_Leap_Year)
    i.JTAG_Set                               0x08000afc   Section        0  sys.o(i.JTAG_Set)
    i.JudgeStr                               0x08000b2c   Section        0  as608.o(i.JudgeStr)
    JudgeStr                                 0x08000b2d   Thumb Code   122  as608.o(i.JudgeStr)
    i.KEY_Init                               0x08000bb4   Section        0  key.o(i.KEY_Init)
    i.LCD_Clear                              0x08000c3c   Section        0  ili93xx.o(i.LCD_Clear)
    i.LCD_Display_Dir                        0x08000cc4   Section        0  ili93xx.o(i.LCD_Display_Dir)
    i.LCD_Init                               0x08000e84   Section        0  ili93xx.o(i.LCD_Init)
    i.LCD_RD_DATA                            0x08004a64   Section        0  ili93xx.o(i.LCD_RD_DATA)
    i.LCD_ReadReg                            0x08004ad4   Section        0  ili93xx.o(i.LCD_ReadReg)
    i.LCD_SSD_BackLightSet                   0x08004ae4   Section        0  ili93xx.o(i.LCD_SSD_BackLightSet)
    i.LCD_Scan_Dir                           0x08004bb8   Section        0  ili93xx.o(i.LCD_Scan_Dir)
    i.LCD_SetCursor                          0x08005010   Section        0  ili93xx.o(i.LCD_SetCursor)
    i.LCD_WR_DATAX                           0x080053cc   Section        0  ili93xx.o(i.LCD_WR_DATAX)
    i.LCD_WR_REG                             0x080053f0   Section        0  ili93xx.o(i.LCD_WR_REG)
    i.LCD_WriteRAM_Prepare                   0x08005414   Section        0  ili93xx.o(i.LCD_WriteRAM_Prepare)
    i.LCD_WriteReg                           0x08005424   Section        0  ili93xx.o(i.LCD_WriteReg)
    i.LED_Init                               0x08005454   Section        0  led.o(i.LED_Init)
    i.M500PcdConfigISOType                   0x080054c4   Section        0  rc522.o(i.M500PcdConfigISOType)
    i.MYRCC_DeInit                           0x08005524   Section        0  sys.o(i.MYRCC_DeInit)
    i.MYUSART_SendData                       0x0800558c   Section        0  as608.o(i.MYUSART_SendData)
    MYUSART_SendData                         0x0800558d   Thumb Code    22  as608.o(i.MYUSART_SendData)
    i.MY_NVIC_Init                           0x080055a8   Section        0  sys.o(i.MY_NVIC_Init)
    i.MY_NVIC_PriorityGroupConfig            0x08005620   Section        0  sys.o(i.MY_NVIC_PriorityGroupConfig)
    i.MY_NVIC_SetVectorTable                 0x08005648   Section        0  sys.o(i.MY_NVIC_SetVectorTable)
    i.PS_ReadSysPara                         0x0800565c   Section        0  as608.o(i.PS_ReadSysPara)
    i.PS_SetAddr                             0x0800574c   Section        0  as608.o(i.PS_SetAddr)
    i.PS_ValidTempleteNum                    0x08005800   Section        0  as608.o(i.PS_ValidTempleteNum)
    i.PS_WriteReg                            0x08005888   Section        0  as608.o(i.PS_WriteReg)
    i.PcdAntennaOff                          0x08005910   Section        0  rc522.o(i.PcdAntennaOff)
    i.PcdAntennaOn                           0x0800591c   Section        0  rc522.o(i.PcdAntennaOn)
    i.PcdAnticoll                            0x08005936   Section        0  rc522.o(i.PcdAnticoll)
    i.PcdAuthState                           0x080059a6   Section        0  rc522.o(i.PcdAuthState)
    i.PcdComMF522                            0x080059fc   Section        0  rc522.o(i.PcdComMF522)
    i.PcdHalt                                0x08005b3a   Section        0  rc522.o(i.PcdHalt)
    i.PcdRead                                0x08005b6e   Section        0  rc522.o(i.PcdRead)
    i.PcdRequest                             0x08005bc4   Section        0  rc522.o(i.PcdRequest)
    i.PcdReset                               0x08005c1c   Section        0  rc522.o(i.PcdReset)
    i.PcdSelect                              0x08005c94   Section        0  rc522.o(i.PcdSelect)
    i.PcdWrite                               0x08005d08   Section        0  rc522.o(i.PcdWrite)
    i.RC522_work                             0x08005d9e   Section        0  rc522_add.o(i.RC522_work)
    i.RTC_Get                                0x08005da8   Section        0  rtc.o(i.RTC_Get)
    i.RTC_Get_Week                           0x08005eb0   Section        0  rtc.o(i.RTC_Get_Week)
    i.RTC_IRQHandler                         0x08005f28   Section        0  rtc.o(i.RTC_IRQHandler)
    i.ReadRawRC                              0x08005f70   Section        0  rc522.o(i.ReadRawRC)
    i.Read_cardID                            0x08005fa4   Section        0  rc522_add.o(i.Read_cardID)
    i.SPI2_Init                              0x08005fb4   Section        0  rc522.o(i.SPI2_Init)
    i.SPIWriteByte                           0x08006074   Section        0  rc522.o(i.SPIWriteByte)
    i.SendAddr                               0x080060a8   Section        0  as608.o(i.SendAddr)
    SendAddr                                 0x080060a9   Thumb Code    46  as608.o(i.SendAddr)
    i.SendCheck                              0x080060dc   Section        0  as608.o(i.SendCheck)
    SendCheck                                0x080060dd   Thumb Code    18  as608.o(i.SendCheck)
    i.SendFlag                               0x080060ee   Section        0  as608.o(i.SendFlag)
    SendFlag                                 0x080060ef   Thumb Code    12  as608.o(i.SendFlag)
    i.SendHead                               0x080060fa   Section        0  as608.o(i.SendHead)
    SendHead                                 0x080060fb   Thumb Code    16  as608.o(i.SendHead)
    i.SendLength                             0x0800610a   Section        0  as608.o(i.SendLength)
    SendLength                               0x0800610b   Thumb Code    20  as608.o(i.SendLength)
    i.Sendcmd                                0x0800611e   Section        0  as608.o(i.Sendcmd)
    Sendcmd                                  0x0800611f   Thumb Code    12  as608.o(i.Sendcmd)
    i.SetBitMask                             0x0800612a   Section        0  rc522.o(i.SetBitMask)
    i.Stm32_Clock_Init                       0x08006148   Section        0  sys.o(i.Stm32_Clock_Init)
    i.TIM2_IRQHandler                        0x080061d8   Section        0  usmart.o(i.TIM2_IRQHandler)
    i.TIM4_IRQHandler                        0x08006210   Section        0  timer.o(i.TIM4_IRQHandler)
    i.Timer2_Init                            0x0800624c   Section        0  usmart.o(i.Timer2_Init)
    i.UART1_SendByte                         0x0800628c   Section        0  rc522_add.o(i.UART1_SendByte)
    i.USART1_IRQHandler                      0x080062ac   Section        0  usart.o(i.USART1_IRQHandler)
    i.USART2_IRQHandler                      0x08006330   Section        0  usart2.o(i.USART2_IRQHandler)
    i.WriteRawRC                             0x080063a0   Section        0  rc522.o(i.WriteRawRC)
    i._is_digit                              0x080063cc   Section        0  __printf_wp.o(i._is_digit)
    i._sys_exit                              0x080063da   Section        0  usart.o(i._sys_exit)
    i.command_choose                         0x080063e0   Section        0  rc522_add.o(i.command_choose)
    i.ctrlprocess                            0x0800643c   Section        0  rc522_add.o(i.ctrlprocess)
    i.delay_init                             0x080065dc   Section        0  delay.o(i.delay_init)
    i.delay_ms                               0x0800661c   Section        0  delay.o(i.delay_ms)
    i.delay_ns                               0x08006658   Section        0  rc522.o(i.delay_ns)
    i.delay_us                               0x0800666c   Section        0  delay.o(i.delay_us)
    i.fputc                                  0x080066a8   Section        0  usart.o(i.fputc)
    i.main                                   0x080066c4   Section        0  main.o(i.main)
    i.uart_init                              0x08006740   Section        0  usart.o(i.uart_init)
    i.usmart_cmd_rec                         0x0800681c   Section        0  usmart.o(i.usmart_cmd_rec)
    i.usmart_exe                             0x080068cc   Section        0  usmart.o(i.usmart_exe)
    i.usmart_get_aparm                       0x08006ba4   Section        0  usmart_str.o(i.usmart_get_aparm)
    i.usmart_get_cmdname                     0x08006c6c   Section        0  usmart_str.o(i.usmart_get_cmdname)
    i.usmart_get_fname                       0x08006ca4   Section        0  usmart_str.o(i.usmart_get_fname)
    i.usmart_get_fparam                      0x08006e64   Section        0  usmart_str.o(i.usmart_get_fparam)
    i.usmart_get_parmpos                     0x08006f70   Section        0  usmart_str.o(i.usmart_get_parmpos)
    i.usmart_get_runtime                     0x08006f90   Section        0  usmart.o(i.usmart_get_runtime)
    i.usmart_init                            0x08006fd0   Section        0  usmart.o(i.usmart_init)
    i.usmart_pow                             0x08006ff8   Section        0  usmart_str.o(i.usmart_pow)
    i.usmart_reset_runtime                   0x08007010   Section        0  usmart.o(i.usmart_reset_runtime)
    i.usmart_scan                            0x08007038   Section        0  usmart.o(i.usmart_scan)
    i.usmart_search_nextc                    0x080070f4   Section        0  usmart_str.o(i.usmart_search_nextc)
    i.usmart_str2num                         0x0800710a   Section        0  usmart_str.o(i.usmart_str2num)
    i.usmart_strcmp                          0x080071d4   Section        0  usmart_str.o(i.usmart_strcmp)
    i.usmart_strcopy                         0x080071f6   Section        0  usmart_str.o(i.usmart_strcopy)
    i.usmart_strlen                          0x0800720c   Section        0  usmart_str.o(i.usmart_strlen)
    i.usmart_sys_cmd_exe                     0x08007224   Section        0  usmart.o(i.usmart_sys_cmd_exe)
    x$fpl$dfixu                              0x08007908   Section       90  dfixu.o(x$fpl$dfixu)
    x$fpl$dfltu                              0x08007962   Section       38  dflt_clz.o(x$fpl$dfltu)
    x$fpl$dmul                               0x08007988   Section      340  dmul.o(x$fpl$dmul)
    x$fpl$dnaninf                            0x08007adc   Section      156  dnaninf.o(x$fpl$dnaninf)
    x$fpl$dretinf                            0x08007b78   Section       12  dretinf.o(x$fpl$dretinf)
    x$fpl$fadd                               0x08007b84   Section      196  faddsub_clz.o(x$fpl$fadd)
    _fadd1                                   0x08007b93   Thumb Code     0  faddsub_clz.o(x$fpl$fadd)
    x$fpl$fdiv                               0x08007c48   Section      388  fdiv.o(x$fpl$fdiv)
    _fdiv1                                   0x08007c49   Thumb Code     0  fdiv.o(x$fpl$fdiv)
    x$fpl$ffixu                              0x08007dcc   Section       62  ffixu.o(x$fpl$ffixu)
    x$fpl$ffltu                              0x08007e0c   Section       38  fflt_clz.o(x$fpl$ffltu)
    x$fpl$fmul                               0x08007e34   Section      258  fmul.o(x$fpl$fmul)
    x$fpl$fnaninf                            0x08007f36   Section      140  fnaninf.o(x$fpl$fnaninf)
    x$fpl$fretinf                            0x08007fc2   Section       10  fretinf.o(x$fpl$fretinf)
    x$fpl$frsb                               0x08007fcc   Section       20  faddsub_clz.o(x$fpl$frsb)
    x$fpl$fsub                               0x08007fe0   Section      234  faddsub_clz.o(x$fpl$fsub)
    _fsub1                                   0x08007fef   Thumb Code     0  faddsub_clz.o(x$fpl$fsub)
    .constdata                               0x080080ca   Section       24  rtc.o(.constdata)
    x$fpl$usenofp                            0x080080ca   Section        0  usenofp.o(x$fpl$usenofp)
    .constdata                               0x080080e2   Section       40  _printf_hex_int_ll_ptr.o(.constdata)
    uc_hextab                                0x080080e2   Data          20  _printf_hex_int_ll_ptr.o(.constdata)
    lc_hextab                                0x080080f6   Data          20  _printf_hex_int_ll_ptr.o(.constdata)
    .constdata                               0x0800810a   Section       17  __printf_flags_ss_wp.o(.constdata)
    maptable                                 0x0800810a   Data          17  __printf_flags_ss_wp.o(.constdata)
    .conststring                             0x0800811c   Section       40  usmart.o(.conststring)
    .conststring                             0x08008144   Section      235  usmart_config.o(.conststring)
    .data                                    0x20000000   Section        4  delay.o(.data)
    fac_us                                   0x20000000   Data           1  delay.o(.data)
    fac_ms                                   0x20000002   Data           2  delay.o(.data)
    .data                                    0x20000004   Section        6  usart.o(.data)
    .data                                    0x2000000a   Section        2  usart2.o(.data)
    .data                                    0x2000000c   Section        4  as608.o(.data)
    .data                                    0x20000010   Section        2  rtc.o(.data)
    daycnt                                   0x20000010   Data           2  rtc.o(.data)
    .data                                    0x20000014   Section       28  usmart.o(.data)
    .data                                    0x20000030   Section      276  usmart_config.o(.data)
    .data                                    0x20000148   Section       40  rc522_add.o(.data)
    .bss                                     0x20000170   Section      200  usart.o(.bss)
    .bss                                     0x20000238   Section       14  ili93xx.o(.bss)
    .bss                                     0x20000246   Section     1600  usart2.o(.bss)
    .bss                                     0x20000886   Section       10  rtc.o(.bss)
    .bss                                     0x20000890   Section       78  rc522_add.o(.bss)
    .bss                                     0x200008e0   Section       96  libspace.o(.bss)
    HEAP                                     0x20000940   Section      512  startup_stm32f10x_hd.o(HEAP)
    Heap_Mem                                 0x20000940   Data         512  startup_stm32f10x_hd.o(HEAP)
    STACK                                    0x20000b40   Section     1024  startup_stm32f10x_hd.o(STACK)
    Stack_Mem                                0x20000b40   Data        1024  startup_stm32f10x_hd.o(STACK)
    __initial_sp                             0x20000f40   Data           0  startup_stm32f10x_hd.o(STACK)

    Global Symbols

    Symbol Name                              Value     Ov Type        Size  Object(Section)

    BuildAttributes$$THM_ISAv4$P$D$K$B$S$PE$A:L22UL41UL21$X:L11$S22US41US21$IEEE1$IW$USESV6$~STKCKD$USESV7$~SHL$OTIME$ROPI$IEEEJ$EBA8$UX$STANDARDLIB$REQ8$PRES8$EABIv2 0x00000000   Number         0  anon$$obj.o ABSOLUTE
    __ARM_use_no_argv                        0x00000000   Number         0  main.o ABSOLUTE
    _printf_flags                            0x00000000   Number         0  printf_stubs.o ABSOLUTE
    _printf_return_value                     0x00000000   Number         0  printf_stubs.o ABSOLUTE
    _printf_sizespec                         0x00000000   Number         0  printf_stubs.o ABSOLUTE
    _printf_widthprec                        0x00000000   Number         0  printf_stubs.o ABSOLUTE
    __ARM_exceptions_init                     - Undefined Weak Reference
    __alloca_initialize                       - Undefined Weak Reference
    __arm_preinit_                            - Undefined Weak Reference
    __cpp_initialize__aeabi_                  - Undefined Weak Reference
    __cxa_finalize                            - Undefined Weak Reference
    __sigvec_lookup                           - Undefined Weak Reference
    _atexit_init                              - Undefined Weak Reference
    _call_atexit_fns                          - Undefined Weak Reference
    _clock_init                               - Undefined Weak Reference
    _fp_trap_init                             - Undefined Weak Reference
    _fp_trap_shutdown                         - Undefined Weak Reference
    _get_lc_collate                           - Undefined Weak Reference
    _get_lc_monetary                          - Undefined Weak Reference
    _get_lc_time                              - Undefined Weak Reference
    _getenv_init                              - Undefined Weak Reference
    _handle_redirection                       - Undefined Weak Reference
    _init_alloc                               - Undefined Weak Reference
    _init_user_alloc                          - Undefined Weak Reference
    _initio                                   - Undefined Weak Reference
    _mutex_acquire                            - Undefined Weak Reference
    _mutex_release                            - Undefined Weak Reference
    _printf_fp_hex                            - Undefined Weak Reference
    _printf_mbtowc                            - Undefined Weak Reference
    _printf_wc                                - Undefined Weak Reference
    _rand_init                                - Undefined Weak Reference
    _signal_finish                            - Undefined Weak Reference
    _signal_init                              - Undefined Weak Reference
    _terminate_alloc                          - Undefined Weak Reference
    _terminate_user_alloc                     - Undefined Weak Reference
    _terminateio                              - Undefined Weak Reference
    __Vectors_Size                           0x00000130   Number         0  startup_stm32f10x_hd.o ABSOLUTE
    __Vectors                                0x08000000   Data           4  startup_stm32f10x_hd.o(RESET)
    __Vectors_End                            0x08000130   Data           0  startup_stm32f10x_hd.o(RESET)
    __main                                   0x08000131   Thumb Code     8  __main.o(!!!main)
    __scatterload                            0x08000139   Thumb Code     0  __scatter.o(!!!scatter)
    __scatterload_rt2                        0x08000139   Thumb Code    44  __scatter.o(!!!scatter)
    __scatterload_rt2_thumb_only             0x08000139   Thumb Code     0  __scatter.o(!!!scatter)
    __scatterload_null                       0x08000147   Thumb Code     0  __scatter.o(!!!scatter)
    __decompress                             0x0800016d   Thumb Code    90  __dczerorl2.o(!!dczerorl2)
    __decompress1                            0x0800016d   Thumb Code     0  __dczerorl2.o(!!dczerorl2)
    __scatterload_zeroinit                   0x080001c9   Thumb Code    28  __scatter_zi.o(!!handler_zi)
    _printf_d                                0x080001e5   Thumb Code     0  _printf_d.o(.ARM.Collect$$_printf_percent$$00000009)
    _printf_percent                          0x080001e5   Thumb Code     0  _printf_percent.o(.ARM.Collect$$_printf_percent$$00000000)
    _printf_u                                0x080001eb   Thumb Code     0  _printf_u.o(.ARM.Collect$$_printf_percent$$0000000A)
    _printf_x                                0x080001f1   Thumb Code     0  _printf_x.o(.ARM.Collect$$_printf_percent$$0000000C)
    _printf_c                                0x080001f7   Thumb Code     0  _printf_c.o(.ARM.Collect$$_printf_percent$$00000013)
    _printf_s                                0x080001fd   Thumb Code     0  _printf_s.o(.ARM.Collect$$_printf_percent$$00000014)
    _printf_percent_end                      0x08000203   Thumb Code     0  _printf_percent_end.o(.ARM.Collect$$_printf_percent$$00000017)
    __rt_lib_init                            0x08000207   Thumb Code     0  libinit.o(.ARM.Collect$$libinit$$00000000)
    __rt_lib_init_alloca_1                   0x08000209   Thumb Code     0  libinit2.o(.ARM.Collect$$libinit$$0000002E)
    __rt_lib_init_argv_1                     0x08000209   Thumb Code     0  libinit2.o(.ARM.Collect$$libinit$$0000002C)
    __rt_lib_init_atexit_1                   0x08000209   Thumb Code     0  libinit2.o(.ARM.Collect$$libinit$$0000001B)
    __rt_lib_init_clock_1                    0x08000209   Thumb Code     0  libinit2.o(.ARM.Collect$$libinit$$00000021)
    __rt_lib_init_cpp_1                      0x08000209   Thumb Code     0  libinit2.o(.ARM.Collect$$libinit$$00000032)
    __rt_lib_init_exceptions_1               0x08000209   Thumb Code     0  libinit2.o(.ARM.Collect$$libinit$$00000030)
    __rt_lib_init_fp_1                       0x08000209   Thumb Code     0  libinit2.o(.ARM.Collect$$libinit$$00000002)
    __rt_lib_init_fp_trap_1                  0x08000209   Thumb Code     0  libinit2.o(.ARM.Collect$$libinit$$0000001F)
    __rt_lib_init_getenv_1                   0x08000209   Thumb Code     0  libinit2.o(.ARM.Collect$$libinit$$00000023)
    __rt_lib_init_heap_1                     0x08000209   Thumb Code     0  libinit2.o(.ARM.Collect$$libinit$$0000000A)
    __rt_lib_init_lc_collate_1               0x08000209   Thumb Code     0  libinit2.o(.ARM.Collect$$libinit$$00000011)
    __rt_lib_init_lc_ctype_1                 0x08000209   Thumb Code     0  libinit2.o(.ARM.Collect$$libinit$$00000013)
    __rt_lib_init_lc_monetary_1              0x08000209   Thumb Code     0  libinit2.o(.ARM.Collect$$libinit$$00000015)
    __rt_lib_init_lc_numeric_1               0x08000209   Thumb Code     0  libinit2.o(.ARM.Collect$$libinit$$00000017)
    __rt_lib_init_lc_time_1                  0x08000209   Thumb Code     0  libinit2.o(.ARM.Collect$$libinit$$00000019)
    __rt_lib_init_preinit_1                  0x08000209   Thumb Code     0  libinit2.o(.ARM.Collect$$libinit$$00000004)
    __rt_lib_init_rand_1                     0x08000209   Thumb Code     0  libinit2.o(.ARM.Collect$$libinit$$0000000E)
    __rt_lib_init_return                     0x08000209   Thumb Code     0  libinit2.o(.ARM.Collect$$libinit$$00000033)
    __rt_lib_init_signal_1                   0x08000209   Thumb Code     0  libinit2.o(.ARM.Collect$$libinit$$0000001D)
    __rt_lib_init_stdio_1                    0x08000209   Thumb Code     0  libinit2.o(.ARM.Collect$$libinit$$00000025)
    __rt_lib_init_user_alloc_1               0x08000209   Thumb Code     0  libinit2.o(.ARM.Collect$$libinit$$0000000C)
    __rt_lib_shutdown                        0x0800020b   Thumb Code     0  libshutdown.o(.ARM.Collect$$libshutdown$$00000000)
    __rt_lib_shutdown_cpp_1                  0x0800020d   Thumb Code     0  libshutdown2.o(.ARM.Collect$$libshutdown$$00000002)
    __rt_lib_shutdown_fp_trap_1              0x0800020d   Thumb Code     0  libshutdown2.o(.ARM.Collect$$libshutdown$$00000007)
    __rt_lib_shutdown_heap_1                 0x0800020d   Thumb Code     0  libshutdown2.o(.ARM.Collect$$libshutdown$$0000000F)
    __rt_lib_shutdown_return                 0x0800020d   Thumb Code     0  libshutdown2.o(.ARM.Collect$$libshutdown$$00000010)
    __rt_lib_shutdown_signal_1               0x0800020d   Thumb Code     0  libshutdown2.o(.ARM.Collect$$libshutdown$$0000000A)
    __rt_lib_shutdown_stdio_1                0x0800020d   Thumb Code     0  libshutdown2.o(.ARM.Collect$$libshutdown$$00000004)
    __rt_lib_shutdown_user_alloc_1           0x0800020d   Thumb Code     0  libshutdown2.o(.ARM.Collect$$libshutdown$$0000000C)
    __rt_entry                               0x0800020f   Thumb Code     0  __rtentry.o(.ARM.Collect$$rtentry$$00000000)
    __rt_entry_presh_1                       0x0800020f   Thumb Code     0  __rtentry2.o(.ARM.Collect$$rtentry$$00000002)
    __rt_entry_sh                            0x0800020f   Thumb Code     0  __rtentry4.o(.ARM.Collect$$rtentry$$00000004)
    __rt_entry_li                            0x08000215   Thumb Code     0  __rtentry2.o(.ARM.Collect$$rtentry$$0000000A)
    __rt_entry_postsh_1                      0x08000215   Thumb Code     0  __rtentry2.o(.ARM.Collect$$rtentry$$00000009)
    __rt_entry_main                          0x08000219   Thumb Code     0  __rtentry2.o(.ARM.Collect$$rtentry$$0000000D)
    __rt_entry_postli_1                      0x08000219   Thumb Code     0  __rtentry2.o(.ARM.Collect$$rtentry$$0000000C)
    __rt_exit                                0x08000221   Thumb Code     0  rtexit.o(.ARM.Collect$$rtexit$$00000000)
    __rt_exit_ls                             0x08000223   Thumb Code     0  rtexit2.o(.ARM.Collect$$rtexit$$00000003)
    __rt_exit_prels_1                        0x08000223   Thumb Code     0  rtexit2.o(.ARM.Collect$$rtexit$$00000002)
    __rt_exit_exit                           0x08000227   Thumb Code     0  rtexit2.o(.ARM.Collect$$rtexit$$00000004)
    Reset_Handler                            0x0800022d   Thumb Code     4  startup_stm32f10x_hd.o(.text)
    NMI_Handler                              0x08000231   Thumb Code     2  startup_stm32f10x_hd.o(.text)
    HardFault_Handler                        0x08000233   Thumb Code     2  startup_stm32f10x_hd.o(.text)
    MemManage_Handler                        0x08000235   Thumb Code     2  startup_stm32f10x_hd.o(.text)
    BusFault_Handler                         0x08000237   Thumb Code     2  startup_stm32f10x_hd.o(.text)
    UsageFault_Handler                       0x08000239   Thumb Code     2  startup_stm32f10x_hd.o(.text)
    SVC_Handler                              0x0800023b   Thumb Code     2  startup_stm32f10x_hd.o(.text)
    DebugMon_Handler                         0x0800023d   Thumb Code     2  startup_stm32f10x_hd.o(.text)
    PendSV_Handler                           0x0800023f   Thumb Code     2  startup_stm32f10x_hd.o(.text)
    SysTick_Handler                          0x08000241   Thumb Code     2  startup_stm32f10x_hd.o(.text)
    ADC1_2_IRQHandler                        0x08000243   Thumb Code     0  startup_stm32f10x_hd.o(.text)
    ADC3_IRQHandler                          0x08000243   Thumb Code     0  startup_stm32f10x_hd.o(.text)
    CAN1_RX1_IRQHandler                      0x08000243   Thumb Code     0  startup_stm32f10x_hd.o(.text)
    CAN1_SCE_IRQHandler                      0x08000243   Thumb Code     0  startup_stm32f10x_hd.o(.text)
    DMA1_Channel1_IRQHandler                 0x08000243   Thumb Code     0  startup_stm32f10x_hd.o(.text)
    DMA1_Channel2_IRQHandler                 0x08000243   Thumb Code     0  startup_stm32f10x_hd.o(.text)
    DMA1_Channel3_IRQHandler                 0x08000243   Thumb Code     0  startup_stm32f10x_hd.o(.text)
    DMA1_Channel4_IRQHandler                 0x08000243   Thumb Code     0  startup_stm32f10x_hd.o(.text)
    DMA1_Channel5_IRQHandler                 0x08000243   Thumb Code     0  startup_stm32f10x_hd.o(.text)
    DMA1_Channel6_IRQHandler                 0x08000243   Thumb Code     0  startup_stm32f10x_hd.o(.text)
    DMA1_Channel7_IRQHandler                 0x08000243   Thumb Code     0  startup_stm32f10x_hd.o(.text)
    DMA2_Channel1_IRQHandler                 0x08000243   Thumb Code     0  startup_stm32f10x_hd.o(.text)
    DMA2_Channel2_IRQHandler                 0x08000243   Thumb Code     0  startup_stm32f10x_hd.o(.text)
    DMA2_Channel3_IRQHandler                 0x08000243   Thumb Code     0  startup_stm32f10x_hd.o(.text)
    DMA2_Channel4_5_IRQHandler               0x08000243   Thumb Code     0  startup_stm32f10x_hd.o(.text)
    EXTI0_IRQHandler                         0x08000243   Thumb Code     0  startup_stm32f10x_hd.o(.text)
    EXTI15_10_IRQHandler                     0x08000243   Thumb Code     0  startup_stm32f10x_hd.o(.text)
    EXTI1_IRQHandler                         0x08000243   Thumb Code     0  startup_stm32f10x_hd.o(.text)
    EXTI2_IRQHandler                         0x08000243   Thumb Code     0  startup_stm32f10x_hd.o(.text)
    EXTI3_IRQHandler                         0x08000243   Thumb Code     0  startup_stm32f10x_hd.o(.text)
    EXTI4_IRQHandler                         0x08000243   Thumb Code     0  startup_stm32f10x_hd.o(.text)
    EXTI9_5_IRQHandler                       0x08000243   Thumb Code     0  startup_stm32f10x_hd.o(.text)
    FLASH_IRQHandler                         0x08000243   Thumb Code     0  startup_stm32f10x_hd.o(.text)
    FSMC_IRQHandler                          0x08000243   Thumb Code     0  startup_stm32f10x_hd.o(.text)
    I2C1_ER_IRQHandler                       0x08000243   Thumb Code     0  startup_stm32f10x_hd.o(.text)
    I2C1_EV_IRQHandler                       0x08000243   Thumb Code     0  startup_stm32f10x_hd.o(.text)
    I2C2_ER_IRQHandler                       0x08000243   Thumb Code     0  startup_stm32f10x_hd.o(.text)
    I2C2_EV_IRQHandler                       0x08000243   Thumb Code     0  startup_stm32f10x_hd.o(.text)
    PVD_IRQHandler                           0x08000243   Thumb Code     0  startup_stm32f10x_hd.o(.text)
    RCC_IRQHandler                           0x08000243   Thumb Code     0  startup_stm32f10x_hd.o(.text)
    RTCAlarm_IRQHandler                      0x08000243   Thumb Code     0  startup_stm32f10x_hd.o(.text)
    SDIO_IRQHandler                          0x08000243   Thumb Code     0  startup_stm32f10x_hd.o(.text)
    SPI1_IRQHandler                          0x08000243   Thumb Code     0  startup_stm32f10x_hd.o(.text)
    SPI2_IRQHandler                          0x08000243   Thumb Code     0  startup_stm32f10x_hd.o(.text)
    SPI3_IRQHandler                          0x08000243   Thumb Code     0  startup_stm32f10x_hd.o(.text)
    TAMPER_IRQHandler                        0x08000243   Thumb Code     0  startup_stm32f10x_hd.o(.text)
    TIM1_BRK_IRQHandler                      0x08000243   Thumb Code     0  startup_stm32f10x_hd.o(.text)
    TIM1_CC_IRQHandler                       0x08000243   Thumb Code     0  startup_stm32f10x_hd.o(.text)
    TIM1_TRG_COM_IRQHandler                  0x08000243   Thumb Code     0  startup_stm32f10x_hd.o(.text)
    TIM1_UP_IRQHandler                       0x08000243   Thumb Code     0  startup_stm32f10x_hd.o(.text)
    TIM3_IRQHandler                          0x08000243   Thumb Code     0  startup_stm32f10x_hd.o(.text)
    TIM5_IRQHandler                          0x08000243   Thumb Code     0  startup_stm32f10x_hd.o(.text)
    TIM6_IRQHandler                          0x08000243   Thumb Code     0  startup_stm32f10x_hd.o(.text)
    TIM7_IRQHandler                          0x08000243   Thumb Code     0  startup_stm32f10x_hd.o(.text)
    TIM8_BRK_IRQHandler                      0x08000243   Thumb Code     0  startup_stm32f10x_hd.o(.text)
    TIM8_CC_IRQHandler                       0x08000243   Thumb Code     0  startup_stm32f10x_hd.o(.text)
    TIM8_TRG_COM_IRQHandler                  0x08000243   Thumb Code     0  startup_stm32f10x_hd.o(.text)
    TIM8_UP_IRQHandler                       0x08000243   Thumb Code     0  startup_stm32f10x_hd.o(.text)
    UART4_IRQHandler                         0x08000243   Thumb Code     0  startup_stm32f10x_hd.o(.text)
    UART5_IRQHandler                         0x08000243   Thumb Code     0  startup_stm32f10x_hd.o(.text)
    USART3_IRQHandler                        0x08000243   Thumb Code     0  startup_stm32f10x_hd.o(.text)
    USBWakeUp_IRQHandler                     0x08000243   Thumb Code     0  startup_stm32f10x_hd.o(.text)
    USB_HP_CAN1_TX_IRQHandler                0x08000243   Thumb Code     0  startup_stm32f10x_hd.o(.text)
    USB_LP_CAN1_RX0_IRQHandler               0x08000243   Thumb Code     0  startup_stm32f10x_hd.o(.text)
    WWDG_IRQHandler                          0x08000243   Thumb Code     0  startup_stm32f10x_hd.o(.text)
    __user_initial_stackheap                 0x08000245   Thumb Code     0  startup_stm32f10x_hd.o(.text)
    __use_no_semihosting                     0x08000265   Thumb Code     2  use_no_semi_2.o(.text)
    __2printf                                0x08000269   Thumb Code    20  __2printf.o(.text)
    _printf_pre_padding                      0x08000281   Thumb Code    44  _printf_pad.o(.text)
    _printf_post_padding                     0x080002ad   Thumb Code    34  _printf_pad.o(.text)
    _printf_str                              0x080002cf   Thumb Code    82  _printf_str.o(.text)
    _printf_int_dec                          0x08000321   Thumb Code   104  _printf_dec.o(.text)
    _printf_longlong_hex                     0x08000399   Thumb Code    86  _printf_hex_int_ll_ptr.o(.text)
    _printf_int_hex                          0x080003ef   Thumb Code    28  _printf_hex_int_ll_ptr.o(.text)
    _printf_ll_hex                           0x0800040b   Thumb Code    12  _printf_hex_int_ll_ptr.o(.text)
    _printf_hex_ptr                          0x08000417   Thumb Code    18  _printf_hex_int_ll_ptr.o(.text)
    __printf                                 0x0800042d   Thumb Code   388  __printf_flags_ss_wp.o(.text)
    exit                                     0x080005b5   Thumb Code    18  exit.o(.text)
    strstr                                   0x080005c7   Thumb Code    36  strstr.o(.text)
    __use_two_region_memory                  0x080005eb   Thumb Code     2  heapauxi.o(.text)
    __rt_heap_escrow$2region                 0x080005ed   Thumb Code     2  heapauxi.o(.text)
    __rt_heap_expand$2region                 0x080005ef   Thumb Code     2  heapauxi.o(.text)
    __I$use$semihosting                      0x080005f1   Thumb Code     0  use_no_semi.o(.text)
    __use_no_semihosting_swi                 0x080005f1   Thumb Code     2  use_no_semi.o(.text)
    _printf_int_common                       0x080005f3   Thumb Code   178  _printf_intcommon.o(.text)
    _printf_char_common                      0x080006af   Thumb Code    32  _printf_char_common.o(.text)
    _printf_cs_common                        0x080006d5   Thumb Code    20  _printf_char.o(.text)
    _printf_char                             0x080006e9   Thumb Code    16  _printf_char.o(.text)
    _printf_string                           0x080006f9   Thumb Code     8  _printf_char.o(.text)
    _printf_char_file                        0x08000701   Thumb Code    32  _printf_char_file.o(.text)
    ferror                                   0x08000725   Thumb Code     8  ferror.o(.text)
    __user_libspace                          0x0800072d   Thumb Code     8  libspace.o(.text)
    __user_perproc_libspace                  0x0800072d   Thumb Code     0  libspace.o(.text)
    __user_perthread_libspace                0x0800072d   Thumb Code     0  libspace.o(.text)
    __user_setup_stackheap                   0x08000735   Thumb Code    74  sys_stackheap_outer.o(.text)
    CalulateCRC                              0x0800077f   Thumb Code   108  rc522.o(i.CalulateCRC)
    ClearBitMask                             0x080007eb   Thumb Code    28  rc522.o(i.ClearBitMask)
    EnsureMessage                            0x08000809   Thumb Code   140  as608.o(i.EnsureMessage)
    InitAlldata                              0x08000a79   Thumb Code    26  rc522_add.o(i.InitAlldata)
    InitRc522                                0x08000aa9   Thumb Code    26  rc522.o(i.InitRc522)
    Is_Leap_Year                             0x08000ac3   Thumb Code    58  rtc.o(i.Is_Leap_Year)
    JTAG_Set                                 0x08000afd   Thumb Code    38  sys.o(i.JTAG_Set)
    KEY_Init                                 0x08000bb5   Thumb Code   124  key.o(i.KEY_Init)
    LCD_Clear                                0x08000c3d   Thumb Code   122  ili93xx.o(i.LCD_Clear)
    LCD_Display_Dir                          0x08000cc5   Thumb Code   444  ili93xx.o(i.LCD_Display_Dir)
    LCD_Init                                 0x08000e85   Thumb Code 15328  ili93xx.o(i.LCD_Init)
    LCD_RD_DATA                              0x08004a65   Thumb Code    98  ili93xx.o(i.LCD_RD_DATA)
    LCD_ReadReg                              0x08004ad5   Thumb Code    16  ili93xx.o(i.LCD_ReadReg)
    LCD_SSD_BackLightSet                     0x08004ae5   Thumb Code   198  ili93xx.o(i.LCD_SSD_BackLightSet)
    LCD_Scan_Dir                             0x08004bb9   Thumb Code  1112  ili93xx.o(i.LCD_Scan_Dir)
    LCD_SetCursor                            0x08005011   Thumb Code   944  ili93xx.o(i.LCD_SetCursor)
    LCD_WR_DATAX                             0x080053cd   Thumb Code    28  ili93xx.o(i.LCD_WR_DATAX)
    LCD_WR_REG                               0x080053f1   Thumb Code    28  ili93xx.o(i.LCD_WR_REG)
    LCD_WriteRAM_Prepare                     0x08005415   Thumb Code    12  ili93xx.o(i.LCD_WriteRAM_Prepare)
    LCD_WriteReg                             0x08005425   Thumb Code    40  ili93xx.o(i.LCD_WriteReg)
    LED_Init                                 0x08005455   Thumb Code   100  led.o(i.LED_Init)
    M500PcdConfigISOType                     0x080054c5   Thumb Code    94  rc522.o(i.M500PcdConfigISOType)
    MYRCC_DeInit                             0x08005525   Thumb Code    90  sys.o(i.MYRCC_DeInit)
    MY_NVIC_Init                             0x080055a9   Thumb Code   116  sys.o(i.MY_NVIC_Init)
    MY_NVIC_PriorityGroupConfig              0x08005621   Thumb Code    32  sys.o(i.MY_NVIC_PriorityGroupConfig)
    MY_NVIC_SetVectorTable                   0x08005649   Thumb Code    12  sys.o(i.MY_NVIC_SetVectorTable)
    PS_ReadSysPara                           0x0800565d   Thumb Code   168  as608.o(i.PS_ReadSysPara)
    PS_SetAddr                               0x0800574d   Thumb Code   146  as608.o(i.PS_SetAddr)
    PS_ValidTempleteNum                      0x08005801   Thumb Code   108  as608.o(i.PS_ValidTempleteNum)
    PS_WriteReg                              0x08005889   Thumb Code   108  as608.o(i.PS_WriteReg)
    PcdAntennaOff                            0x08005911   Thumb Code    12  rc522.o(i.PcdAntennaOff)
    PcdAntennaOn                             0x0800591d   Thumb Code    26  rc522.o(i.PcdAntennaOn)
    PcdAnticoll                              0x08005937   Thumb Code   112  rc522.o(i.PcdAnticoll)
    PcdAuthState                             0x080059a7   Thumb Code    86  rc522.o(i.PcdAuthState)
    PcdComMF522                              0x080059fd   Thumb Code   318  rc522.o(i.PcdComMF522)
    PcdHalt                                  0x08005b3b   Thumb Code    52  rc522.o(i.PcdHalt)
    PcdRead                                  0x08005b6f   Thumb Code    86  rc522.o(i.PcdRead)
    PcdRequest                               0x08005bc5   Thumb Code    86  rc522.o(i.PcdRequest)
    PcdReset                                 0x08005c1d   Thumb Code   114  rc522.o(i.PcdReset)
    PcdSelect                                0x08005c95   Thumb Code   116  rc522.o(i.PcdSelect)
    PcdWrite                                 0x08005d09   Thumb Code   150  rc522.o(i.PcdWrite)
    RC522_work                               0x08005d9f   Thumb Code     8  rc522_add.o(i.RC522_work)
    RTC_Get                                  0x08005da9   Thumb Code   242  rtc.o(i.RTC_Get)
    RTC_Get_Week                             0x08005eb1   Thumb Code   116  rtc.o(i.RTC_Get_Week)
    RTC_IRQHandler                           0x08005f29   Thumb Code    68  rtc.o(i.RTC_IRQHandler)
    ReadRawRC                                0x08005f71   Thumb Code    48  rc522.o(i.ReadRawRC)
    Read_cardID                              0x08005fa5   Thumb Code    14  rc522_add.o(i.Read_cardID)
    SPI2_Init                                0x08005fb5   Thumb Code   174  rc522.o(i.SPI2_Init)
    SPIWriteByte                             0x08006075   Thumb Code    46  rc522.o(i.SPIWriteByte)
    SetBitMask                               0x0800612b   Thumb Code    28  rc522.o(i.SetBitMask)
    Stm32_Clock_Init                         0x08006149   Thumb Code   134  sys.o(i.Stm32_Clock_Init)
    TIM2_IRQHandler                          0x080061d9   Thumb Code    52  usmart.o(i.TIM2_IRQHandler)
    TIM4_IRQHandler                          0x08006211   Thumb Code    52  timer.o(i.TIM4_IRQHandler)
    Timer2_Init                              0x0800624d   Thumb Code    58  usmart.o(i.Timer2_Init)
    UART1_SendByte                           0x0800628d   Thumb Code    26  rc522_add.o(i.UART1_SendByte)
    USART1_IRQHandler                        0x080062ad   Thumb Code   118  usart.o(i.USART1_IRQHandler)
    USART2_IRQHandler                        0x08006331   Thumb Code    96  usart2.o(i.USART2_IRQHandler)
    WriteRawRC                               0x080063a1   Thumb Code    40  rc522.o(i.WriteRawRC)
    _is_digit                                0x080063cd   Thumb Code    14  __printf_wp.o(i._is_digit)
    _sys_exit                                0x080063db   Thumb Code     6  usart.o(i._sys_exit)
    command_choose                           0x080063e1   Thumb Code    82  rc522_add.o(i.command_choose)
    ctrlprocess                              0x0800643d   Thumb Code   362  rc522_add.o(i.ctrlprocess)
    delay_init                               0x080065dd   Thumb Code    56  delay.o(i.delay_init)
    delay_ms                                 0x0800661d   Thumb Code    56  delay.o(i.delay_ms)
    delay_ns                                 0x08006659   Thumb Code    18  rc522.o(i.delay_ns)
    delay_us                                 0x0800666d   Thumb Code    56  delay.o(i.delay_us)
    fputc                                    0x080066a9   Thumb Code    24  usart.o(i.fputc)
    main                                     0x080066c5   Thumb Code   116  main.o(i.main)
    uart_init                                0x08006741   Thumb Code   202  usart.o(i.uart_init)
    usmart_cmd_rec                           0x0800681d   Thumb Code   170  usmart.o(i.usmart_cmd_rec)
    usmart_exe                               0x080068cd   Thumb Code   634  usmart.o(i.usmart_exe)
    usmart_get_aparm                         0x08006ba5   Thumb Code   200  usmart_str.o(i.usmart_get_aparm)
    usmart_get_cmdname                       0x08006c6d   Thumb Code    54  usmart_str.o(i.usmart_get_cmdname)
    usmart_get_fname                         0x08006ca5   Thumb Code   440  usmart_str.o(i.usmart_get_fname)
    usmart_get_fparam                        0x08006e65   Thumb Code   262  usmart_str.o(i.usmart_get_fparam)
    usmart_get_parmpos                       0x08006f71   Thumb Code    26  usmart_str.o(i.usmart_get_parmpos)
    usmart_get_runtime                       0x08006f91   Thumb Code    58  usmart.o(i.usmart_get_runtime)
    usmart_init                              0x08006fd1   Thumb Code    36  usmart.o(i.usmart_init)
    usmart_pow                               0x08006ff9   Thumb Code    22  usmart_str.o(i.usmart_pow)
    usmart_reset_runtime                     0x08007011   Thumb Code    34  usmart.o(i.usmart_reset_runtime)
    usmart_scan                              0x08007039   Thumb Code   120  usmart.o(i.usmart_scan)
    usmart_search_nextc                      0x080070f5   Thumb Code    22  usmart_str.o(i.usmart_search_nextc)
    usmart_str2num                           0x0800710b   Thumb Code   202  usmart_str.o(i.usmart_str2num)
    usmart_strcmp                            0x080071d5   Thumb Code    34  usmart_str.o(i.usmart_strcmp)
    usmart_strcopy                           0x080071f7   Thumb Code    22  usmart_str.o(i.usmart_strcopy)
    usmart_strlen                            0x0800720d   Thumb Code    24  usmart_str.o(i.usmart_strlen)
    usmart_sys_cmd_exe                       0x08007225   Thumb Code  1554  usmart.o(i.usmart_sys_cmd_exe)
    __aeabi_d2uiz                            0x08007909   Thumb Code     0  dfixu.o(x$fpl$dfixu)
    _dfixu                                   0x08007909   Thumb Code    90  dfixu.o(x$fpl$dfixu)
    __aeabi_ui2d                             0x08007963   Thumb Code     0  dflt_clz.o(x$fpl$dfltu)
    _dfltu                                   0x08007963   Thumb Code    38  dflt_clz.o(x$fpl$dfltu)
    __aeabi_dmul                             0x08007989   Thumb Code     0  dmul.o(x$fpl$dmul)
    _dmul                                    0x08007989   Thumb Code   332  dmul.o(x$fpl$dmul)
    __fpl_dnaninf                            0x08007add   Thumb Code   156  dnaninf.o(x$fpl$dnaninf)
    __fpl_dretinf                            0x08007b79   Thumb Code    12  dretinf.o(x$fpl$dretinf)
    __aeabi_fadd                             0x08007b85   Thumb Code     0  faddsub_clz.o(x$fpl$fadd)
    _fadd                                    0x08007b85   Thumb Code   196  faddsub_clz.o(x$fpl$fadd)
    __aeabi_fdiv                             0x08007c49   Thumb Code     0  fdiv.o(x$fpl$fdiv)
    _fdiv                                    0x08007c49   Thumb Code   384  fdiv.o(x$fpl$fdiv)
    __aeabi_f2uiz                            0x08007dcd   Thumb Code     0  ffixu.o(x$fpl$ffixu)
    _ffixu                                   0x08007dcd   Thumb Code    62  ffixu.o(x$fpl$ffixu)
    __aeabi_ui2f                             0x08007e0d   Thumb Code     0  fflt_clz.o(x$fpl$ffltu)
    _ffltu                                   0x08007e0d   Thumb Code    38  fflt_clz.o(x$fpl$ffltu)
    __aeabi_fmul                             0x08007e35   Thumb Code     0  fmul.o(x$fpl$fmul)
    _fmul                                    0x08007e35   Thumb Code   258  fmul.o(x$fpl$fmul)
    __fpl_fnaninf                            0x08007f37   Thumb Code   140  fnaninf.o(x$fpl$fnaninf)
    __fpl_fretinf                            0x08007fc3   Thumb Code    10  fretinf.o(x$fpl$fretinf)
    __aeabi_frsub                            0x08007fcd   Thumb Code     0  faddsub_clz.o(x$fpl$frsb)
    _frsb                                    0x08007fcd   Thumb Code    20  faddsub_clz.o(x$fpl$frsb)
    __aeabi_fsub                             0x08007fe1   Thumb Code     0  faddsub_clz.o(x$fpl$fsub)
    _fsub                                    0x08007fe1   Thumb Code   234  faddsub_clz.o(x$fpl$fsub)
    __I$use$fp                               0x080080ca   Number         0  usenofp.o(x$fpl$usenofp)
    table_week                               0x080080ca   Data          12  rtc.o(.constdata)
    mon_table                                0x080080d6   Data          12  rtc.o(.constdata)
    Region$$Table$$Base                      0x08008230   Number         0  anon$$obj.o(Region$$Table)
    Region$$Table$$Limit                     0x08008250   Number         0  anon$$obj.o(Region$$Table)
    __stdout                                 0x20000004   Data           4  usart.o(.data)
    USART_RX_STA                             0x20000008   Data           2  usart.o(.data)
    USART2_RX_STA                            0x2000000a   Data           2  usart2.o(.data)
    AS608Addr                                0x2000000c   Data           4  as608.o(.data)
    sys_cmd_tab                              0x20000014   Data          28  usmart.o(.data)
    usmart_nametab                           0x20000030   Data          32  usmart_config.o(.data)
    usmart_dev                               0x20000050   Data         244  usmart_config.o(.data)
    KuaiN                                    0x20000148   Data           2  rc522_add.o(.data)
    oprationcard                             0x2000014a   Data           1  rc522_add.o(.data)
    bSendID                                  0x2000014b   Data           1  rc522_add.o(.data)
    PassWd                                   0x2000014c   Data           6  rc522_add.o(.data)
    MLastSelectedSnr                         0x20000152   Data           4  rc522_add.o(.data)
    cardID                                   0x20000156   Data           4  rc522_add.o(.data)
    flag_com                                 0x2000015a   Data           1  rc522_add.o(.data)
    temp_money                               0x20000160   Data           8  rc522_add.o(.data)
    administrator                            0x20000168   Data           4  rc522_add.o(.data)
    datatemp                                 0x2000016c   Data           4  rc522_add.o(.data)
    USART_RX_BUF                             0x20000170   Data         200  usart.o(.bss)
    lcddev                                   0x20000238   Data          14  ili93xx.o(.bss)
    USART2_RX_BUF                            0x20000246   Data         800  usart2.o(.bss)
    USART2_TX_BUF                            0x20000566   Data         800  usart2.o(.bss)
    calendar                                 0x20000886   Data          10  rtc.o(.bss)
    Read_Data                                0x20000890   Data          16  rc522_add.o(.bss)
    WriteData                                0x200008a0   Data          16  rc522_add.o(.bss)
    RevBuffer                                0x200008b0   Data          30  rc522_add.o(.bss)
    NewKey                                   0x200008ce   Data          16  rc522_add.o(.bss)
    __libspace_start                         0x200008e0   Data          96  libspace.o(.bss)
    __temporary_stack_top$libspace           0x20000940   Data           0  libspace.o(.bss)



==============================================================================

Memory Map of the image

  Image Entry point : 0x08000131

  Load Region LR_IROM1 (Base: 0x08000000, Size: 0x000083c0, Max: 0x00040000, ABSOLUTE, COMPRESSED[0x000082a8])

    Execution Region ER_IROM1 (Base: 0x08000000, Size: 0x00008250, Max: 0x00040000, ABSOLUTE)

    Base Addr    Size         Type   Attr      Idx    E Section Name        Object

    0x08000000   0x00000130   Data   RO            3    RESET               startup_stm32f10x_hd.o
    0x08000130   0x00000008   Code   RO         3252  * !!!main             c_w.l(__main.o)
    0x08000138   0x00000034   Code   RO         3604    !!!scatter          c_w.l(__scatter.o)
    0x0800016c   0x0000005a   Code   RO         3602    !!dczerorl2         c_w.l(__dczerorl2.o)
    0x080001c6   0x00000002   PAD
    0x080001c8   0x0000001c   Code   RO         3606    !!handler_zi        c_w.l(__scatter_zi.o)
    0x080001e4   0x00000000   Code   RO         3239    .ARM.Collect$$_printf_percent$$00000000  c_w.l(_printf_percent.o)
    0x080001e4   0x00000006   Code   RO         3237    .ARM.Collect$$_printf_percent$$00000009  c_w.l(_printf_d.o)
    0x080001ea   0x00000006   Code   RO         3238    .ARM.Collect$$_printf_percent$$0000000A  c_w.l(_printf_u.o)
    0x080001f0   0x00000006   Code   RO         3236    .ARM.Collect$$_printf_percent$$0000000C  c_w.l(_printf_x.o)
    0x080001f6   0x00000006   Code   RO         3234    .ARM.Collect$$_printf_percent$$00000013  c_w.l(_printf_c.o)
    0x080001fc   0x00000006   Code   RO         3235    .ARM.Collect$$_printf_percent$$00000014  c_w.l(_printf_s.o)
    0x08000202   0x00000004   Code   RO         3366    .ARM.Collect$$_printf_percent$$00000017  c_w.l(_printf_percent_end.o)
    0x08000206   0x00000002   Code   RO         3483    .ARM.Collect$$libinit$$00000000  c_w.l(libinit.o)
    0x08000208   0x00000000   Code   RO         3493    .ARM.Collect$$libinit$$00000002  c_w.l(libinit2.o)
    0x08000208   0x00000000   Code   RO         3495    .ARM.Collect$$libinit$$00000004  c_w.l(libinit2.o)
    0x08000208   0x00000000   Code   RO         3498    .ARM.Collect$$libinit$$0000000A  c_w.l(libinit2.o)
    0x08000208   0x00000000   Code   RO         3500    .ARM.Collect$$libinit$$0000000C  c_w.l(libinit2.o)
    0x08000208   0x00000000   Code   RO         3502    .ARM.Collect$$libinit$$0000000E  c_w.l(libinit2.o)
    0x08000208   0x00000000   Code   RO         3505    .ARM.Collect$$libinit$$00000011  c_w.l(libinit2.o)
    0x08000208   0x00000000   Code   RO         3507    .ARM.Collect$$libinit$$00000013  c_w.l(libinit2.o)
    0x08000208   0x00000000   Code   RO         3509    .ARM.Collect$$libinit$$00000015  c_w.l(libinit2.o)
    0x08000208   0x00000000   Code   RO         3511    .ARM.Collect$$libinit$$00000017  c_w.l(libinit2.o)
    0x08000208   0x00000000   Code   RO         3513    .ARM.Collect$$libinit$$00000019  c_w.l(libinit2.o)
    0x08000208   0x00000000   Code   RO         3515    .ARM.Collect$$libinit$$0000001B  c_w.l(libinit2.o)
    0x08000208   0x00000000   Code   RO         3517    .ARM.Collect$$libinit$$0000001D  c_w.l(libinit2.o)
    0x08000208   0x00000000   Code   RO         3519    .ARM.Collect$$libinit$$0000001F  c_w.l(libinit2.o)
    0x08000208   0x00000000   Code   RO         3521    .ARM.Collect$$libinit$$00000021  c_w.l(libinit2.o)
    0x08000208   0x00000000   Code   RO         3523    .ARM.Collect$$libinit$$00000023  c_w.l(libinit2.o)
    0x08000208   0x00000000   Code   RO         3525    .ARM.Collect$$libinit$$00000025  c_w.l(libinit2.o)
    0x08000208   0x00000000   Code   RO         3529    .ARM.Collect$$libinit$$0000002C  c_w.l(libinit2.o)
    0x08000208   0x00000000   Code   RO         3531    .ARM.Collect$$libinit$$0000002E  c_w.l(libinit2.o)
    0x08000208   0x00000000   Code   RO         3533    .ARM.Collect$$libinit$$00000030  c_w.l(libinit2.o)
    0x08000208   0x00000000   Code   RO         3535    .ARM.Collect$$libinit$$00000032  c_w.l(libinit2.o)
    0x08000208   0x00000002   Code   RO         3536    .ARM.Collect$$libinit$$00000033  c_w.l(libinit2.o)
    0x0800020a   0x00000002   Code   RO         3484    .ARM.Collect$$libshutdown$$00000000  c_w.l(libshutdown.o)
    0x0800020c   0x00000000   Code   RO         3538    .ARM.Collect$$libshutdown$$00000002  c_w.l(libshutdown2.o)
    0x0800020c   0x00000000   Code   RO         3540    .ARM.Collect$$libshutdown$$00000004  c_w.l(libshutdown2.o)
    0x0800020c   0x00000000   Code   RO         3543    .ARM.Collect$$libshutdown$$00000007  c_w.l(libshutdown2.o)
    0x0800020c   0x00000000   Code   RO         3546    .ARM.Collect$$libshutdown$$0000000A  c_w.l(libshutdown2.o)
    0x0800020c   0x00000000   Code   RO         3548    .ARM.Collect$$libshutdown$$0000000C  c_w.l(libshutdown2.o)
    0x0800020c   0x00000000   Code   RO         3551    .ARM.Collect$$libshutdown$$0000000F  c_w.l(libshutdown2.o)
    0x0800020c   0x00000002   Code   RO         3552    .ARM.Collect$$libshutdown$$00000010  c_w.l(libshutdown2.o)
    0x0800020e   0x00000000   Code   RO         3328    .ARM.Collect$$rtentry$$00000000  c_w.l(__rtentry.o)
    0x0800020e   0x00000000   Code   RO         3394    .ARM.Collect$$rtentry$$00000002  c_w.l(__rtentry2.o)
    0x0800020e   0x00000006   Code   RO         3406    .ARM.Collect$$rtentry$$00000004  c_w.l(__rtentry4.o)
    0x08000214   0x00000000   Code   RO         3396    .ARM.Collect$$rtentry$$00000009  c_w.l(__rtentry2.o)
    0x08000214   0x00000004   Code   RO         3397    .ARM.Collect$$rtentry$$0000000A  c_w.l(__rtentry2.o)
    0x08000218   0x00000000   Code   RO         3399    .ARM.Collect$$rtentry$$0000000C  c_w.l(__rtentry2.o)
    0x08000218   0x00000008   Code   RO         3400    .ARM.Collect$$rtentry$$0000000D  c_w.l(__rtentry2.o)
    0x08000220   0x00000002   Code   RO         3329    .ARM.Collect$$rtexit$$00000000  c_w.l(rtexit.o)
    0x08000222   0x00000000   Code   RO         3409    .ARM.Collect$$rtexit$$00000002  c_w.l(rtexit2.o)
    0x08000222   0x00000004   Code   RO         3410    .ARM.Collect$$rtexit$$00000003  c_w.l(rtexit2.o)
    0x08000226   0x00000006   Code   RO         3411    .ARM.Collect$$rtexit$$00000004  c_w.l(rtexit2.o)
    0x0800022c   0x00000038   Code   RO            4    .text               startup_stm32f10x_hd.o
    0x08000264   0x00000002   Code   RO         3173    .text               c_w.l(use_no_semi_2.o)
    0x08000266   0x00000002   PAD
    0x08000268   0x00000018   Code   RO         3177    .text               c_w.l(__2printf.o)
    0x08000280   0x0000004e   Code   RO         3187    .text               c_w.l(_printf_pad.o)
    0x080002ce   0x00000052   Code   RO         3189    .text               c_w.l(_printf_str.o)
    0x08000320   0x00000078   Code   RO         3191    .text               c_w.l(_printf_dec.o)
    0x08000398   0x00000094   Code   RO         3211    .text               c_w.l(_printf_hex_int_ll_ptr.o)
    0x0800042c   0x00000188   Code   RO         3231    .text               c_w.l(__printf_flags_ss_wp.o)
    0x080005b4   0x00000012   Code   RO         3240    .text               c_w.l(exit.o)
    0x080005c6   0x00000024   Code   RO         3242    .text               c_w.l(strstr.o)
    0x080005ea   0x00000006   Code   RO         3250    .text               c_w.l(heapauxi.o)
    0x080005f0   0x00000002   Code   RO         3326    .text               c_w.l(use_no_semi.o)
    0x080005f2   0x000000b2   Code   RO         3335    .text               c_w.l(_printf_intcommon.o)
    0x080006a4   0x00000030   Code   RO         3339    .text               c_w.l(_printf_char_common.o)
    0x080006d4   0x0000002c   Code   RO         3343    .text               c_w.l(_printf_char.o)
    0x08000700   0x00000024   Code   RO         3345    .text               c_w.l(_printf_char_file.o)
    0x08000724   0x00000008   Code   RO         3428    .text               c_w.l(ferror.o)
    0x0800072c   0x00000008   Code   RO         3434    .text               c_w.l(libspace.o)
    0x08000734   0x0000004a   Code   RO         3437    .text               c_w.l(sys_stackheap_outer.o)
    0x0800077e   0x0000006c   Code   RO         2630    i.CalulateCRC       rc522.o
    0x080007ea   0x0000001c   Code   RO         2631    i.ClearBitMask      rc522.o
    0x08000806   0x00000002   PAD
    0x08000808   0x00000270   Code   RO         1206    i.EnsureMessage     as608.o
    0x08000a78   0x00000030   Code   RO         2780    i.InitAlldata       rc522_add.o
    0x08000aa8   0x0000001a   Code   RO         2632    i.InitRc522         rc522.o
    0x08000ac2   0x0000003a   Code   RO         1466    i.Is_Leap_Year      rtc.o
    0x08000afc   0x00000030   Code   RO          180    i.JTAG_Set          sys.o
    0x08000b2c   0x00000088   Code   RO         1207    i.JudgeStr          as608.o
    0x08000bb4   0x00000088   Code   RO          509    i.KEY_Init          key.o
    0x08000c3c   0x00000088   Code   RO          300    i.LCD_Clear         ili93xx.o
    0x08000cc4   0x000001c0   Code   RO          304    i.LCD_Display_Dir   ili93xx.o
    0x08000e84   0x00003be0   Code   RO          311    i.LCD_Init          ili93xx.o
    0x08004a64   0x00000070   Code   RO          313    i.LCD_RD_DATA       ili93xx.o
    0x08004ad4   0x00000010   Code   RO          315    i.LCD_ReadReg       ili93xx.o
    0x08004ae4   0x000000d4   Code   RO          316    i.LCD_SSD_BackLightSet  ili93xx.o
    0x08004bb8   0x00000458   Code   RO          317    i.LCD_Scan_Dir      ili93xx.o
    0x08005010   0x000003bc   Code   RO          318    i.LCD_SetCursor     ili93xx.o
    0x080053cc   0x00000024   Code   RO          324    i.LCD_WR_DATAX      ili93xx.o
    0x080053f0   0x00000024   Code   RO          325    i.LCD_WR_REG        ili93xx.o
    0x08005414   0x00000010   Code   RO          327    i.LCD_WriteRAM_Prepare  ili93xx.o
    0x08005424   0x00000030   Code   RO          328    i.LCD_WriteReg      ili93xx.o
    0x08005454   0x00000070   Code   RO         1570    i.LED_Init          led.o
    0x080054c4   0x0000005e   Code   RO         2633    i.M500PcdConfigISOType  rc522.o
    0x08005522   0x00000002   PAD
    0x08005524   0x00000068   Code   RO          181    i.MYRCC_DeInit      sys.o
    0x0800558c   0x0000001c   Code   RO         1208    i.MYUSART_SendData  as608.o
    0x080055a8   0x00000078   Code   RO          182    i.MY_NVIC_Init      sys.o
    0x08005620   0x00000028   Code   RO          183    i.MY_NVIC_PriorityGroupConfig  sys.o
    0x08005648   0x00000014   Code   RO          184    i.MY_NVIC_SetVectorTable  sys.o
    0x0800565c   0x000000f0   Code   RO         1217    i.PS_ReadSysPara    as608.o
    0x0800574c   0x000000b4   Code   RO         1220    i.PS_SetAddr        as608.o
    0x08005800   0x00000088   Code   RO         1223    i.PS_ValidTempleteNum  as608.o
    0x08005888   0x00000088   Code   RO         1225    i.PS_WriteReg       as608.o
    0x08005910   0x0000000c   Code   RO         2634    i.PcdAntennaOff     rc522.o
    0x0800591c   0x0000001a   Code   RO         2635    i.PcdAntennaOn      rc522.o
    0x08005936   0x00000070   Code   RO         2636    i.PcdAnticoll       rc522.o
    0x080059a6   0x00000056   Code   RO         2637    i.PcdAuthState      rc522.o
    0x080059fc   0x0000013e   Code   RO         2639    i.PcdComMF522       rc522.o
    0x08005b3a   0x00000034   Code   RO         2640    i.PcdHalt           rc522.o
    0x08005b6e   0x00000056   Code   RO         2641    i.PcdRead           rc522.o
    0x08005bc4   0x00000056   Code   RO         2642    i.PcdRequest        rc522.o
    0x08005c1a   0x00000002   PAD
    0x08005c1c   0x00000078   Code   RO         2643    i.PcdReset          rc522.o
    0x08005c94   0x00000074   Code   RO         2644    i.PcdSelect         rc522.o
    0x08005d08   0x00000096   Code   RO         2646    i.PcdWrite          rc522.o
    0x08005d9e   0x00000008   Code   RO         2783    i.RC522_work        rc522_add.o
    0x08005da6   0x00000002   PAD
    0x08005da8   0x00000108   Code   RO         1467    i.RTC_Get           rtc.o
    0x08005eb0   0x00000078   Code   RO         1468    i.RTC_Get_Week      rtc.o
    0x08005f28   0x00000048   Code   RO         1469    i.RTC_IRQHandler    rtc.o
    0x08005f70   0x00000034   Code   RO         2647    i.ReadRawRC         rc522.o
    0x08005fa4   0x0000000e   Code   RO         2784    i.Read_cardID       rc522_add.o
    0x08005fb2   0x00000002   PAD
    0x08005fb4   0x000000c0   Code   RO         2649    i.SPI2_Init         rc522.o
    0x08006074   0x00000034   Code   RO         2650    i.SPIWriteByte      rc522.o
    0x080060a8   0x00000034   Code   RO         1226    i.SendAddr          as608.o
    0x080060dc   0x00000012   Code   RO         1227    i.SendCheck         as608.o
    0x080060ee   0x0000000c   Code   RO         1228    i.SendFlag          as608.o
    0x080060fa   0x00000010   Code   RO         1229    i.SendHead          as608.o
    0x0800610a   0x00000014   Code   RO         1230    i.SendLength        as608.o
    0x0800611e   0x0000000c   Code   RO         1231    i.Sendcmd           as608.o
    0x0800612a   0x0000001c   Code   RO         2651    i.SetBitMask        rc522.o
    0x08006146   0x00000002   PAD
    0x08006148   0x00000090   Code   RO          185    i.Stm32_Clock_Init  sys.o
    0x080061d8   0x00000038   Code   RO         1582    i.TIM2_IRQHandler   usmart.o
    0x08006210   0x0000003c   Code   RO         1374    i.TIM4_IRQHandler   timer.o
    0x0800624c   0x00000040   Code   RO         1583    i.Timer2_Init       usmart.o
    0x0800628c   0x00000020   Code   RO         2788    i.UART1_SendByte    rc522_add.o
    0x080062ac   0x00000084   Code   RO          258    i.USART1_IRQHandler  usart.o
    0x08006330   0x00000070   Code   RO         1094    i.USART2_IRQHandler  usart2.o
    0x080063a0   0x0000002c   Code   RO         2652    i.WriteRawRC        rc522.o
    0x080063cc   0x0000000e   Code   RO         3224    i._is_digit         c_w.l(__printf_wp.o)
    0x080063da   0x00000006   Code   RO          259    i._sys_exit         usart.o
    0x080063e0   0x0000005c   Code   RO         2789    i.command_choose    rc522_add.o
    0x0800643c   0x000001a0   Code   RO         2790    i.ctrlprocess       rc522_add.o
    0x080065dc   0x00000040   Code   RO          150    i.delay_init        delay.o
    0x0800661c   0x0000003c   Code   RO          151    i.delay_ms          delay.o
    0x08006658   0x00000012   Code   RO         2653    i.delay_ns          rc522.o
    0x0800666a   0x00000002   PAD
    0x0800666c   0x0000003c   Code   RO          152    i.delay_us          delay.o
    0x080066a8   0x0000001c   Code   RO          260    i.fputc             usart.o
    0x080066c4   0x0000007c   Code   RO           10    i.main              main.o
    0x08006740   0x000000dc   Code   RO          261    i.uart_init         usart.o
    0x0800681c   0x000000b0   Code   RO         1584    i.usmart_cmd_rec    usmart.o
    0x080068cc   0x000002d8   Code   RO         1585    i.usmart_exe        usmart.o
    0x08006ba4   0x000000c8   Code   RO         1663    i.usmart_get_aparm  usmart_str.o
    0x08006c6c   0x00000036   Code   RO         1664    i.usmart_get_cmdname  usmart_str.o
    0x08006ca2   0x00000002   PAD
    0x08006ca4   0x000001c0   Code   RO         1665    i.usmart_get_fname  usmart_str.o
    0x08006e64   0x0000010c   Code   RO         1666    i.usmart_get_fparam  usmart_str.o
    0x08006f70   0x00000020   Code   RO         1667    i.usmart_get_parmpos  usmart_str.o
    0x08006f90   0x00000040   Code   RO         1586    i.usmart_get_runtime  usmart.o
    0x08006fd0   0x00000028   Code   RO         1587    i.usmart_init       usmart.o
    0x08006ff8   0x00000016   Code   RO         1668    i.usmart_pow        usmart_str.o
    0x0800700e   0x00000002   PAD
    0x08007010   0x00000028   Code   RO         1588    i.usmart_reset_runtime  usmart.o
    0x08007038   0x000000bc   Code   RO         1589    i.usmart_scan       usmart.o
    0x080070f4   0x00000016   Code   RO         1669    i.usmart_search_nextc  usmart_str.o
    0x0800710a   0x000000ca   Code   RO         1670    i.usmart_str2num    usmart_str.o
    0x080071d4   0x00000022   Code   RO         1671    i.usmart_strcmp     usmart_str.o
    0x080071f6   0x00000016   Code   RO         1672    i.usmart_strcopy    usmart_str.o
    0x0800720c   0x00000018   Code   RO         1673    i.usmart_strlen     usmart_str.o
    0x08007224   0x000006e4   Code   RO         1590    i.usmart_sys_cmd_exe  usmart.o
    0x08007908   0x0000005a   Code   RO         3268    x$fpl$dfixu         fz_ws.l(dfixu.o)
    0x08007962   0x00000026   Code   RO         3272    x$fpl$dfltu         fz_ws.l(dflt_clz.o)
    0x08007988   0x00000154   Code   RO         3280    x$fpl$dmul          fz_ws.l(dmul.o)
    0x08007adc   0x0000009c   Code   RO         3378    x$fpl$dnaninf       fz_ws.l(dnaninf.o)
    0x08007b78   0x0000000c   Code   RO         3380    x$fpl$dretinf       fz_ws.l(dretinf.o)
    0x08007b84   0x000000c4   Code   RO         3286    x$fpl$fadd          fz_ws.l(faddsub_clz.o)
    0x08007c48   0x00000184   Code   RO         3293    x$fpl$fdiv          fz_ws.l(fdiv.o)
    0x08007dcc   0x0000003e   Code   RO         3302    x$fpl$ffixu         fz_ws.l(ffixu.o)
    0x08007e0a   0x00000002   PAD
    0x08007e0c   0x00000026   Code   RO         3306    x$fpl$ffltu         fz_ws.l(fflt_clz.o)
    0x08007e32   0x00000002   PAD
    0x08007e34   0x00000102   Code   RO         3314    x$fpl$fmul          fz_ws.l(fmul.o)
    0x08007f36   0x0000008c   Code   RO         3386    x$fpl$fnaninf       fz_ws.l(fnaninf.o)
    0x08007fc2   0x0000000a   Code   RO         3388    x$fpl$fretinf       fz_ws.l(fretinf.o)
    0x08007fcc   0x00000014   Code   RO         3287    x$fpl$frsb          fz_ws.l(faddsub_clz.o)
    0x08007fe0   0x000000ea   Code   RO         3288    x$fpl$fsub          fz_ws.l(faddsub_clz.o)
    0x080080ca   0x00000000   Code   RO         3392    x$fpl$usenofp       fz_ws.l(usenofp.o)
    0x080080ca   0x00000018   Data   RO         1473    .constdata          rtc.o
    0x080080e2   0x00000028   Data   RO         3212    .constdata          c_w.l(_printf_hex_int_ll_ptr.o)
    0x0800810a   0x00000011   Data   RO         3232    .constdata          c_w.l(__printf_flags_ss_wp.o)
    0x0800811b   0x00000001   PAD
    0x0800811c   0x00000028   Data   RO         1591    .conststring        usmart.o
    0x08008144   0x000000eb   Data   RO         1646    .conststring        usmart_config.o
    0x0800822f   0x00000001   PAD
    0x08008230   0x00000020   Data   RO         3600    Region$$Table       anon$$obj.o


    Execution Region RW_IRAM1 (Base: 0x20000000, Size: 0x00000f40, Max: 0x0000c000, ABSOLUTE, COMPRESSED[0x00000058])

    Base Addr    Size         Type   Attr      Idx    E Section Name        Object

    0x20000000   0x00000004   Data   RW          153    .data               delay.o
    0x20000004   0x00000006   Data   RW          263    .data               usart.o
    0x2000000a   0x00000002   Data   RW         1098    .data               usart2.o
    0x2000000c   0x00000004   Data   RW         1232    .data               as608.o
    0x20000010   0x00000002   Data   RW         1474    .data               rtc.o
    0x20000012   0x00000002   PAD
    0x20000014   0x0000001c   Data   RW         1592    .data               usmart.o
    0x20000030   0x00000114   Data   RW         1647    .data               usmart_config.o
    0x20000144   0x00000004   PAD
    0x20000148   0x00000028   Data   RW         2793    .data               rc522_add.o
    0x20000170   0x000000c8   Zero   RW          262    .bss                usart.o
    0x20000238   0x0000000e   Zero   RW          330    .bss                ili93xx.o
    0x20000246   0x00000640   Zero   RW         1097    .bss                usart2.o
    0x20000886   0x0000000a   Zero   RW         1472    .bss                rtc.o
    0x20000890   0x0000004e   Zero   RW         2792    .bss                rc522_add.o
    0x200008de   0x00000002   PAD
    0x200008e0   0x00000060   Zero   RW         3435    .bss                c_w.l(libspace.o)
    0x20000940   0x00000200   Zero   RW            2    HEAP                startup_stm32f10x_hd.o
    0x20000b40   0x00000400   Zero   RW            1    STACK               startup_stm32f10x_hd.o


==============================================================================

Image component sizes


      Code (inc. data)   RO Data    RW Data    ZI Data      Debug   Object Name

      1610        706          0          4          0       8890   as608.o
       184         16          0          4          0       1827   delay.o
     18456        202          0          0         14      19619   ili93xx.o
       136         12          0          0          0        503   key.o
       112         12          0          0          0        471   led.o
       124          8          0          0          0     208139   main.o
      1806         38          0          0          0      14029   rc522.o
       610         92          0         40         78       4833   rc522_add.o
       514         30         24          2         10       3729   rtc.o
        56         22        304          0       1536        836   startup_stm32f10x_hd.o
       476         54          0          0          0       3507   sys.o
        60          8          0          0          0        478   timer.o
       386         36          0          6        200       4240   usart.o
       112         16          0          2       1600       1428   usart2.o
      3120       1322         40         28          0       6761   usmart.o
         0          0        235        276          0       1596   usmart_config.o
      1328         20          0          0          0       8761   usmart_str.o

    ----------------------------------------------------------------------
     29108       2594        636        368       3440     289647   Object Totals
         0          0         32          0          0          0   (incl. Generated)
        18          0          1          6          2          0   (incl. Padding)

    ----------------------------------------------------------------------

      Code (inc. data)   RO Data    RW Data    ZI Data      Debug   Library Member Name

        24          4          0          0          0         84   __2printf.o
        90          0          0          0          0          0   __dczerorl2.o
         8          0          0          0          0         68   __main.o
       392          4         17          0          0         92   __printf_flags_ss_wp.o
        14          0          0          0          0         68   __printf_wp.o
         0          0          0          0          0          0   __rtentry.o
        12          0          0          0          0          0   __rtentry2.o
         6          0          0          0          0          0   __rtentry4.o
        52          8          0          0          0          0   __scatter.o
        28          0          0          0          0          0   __scatter_zi.o
         6          0          0          0          0          0   _printf_c.o
        44          0          0          0          0        108   _printf_char.o
        48          6          0          0          0         96   _printf_char_common.o
        36          4          0          0          0         80   _printf_char_file.o
         6          0          0          0          0          0   _printf_d.o
       120         16          0          0          0         92   _printf_dec.o
       148          4         40          0          0        160   _printf_hex_int_ll_ptr.o
       178          0          0          0          0         88   _printf_intcommon.o
        78          0          0          0          0        108   _printf_pad.o
         0          0          0          0          0          0   _printf_percent.o
         4          0          0          0          0          0   _printf_percent_end.o
         6          0          0          0          0          0   _printf_s.o
        82          0          0          0          0         80   _printf_str.o
         6          0          0          0          0          0   _printf_u.o
         6          0          0          0          0          0   _printf_x.o
        18          0          0          0          0         80   exit.o
         8          0          0          0          0         68   ferror.o
         6          0          0          0          0        152   heapauxi.o
         2          0          0          0          0          0   libinit.o
         2          0          0          0          0          0   libinit2.o
         2          0          0          0          0          0   libshutdown.o
         2          0          0          0          0          0   libshutdown2.o
         8          4          0          0         96         68   libspace.o
         2          0          0          0          0          0   rtexit.o
        10          0          0          0          0          0   rtexit2.o
        36          0          0          0          0         80   strstr.o
        74          0          0          0          0         80   sys_stackheap_outer.o
         2          0          0          0          0         68   use_no_semi.o
         2          0          0          0          0         68   use_no_semi_2.o
        90          4          0          0          0         92   dfixu.o
        38          0          0          0          0         68   dflt_clz.o
       340         12          0          0          0        104   dmul.o
       156          4          0          0          0         92   dnaninf.o
        12          0          0          0          0         68   dretinf.o
       450          8          0          0          0        236   faddsub_clz.o
       388         76          0          0          0         96   fdiv.o
        62          4          0          0          0         84   ffixu.o
        38          0          0          0          0         68   fflt_clz.o
       258          4          0          0          0         84   fmul.o
       140          4          0          0          0         84   fnaninf.o
        10          0          0          0          0         68   fretinf.o
         0          0          0          0          0          0   usenofp.o

    ----------------------------------------------------------------------
      3558        166         58          0         96       2932   Library Totals
         8          0          1          0          0          0   (incl. Padding)

    ----------------------------------------------------------------------

      Code (inc. data)   RO Data    RW Data    ZI Data      Debug   Library Name

      1568         50         57          0         96       1788   c_w.l
      1982        116          0          0          0       1144   fz_ws.l

    ----------------------------------------------------------------------
      3558        166         58          0         96       2932   Library Totals

    ----------------------------------------------------------------------

==============================================================================


      Code (inc. data)   RO Data    RW Data    ZI Data      Debug   

     32666       2760        694        368       3536     286283   Grand Totals
     32666       2760        694         88       3536     286283   ELF Image Totals (compressed)
     32666       2760        694         88          0          0   ROM Totals

==============================================================================

    Total RO  Size (Code + RO Data)                33360 (  32.58kB)
    Total RW  Size (RW Data + ZI Data)              3904 (   3.81kB)
    Total ROM Size (Code + RO Data + RW Data)      33448 (  32.66kB)

==============================================================================

