<html>
<body>
<pre>
<h1>礦ision Build Log</h1>
<h2>Tool Versions:</h2>
IDE-Version: μVision V5.23.0.0
Copyright (C) 2017 ARM Ltd and ARM Germany GmbH. All rights reserved.
License Information: ll Administrator, l, LIC=6XJCX-H5C5I-8VA1H-WJJ52-3BTKD-BCEKE
 
Tool Versions:
Toolchain:       MDK-ARM Professional  Version: 5.23
Toolchain Path:  D:\Software\Keil5\ARM\ARMCC\Bin
C Compiler:      Armcc.exe V5.06 update 4 (build 422)
Assembler:       Armasm.exe V5.06 update 4 (build 422)
Linker/Locator:  ArmLink.exe V5.06 update 4 (build 422)
Library Manager: ArmAr.exe V5.06 update 4 (build 422)
Hex Converter:   FromElf.exe V5.06 update 4 (build 422)
CPU DLL:         SARMCM3.DLL V5.23
Dialog DLL:      DCM.DLL V1.15.0.0
Target DLL:      Segger\JL2CM3.dll V2.99.23.0
Dialog DLL:      TCM.DLL V1.27.0.0
 
<h2>Project:</h2>
C:\Users\Administrator\Desktop\实验室管理系统\Mnangement-System-of-Experiment\USER\as608.uvprojx
Project File Date:  04/22/2017

<h2>Output:</h2>
*** Using Compiler 'V5.06 update 4 (build 422)', folder: 'D:\Software\Keil5\ARM\ARMCC\Bin'
Rebuild target 'Target 1'
assembling startup_stm32f10x_hd.s...
compiling key.c...
compiling delay.c...
compiling spi.c...
compiling usart.c...
compiling main.c...
compiling sys.c...
compiling myiic.c...
compiling MMC_SD.C...
compiling 24cxx.c...
compiling flash.c...
compiling ctiic.c...
compiling ILI93xx.c...
compiling ott2001a.c...
compiling usart2.c...
compiling gt9147.c...
compiling ft5206.c...
compiling as608.c...
compiling touch.c...
compiling timer.c...
compiling as608_add.c...
compiling usmart_config.c...
compiling rtc.c...
compiling ds18b20.c...
compiling usmart_str.c...
compiling usmart.c...
compiling malloc.c...
compiling exfuns.c...
compiling fattester.c...
compiling diskio.c...
compiling mycc936.c...
compiling fontupd.c...
compiling text.c...
compiling ff.c...
compiling rc522.c...
..\RFID-RC522\rc522.c(293): warning:  #550-D: variable "status"  was set but never used
      u8   status;
..\RFID-RC522\rc522.c: 1 warning, 0 errors
compiling rc522_add.c...
compiling bmp.c...
compiling MY_GUI.c...
..\MY_GUI\MY_GUI.c(601): warning:  #167-D: argument of type "char *" is incompatible with parameter of type "u8 *"
  	Show_Str(150,172,240,16,a,16,1);
..\MY_GUI\MY_GUI.c(602): warning:  #167-D: argument of type "char *" is incompatible with parameter of type "u8 *"
  	Show_Str(150,212,240,16,b,16,1);
..\MY_GUI\MY_GUI.c(603): warning:  #167-D: argument of type "char *" is incompatible with parameter of type "u8 *"
  	Show_Str(150,252,240,16,c,16,1);
..\MY_GUI\MY_GUI.c(615): warning:  #167-D: argument of type "char *" is incompatible with parameter of type "u8 *"
  	Show_Str(150,172,240,16,a,16,1);
..\MY_GUI\MY_GUI.c(616): warning:  #167-D: argument of type "char *" is incompatible with parameter of type "u8 *"
  	Show_Str(150,212,240,16,b,16,1);
..\MY_GUI\MY_GUI.c(617): warning:  #167-D: argument of type "char *" is incompatible with parameter of type "u8 *"
  	Show_Str(150,252,240,16,c,16,1);
..\MY_GUI\MY_GUI.c(686): warning:  #177-D: variable "pname"  was declared but never referenced
  	u8 *pname;	
..\MY_GUI\MY_GUI.c: 7 warnings, 0 errors
compiling piclib.c...
compiling gif.c...
compiling tjpgd.c...
linking...
Program Size: Code=62890 RO-data=7306 RW-data=960 ZI-data=47968  
FromELF: creating hex file...
"..\OBJ\test.axf" - 0 Error(s), 8 Warning(s).

<h2>Collection of Component include folders:</h2>
  .\RTE\_Target_1
  D:\Software\Keil5\ARM\PACK\Keil\STM32F1xx_DFP\1.0.4\Device\Include

<h2>Collection of Component Files used:</h2>
Build Time Elapsed:  00:00:05
</pre>
</body>
</html>
