Component: ARM Compiler 5.06 update 4 (build 422) Tool: armlink [4d35d2]

==============================================================================

Section Cross References

    startup_stm32f10x_hd.o(STACK) refers (Special) to heapauxi.o(.text) for __use_two_region_memory
    startup_stm32f10x_hd.o(HEAP) refers (Special) to heapauxi.o(.text) for __use_two_region_memory
    startup_stm32f10x_hd.o(RESET) refers (Special) to heapauxi.o(.text) for __use_two_region_memory
    startup_stm32f10x_hd.o(RESET) refers to startup_stm32f10x_hd.o(STACK) for __initial_sp
    startup_stm32f10x_hd.o(RESET) refers to startup_stm32f10x_hd.o(.text) for Reset_Handler
    startup_stm32f10x_hd.o(RESET) refers to rtc.o(i.RTC_IRQHandler) for RTC_IRQHandler
    startup_stm32f10x_hd.o(RESET) refers to usmart.o(i.TIM2_IRQHandler) for TIM2_IRQHandler
    startup_stm32f10x_hd.o(RESET) refers to timer.o(i.TIM4_IRQHandler) for TIM4_IRQHandler
    startup_stm32f10x_hd.o(RESET) refers to usart.o(i.USART1_IRQHandler) for USART1_IRQHandler
    startup_stm32f10x_hd.o(RESET) refers to usart2.o(i.USART2_IRQHandler) for USART2_IRQHandler
    startup_stm32f10x_hd.o(.text) refers (Special) to heapauxi.o(.text) for __use_two_region_memory
    startup_stm32f10x_hd.o(.text) refers to __main.o(!!!main) for __main
    startup_stm32f10x_hd.o(.text) refers to startup_stm32f10x_hd.o(HEAP) for Heap_Mem
    startup_stm32f10x_hd.o(.text) refers to startup_stm32f10x_hd.o(STACK) for Stack_Mem
    main.o(i.AS608_get_keynum) refers to main.o(i.AS608_key_staset) for AS608_key_staset
    main.o(i.AS608_get_keynum) refers to touch.o(.data) for tp_dev
    main.o(i.AS608_get_keynum) refers to main.o(.data) for key_x
    main.o(i.AS608_key_staset) refers to ili93xx.o(i.LCD_Fill) for LCD_Fill
    main.o(i.AS608_key_staset) refers to text.o(i.Show_Str_Mid) for Show_Str_Mid
    main.o(i.AS608_key_staset) refers to main.o(.data) for kbd_tbl
    main.o(i.AS608_load_keyboard) refers to ili93xx.o(i.LCD_Fill) for LCD_Fill
    main.o(i.AS608_load_keyboard) refers to ili93xx.o(i.LCD_DrawRectangle) for LCD_DrawRectangle
    main.o(i.AS608_load_keyboard) refers to text.o(i.Show_Str) for Show_Str
    main.o(i.AS608_load_keyboard) refers to text.o(i.Show_Str_Mid) for Show_Str_Mid
    main.o(i.AS608_load_keyboard) refers to ili93xx.o(.data) for POINT_COLOR
    main.o(i.AS608_load_keyboard) refers to main.o(.data) for kbd_tbl
    main.o(i.Add_FR) refers to ili93xx.o(i.LCD_Fill) for LCD_Fill
    main.o(i.Add_FR) refers to text.o(i.Show_Str_Mid) for Show_Str_Mid
    main.o(i.Add_FR) refers to as608.o(i.PS_GetImage) for PS_GetImage
    main.o(i.Add_FR) refers to as608.o(i.PS_GenChar) for PS_GenChar
    main.o(i.Add_FR) refers to main.o(i.ShowErrMessage) for ShowErrMessage
    main.o(i.Add_FR) refers to as608.o(i.PS_Match) for PS_Match
    main.o(i.Add_FR) refers to delay.o(i.delay_ms) for delay_ms
    main.o(i.Add_FR) refers to as608.o(i.PS_RegModel) for PS_RegModel
    main.o(i.Add_FR) refers to main.o(i.GET_NUM) for GET_NUM
    main.o(i.Add_FR) refers to as608.o(i.PS_StoreChar) for PS_StoreChar
    main.o(i.Add_FR) refers to as608.o(i.PS_ValidTempleteNum) for PS_ValidTempleteNum
    main.o(i.Add_FR) refers to ili93xx.o(i.LCD_ShowNum) for LCD_ShowNum
    main.o(i.Add_FR) refers to ili93xx.o(.bss) for lcddev
    main.o(i.Add_FR) refers to main.o(.data) for ValidN
    main.o(i.Add_FR) refers to main.o(.bss) for AS608Para
    main.o(i.Del_FR) refers to ili93xx.o(i.LCD_Fill) for LCD_Fill
    main.o(i.Del_FR) refers to text.o(i.Show_Str_Mid) for Show_Str_Mid
    main.o(i.Del_FR) refers to delay.o(i.delay_ms) for delay_ms
    main.o(i.Del_FR) refers to main.o(i.AS608_load_keyboard) for AS608_load_keyboard
    main.o(i.Del_FR) refers to main.o(i.GET_NUM) for GET_NUM
    main.o(i.Del_FR) refers to as608.o(i.PS_Empty) for PS_Empty
    main.o(i.Del_FR) refers to as608.o(i.PS_DeletChar) for PS_DeletChar
    main.o(i.Del_FR) refers to main.o(i.ShowErrMessage) for ShowErrMessage
    main.o(i.Del_FR) refers to as608.o(i.PS_ValidTempleteNum) for PS_ValidTempleteNum
    main.o(i.Del_FR) refers to ili93xx.o(i.LCD_ShowNum) for LCD_ShowNum
    main.o(i.Del_FR) refers to ili93xx.o(.bss) for lcddev
    main.o(i.Del_FR) refers to main.o(.data) for kbd_delFR
    main.o(i.Del_FR) refers to main.o(.bss) for AS608Para
    main.o(i.FR_Management) refers to _printf_percent.o(.ARM.Collect$$_printf_percent$$00000000) for _printf_percent
    main.o(i.FR_Management) refers to _printf_d.o(.ARM.Collect$$_printf_percent$$00000009) for _printf_d
    main.o(i.FR_Management) refers to _printf_x.o(.ARM.Collect$$_printf_percent$$0000000C) for _printf_x
    main.o(i.FR_Management) refers to _printf_dec.o(.text) for _printf_int_dec
    main.o(i.FR_Management) refers to _printf_hex_int_ll_ptr.o(.text) for _printf_longlong_hex
    main.o(i.FR_Management) refers to malloc.o(i.mymalloc) for mymalloc
    main.o(i.FR_Management) refers to __2sprintf.o(.text) for __2sprintf
[...]
    _printf_x                                0x080001f1   Thumb Code     0  _printf_x.o(.ARM.Collect$$_printf_percent$$0000000C)
    _printf_c                                0x080001f7   Thumb Code     0  _printf_c.o(.ARM.Collect$$_printf_percent$$00000013)
    _printf_s                                0x080001fd   Thumb Code     0  _printf_s.o(.ARM.Collect$$_printf_percent$$00000014)
    _printf_percent_end                      0x08000203   Thumb Code     0  _printf_percent_end.o(.ARM.Collect$$_printf_percent$$00000017)
    __rt_lib_init                            0x08000207   Thumb Code     0  libinit.o(.ARM.Collect$$libinit$$00000000)
    __rt_lib_init_alloca_1                   0x08000209   Thumb Code     0  libinit2.o(.ARM.Collect$$libinit$$0000002E)
    __rt_lib_init_argv_1                     0x08000209   Thumb Code     0  libinit2.o(.ARM.Collect$$libinit$$0000002C)
    __rt_lib_init_atexit_1                   0x08000209   Thumb Code     0  libinit2.o(.ARM.Collect$$libinit$$0000001B)
    __rt_lib_init_clock_1                    0x08000209   Thumb Code     0  libinit2.o(.ARM.Collect$$libinit$$00000021)
    __rt_lib_init_cpp_1                      0x08000209   Thumb Code     0  libinit2.o(.ARM.Collect$$libinit$$00000032)
    __rt_lib_init_exceptions_1               0x08000209   Thumb Code     0  libinit2.o(.ARM.Collect$$libinit$$00000030)
    __rt_lib_init_fp_1                       0x08000209   Thumb Code     0  libinit2.o(.ARM.Collect$$libinit$$00000002)
    __rt_lib_init_fp_trap_1                  0x08000209   Thumb Code     0  libinit2.o(.ARM.Collect$$libinit$$0000001F)
    __rt_lib_init_getenv_1                   0x08000209   Thumb Code     0  libinit2.o(.ARM.Collect$$libinit$$00000023)
    __rt_lib_init_heap_1                     0x08000209   Thumb Code     0  libinit2.o(.ARM.Collect$$libinit$$0000000A)
    __rt_lib_init_lc_collate_1               0x08000209   Thumb Code     0  libinit2.o(.ARM.Collect$$libinit$$00000011)
    __rt_lib_init_lc_ctype_1                 0x08000209   Thumb Code     0  libinit2.o(.ARM.Collect$$libinit$$00000013)
    __rt_lib_init_lc_monetary_1              0x08000209   Thumb Code     0  libinit2.o(.ARM.Collect$$libinit$$00000015)
    __rt_lib_init_lc_numeric_1               0x08000209   Thumb Code     0  libinit2.o(.ARM.Collect$$libinit$$00000017)
    __rt_lib_init_lc_time_1                  0x08000209   Thumb Code     0  libinit2.o(.ARM.Collect$$libinit$$00000019)
    __rt_lib_init_preinit_1                  0x08000209   Thumb Code     0  libinit2.o(.ARM.Collect$$libinit$$00000004)
    __rt_lib_init_rand_1                     0x08000209   Thumb Code     0  libinit2.o(.ARM.Collect$$libinit$$0000000E)
    __rt_lib_init_return                     0x08000209   Thumb Code     0  libinit2.o(.ARM.Collect$$libinit$$00000033)
    __rt_lib_init_signal_1                   0x08000209   Thumb Code     0  libinit2.o(.ARM.Collect$$libinit$$0000001D)
    __rt_lib_init_stdio_1                    0x08000209   Thumb Code     0  libinit2.o(.ARM.Collect$$libinit$$00000025)
    __rt_lib_init_user_alloc_1               0x08000209   Thumb Code     0  libinit2.o(.ARM.Collect$$libinit$$0000000C)
    __rt_lib_shutdown                        0x0800020b   Thumb Code     0  libshutdown.o(.ARM.Collect$$libshutdown$$00000000)
    __rt_lib_shutdown_cpp_1                  0x0800020d   Thumb Code     0  libshutdown2.o(.ARM.Collect$$libshutdown$$00000002)
    __rt_lib_shutdown_fp_trap_1              0x0800020d   Thumb Code     0  libshutdown2.o(.ARM.Collect$$libshutdown$$00000007)
    __rt_lib_shutdown_heap_1                 0x0800020d   Thumb Code     0  libshutdown2.o(.ARM.Collect$$libshutdown$$0000000F)
    __rt_lib_shutdown_return                 0x0800020d   Thumb Code     0  libshutdown2.o(.ARM.Collect$$libshutdown$$00000010)
    __rt_lib_shutdown_signal_1               0x0800020d   Thumb Code     0  libshutdown2.o(.ARM.Collect$$libshutdown$$0000000A)
    __rt_lib_shutdown_stdio_1                0x0800020d   Thumb Code     0  libshutdown2.o(.ARM.Collect$$libshutdown$$00000004)
    __rt_lib_shutdown_user_alloc_1           0x0800020d   Thumb Code     0  libshutdown2.o(.ARM.Collect$$libshutdown$$0000000C)
    __rt_entry                               0x0800020f   Thumb Code     0  __rtentry.o(.ARM.Collect$$rtentry$$00000000)
    __rt_entry_presh_1                       0x0800020f   Thumb Code     0  __rtentry2.o(.ARM.Collect$$rtentry$$00000002)
    __rt_entry_sh                            0x0800020f   Thumb Code     0  __rtentry4.o(.ARM.Collect$$rtentry$$00000004)
    __rt_entry_li                            0x08000215   Thumb Code     0  __rtentry2.o(.ARM.Collect$$rtentry$$0000000A)
    __rt_entry_postsh_1                      0x08000215   Thumb Code     0  __rtentry2.o(.ARM.Collect$$rtentry$$00000009)
    __rt_entry_main                          0x08000219   Thumb Code     0  __rtentry2.o(.ARM.Collect$$rtentry$$0000000D)
    __rt_entry_postli_1                      0x08000219   Thumb Code     0  __rtentry2.o(.ARM.Collect$$rtentry$$0000000C)
    __rt_exit                                0x08000221   Thumb Code     0  rtexit.o(.ARM.Collect$$rtexit$$00000000)
    __rt_exit_ls                             0x08000223   Thumb Code     0  rtexit2.o(.ARM.Collect$$rtexit$$00000003)
    __rt_exit_prels_1                        0x08000223   Thumb Code     0  rtexit2.o(.ARM.Collect$$rtexit$$00000002)
    __rt_exit_exit                           0x08000227   Thumb Code     0  rtexit2.o(.ARM.Collect$$rtexit$$00000004)
    Reset_Handler                            0x0800022d   Thumb Code     4  startup_stm32f10x_hd.o(.text)
    NMI_Handler                              0x08000231   Thumb Code     2  startup_stm32f10x_hd.o(.text)
    HardFault_Handler                        0x08000233   Thumb Code     2  startup_stm32f10x_hd.o(.text)
    MemManage_Handler                        0x08000235   Thumb Code     2  startup_stm32f10x_hd.o(.text)
    BusFault_Handler                         0x08000237   Thumb Code     2  startup_stm32f10x_hd.o(.text)
    UsageFault_Handler                       0x08000239   Thumb Code     2  startup_stm32f10x_hd.o(.text)
    SVC_Handler                              0x0800023b   Thumb Code     2  startup_stm32f10x_hd.o(.text)
    DebugMon_Handler                         0x0800023d   Thumb Code     2  startup_stm32f10x_hd.o(.text)
    PendSV_Handler                           0x0800023f   Thumb Code     2  startup_stm32f10x_hd.o(.text)
    SysTick_Handler                          0x08000241   Thumb Code     2  startup_stm32f10x_hd.o(.text)
    ADC1_2_IRQHandler                        0x08000243   Thumb Code     0  startup_stm32f10x_hd.o(.text)
    ADC3_IRQHandler                          0x08000243   Thumb Code     0  startup_stm32f10x_hd.o(.text)
    CAN1_RX1_IRQHandler                      0x08000243   Thumb Code     0  startup_stm32f10x_hd.o(.text)
    CAN1_SCE_IRQHandler                      0x08000243   Thumb Code     0  startup_stm32f10x_hd.o(.text)
    DMA1_Channel1_IRQHandler                 0x08000243   Thumb Code     0  startup_stm32f10x_hd.o(.text)
    DMA1_Channel2_IRQHandler                 0x08000243   Thumb Code     0  startup_stm32f10x_hd.o(.text)
    DMA1_Channel3_IRQHandler                 0x08000243   Thumb Code     0  startup_stm32f10x_hd.o(.text)
    DMA1_Channel4_IRQHandler                 0x08000243   Thumb Code     0  startup_stm32f10x_hd.o(.text)
    DMA1_Channel5_IRQHandler                 0x08000243   Thumb Code     0  startup_stm32f10x_hd.o(.text)
    DMA1_Channel6_IRQHandler                 0x08000243   Thumb Code     0  startup_stm32f10x_hd.o(.text)
    DMA1_Channel7_IRQHandler                 0x08000243   Thumb Code     0  startup_stm32f10x_hd.o(.text)
    DMA2_Channel1_IRQHandler                 0x08000243   Thumb Code     0  startup_stm32f10x_hd.o(.text)
    DMA2_Channel2_IRQHandler                 0x08000243   Thumb Code     0  startup_stm32f10x_hd.o(.text)
    DMA2_Channel3_IRQHandler                 0x08000243   Thumb Code     0  startup_stm32f10x_hd.o(.text)
    DMA2_Channel4_5_IRQHandler               0x08000243   Thumb Code     0  startup_stm32f10x_hd.o(.text)
    EXTI0_IRQHandler                         0x08000243   Thumb Code     0  startup_stm32f10x_hd.o(.text)
    EXTI15_10_IRQHandler                     0x08000243   Thumb Code     0  startup_stm32f10x_hd.o(.text)
    EXTI1_IRQHandler                         0x08000243   Thumb Code     0  startup_stm32f10x_hd.o(.text)
    EXTI2_IRQHandler                         0x08000243   Thumb Code     0  startup_stm32f10x_hd.o(.text)
    EXTI3_IRQHandler                         0x08000243   Thumb Code     0  startup_stm32f10x_hd.o(.text)
    EXTI4_IRQHandler                         0x08000243   Thumb Code     0  startup_stm32f10x_hd.o(.text)
    EXTI9_5_IRQHandler                       0x08000243   Thumb Code     0  startup_stm32f10x_hd.o(.text)
    FLASH_IRQHandler                         0x08000243   Thumb Code     0  startup_stm32f10x_hd.o(.text)
    FSMC_IRQHandler                          0x08000243   Thumb Code     0  startup_stm32f10x_hd.o(.text)
    I2C1_ER_IRQHandler                       0x08000243   Thumb Code     0  startup_stm32f10x_hd.o(.text)
    I2C1_EV_IRQHandler                       0x08000243   Thumb Code     0  startup_stm32f10x_hd.o(.text)
    I2C2_ER_IRQHandler                       0x08000243   Thumb Code     0  startup_stm32f10x_hd.o(.text)
    I2C2_EV_IRQHandler                       0x08000243   Thumb Code     0  startup_stm32f10x_hd.o(.text)
    PVD_IRQHandler                           0x08000243   Thumb Code     0  startup_stm32f10x_hd.o(.text)
    RCC_IRQHandler                           0x08000243   Thumb Code     0  startup_stm32f10x_hd.o(.text)
    RTCAlarm_IRQHandler                      0x08000243   Thumb Code     0  startup_stm32f10x_hd.o(.text)
    SDIO_IRQHandler                          0x08000243   Thumb Code     0  startup_stm32f10x_hd.o(.text)
    SPI1_IRQHandler                          0x08000243   Thumb Code     0  startup_stm32f10x_hd.o(.text)
    SPI2_IRQHandler                          0x08000243   Thumb Code     0  startup_stm32f10x_hd.o(.text)
    SPI3_IRQHandler                          0x08000243   Thumb Code     0  startup_stm32f10x_hd.o(.text)
    TAMPER_IRQHandler                        0x08000243   Thumb Code     0  startup_stm32f10x_hd.o(.text)
    TIM1_BRK_IRQHandler                      0x08000243   Thumb Code     0  startup_stm32f10x_hd.o(.text)
    TIM1_CC_IRQHandler                       0x08000243   Thumb Code     0  startup_stm32f10x_hd.o(.text)
    TIM1_TRG_COM_IRQHandler                  0x08000243   Thumb Code     0  startup_stm32f10x_hd.o(.text)
    TIM1_UP_IRQHandler                       0x08000243   Thumb Code     0  startup_stm32f10x_hd.o(.text)
    TIM3_IRQHandler                          0x08000243   Thumb Code     0  startup_stm32f10x_hd.o(.text)
    TIM5_IRQHandler                          0x08000243   Thumb Code     0  startup_stm32f10x_hd.o(.text)
    TIM6_IRQHandler                          0x08000243   Thumb Code     0  startup_stm32f10x_hd.o(.text)
    TIM7_IRQHandler                          0x08000243   Thumb Code     0  startup_stm32f10x_hd.o(.text)
    TIM8_BRK_IRQHandler                      0x08000243   Thumb Code     0  startup_stm32f10x_hd.o(.text)
    TIM8_CC_IRQHandler                       0x08000243   Thumb Code     0  startup_stm32f10x_hd.o(.text)
    TIM8_TRG_COM_IRQHandler                  0x08000243   Thumb Code     0  startup_stm32f10x_hd.o(.text)
    TIM8_UP_IRQHandler                       0x08000243   Thumb Code     0  startup_stm32f10x_hd.o(.text)
    UART4_IRQHandler                         0x08000243   Thumb Code     0  startup_stm32f10x_hd.o(.text)
    UART5_IRQHandler                         0x08000243   Thumb Code     0  startup_stm32f10x_hd.o(.text)
    USART3_IRQHandler                        0x08000243   Thumb Code     0  startup_stm32f10x_hd.o(.text)
    USBWakeUp_IRQHandler                     0x08000243   Thumb Code     0  startup_stm32f10x_hd.o(.text)
    USB_HP_CAN1_TX_IRQHandler                0x08000243   Thumb Code     0  startup_stm32f10x_hd.o(.text)
    USB_LP_CAN1_RX0_IRQHandler               0x08000243   Thumb Code     0  startup_stm32f10x_hd.o(.text)
    WWDG_IRQHandler                          0x08000243   Thumb Code     0  startup_stm32f10x_hd.o(.text)
    __user_initial_stackheap                 0x08000245   Thumb Code     0  startup_stm32f10x_hd.o(.text)
    __use_no_semihosting                     0x08000265   Thumb Code     2  use_no_semi_2.o(.text)
    __2printf                                0x08000269   Thumb Code    20  __2printf.o(.text)
    __2sprintf                               0x08000281   Thumb Code    38  __2sprintf.o(.text)
    _printf_pre_padding                      0x080002ad   Thumb Code    44  _printf_pad.o(.text)
    _printf_post_padding                     0x080002d9   Thumb Code    34  _printf_pad.o(.text)
    _printf_str                              0x080002fb   Thumb Code    82  _printf_str.o(.text)
    _printf_int_dec                          0x0800034d   Thumb Code   104  _printf_dec.o(.text)
    _printf_longlong_hex                     0x080003c5   Thumb Code    86  _printf_hex_int_ll_ptr.o(.text)
    _printf_int_hex                          0x0800041b   Thumb Code    28  _printf_hex_int_ll_ptr.o(.text)
    _printf_ll_hex                           0x08000437   Thumb Code    12  _printf_hex_int_ll_ptr.o(.text)
    _printf_hex_ptr                          0x08000443   Thumb Code    18  _printf_hex_int_ll_ptr.o(.text)
    __printf                                 0x08000459   Thumb Code   388  __printf_flags_ss_wp.o(.text)
    exit                                     0x080005e1   Thumb Code    18  exit.o(.text)
    strstr                                   0x080005f3   Thumb Code    36  strstr.o(.text)
    strlen                                   0x08000617   Thumb Code    62  strlen.o(.text)
    strcmp                                   0x08000655   Thumb Code   128  strcmpv7m.o(.text)
    __use_two_region_memory                  0x080006d5   Thumb Code     2  heapauxi.o(.text)
    __rt_heap_escrow$2region                 0x080006d7   Thumb Code     2  heapauxi.o(.text)
    __rt_heap_expand$2region                 0x080006d9   Thumb Code     2  heapauxi.o(.text)
    __I$use$semihosting                      0x080006db   Thumb Code     0  use_no_semi.o(.text)
    __use_no_semihosting_swi                 0x080006db   Thumb Code     2  use_no_semi.o(.text)
    __read_errno                             0x080006dd   Thumb Code    10  _rserrno.o(.text)
    __set_errno                              0x080006e7   Thumb Code    12  _rserrno.o(.text)
    _printf_int_common                       0x080006f3   Thumb Code   178  _printf_intcommon.o(.text)
    _printf_char_common                      0x080007af   Thumb Code    32  _printf_char_common.o(.text)
    _sputc                                   0x080007d5   Thumb Code    10  _sputc.o(.text)
    _printf_cs_common                        0x080007df   Thumb Code    20  _printf_char.o(.text)
    _printf_char                             0x080007f3   Thumb Code    16  _printf_char.o(.text)
    _printf_string                           0x08000803   Thumb Code     8  _printf_char.o(.text)
    _printf_char_file                        0x0800080d   Thumb Code    32  _printf_char_file.o(.text)
    __aeabi_errno_addr                       0x08000831   Thumb Code     8  rt_errno_addr_intlibspace.o(.text)
    __errno$intlibspace                      0x08000831   Thumb Code     0  rt_errno_addr_intlibspace.o(.text)
    __rt_errno_addr$intlibspace              0x08000831   Thumb Code     0  rt_errno_addr_intlibspace.o(.text)
    ferror                                   0x08000839   Thumb Code     8  ferror.o(.text)
    __user_libspace                          0x08000841   Thumb Code     8  libspace.o(.text)
    __user_perproc_libspace                  0x08000841   Thumb Code     0  libspace.o(.text)
    __user_perthread_libspace                0x08000841   Thumb Code     0  libspace.o(.text)
    __user_setup_stackheap                   0x08000849   Thumb Code    74  sys_stackheap_outer.o(.text)
    AT24CXX_Init                             0x08000893   Thumb Code     8  24cxx.o(i.AT24CXX_Init)
    AT24CXX_ReadLenByte                      0x0800089b   Thumb Code    44  24cxx.o(i.AT24CXX_ReadLenByte)
    AT24CXX_ReadOneByte                      0x080008c7   Thumb Code    88  24cxx.o(i.AT24CXX_ReadOneByte)
    AT24CXX_WriteLenByte                     0x0800091f   Thumb Code    42  24cxx.o(i.AT24CXX_WriteLenByte)
    AT24CXX_WriteOneByte                     0x08000949   Thumb Code    80  24cxx.o(i.AT24CXX_WriteOneByte)
    CT_Delay                                 0x08000999   Thumb Code    10  ctiic.o(i.CT_Delay)
    CT_IIC_Ack                               0x080009a5   Thumb Code    66  ctiic.o(i.CT_IIC_Ack)
    CT_IIC_Init                              0x080009f5   Thumb Code    62  ctiic.o(i.CT_IIC_Init)
    CT_IIC_NAck                              0x08000a3d   Thumb Code    66  ctiic.o(i.CT_IIC_NAck)
    CT_IIC_Read_Byte                         0x08000a8d   Thumb Code    96  ctiic.o(i.CT_IIC_Read_Byte)
    CT_IIC_Send_Byte                         0x08000af9   Thumb Code    84  ctiic.o(i.CT_IIC_Send_Byte)
    CT_IIC_Start                             0x08000b59   Thumb Code    62  ctiic.o(i.CT_IIC_Start)
    CT_IIC_Stop                              0x08000ba5   Thumb Code    58  ctiic.o(i.CT_IIC_Stop)
    CT_IIC_Wait_Ack                          0x08000bed   Thumb Code    84  ctiic.o(i.CT_IIC_Wait_Ack)
    CalulateCRC                              0x08000c4d   Thumb Code   108  rc522.o(i.CalulateCRC)
    ClearBitMask                             0x08000cb9   Thumb Code    28  rc522.o(i.ClearBitMask)
    DS18B20_Check                            0x08000cd5   Thumb Code    92  ds18b20.o(i.DS18B20_Check)
    DS18B20_Get_Temp                         0x08000d39   Thumb Code   136  ds18b20.o(i.DS18B20_Get_Temp)
    DS18B20_Init                             0x08000dc5   Thumb Code    62  ds18b20.o(i.DS18B20_Init)
    DS18B20_Read_Bit                         0x08000e0d   Thumb Code    96  ds18b20.o(i.DS18B20_Read_Bit)
    DS18B20_Read_Byte                        0x08000e79   Thumb Code    34  ds18b20.o(i.DS18B20_Read_Byte)
    DS18B20_Rst                              0x08000e9d   Thumb Code    54  ds18b20.o(i.DS18B20_Rst)
    DS18B20_Start                            0x08000ee1   Thumb Code    24  ds18b20.o(i.DS18B20_Start)
    DS18B20_Write_Byte                       0x08000ef9   Thumb Code   102  ds18b20.o(i.DS18B20_Write_Byte)
    EnsureMessage                            0x08000f6d   Thumb Code   140  as608.o(i.EnsureMessage)
    FT5206_Init                              0x080011dd   Thumb Code   214  ft5206.o(i.FT5206_Init)
    FT5206_RD_Reg                            0x080012d1   Thumb Code    88  ft5206.o(i.FT5206_RD_Reg)
    FT5206_Scan                              0x08001329   Thumb Code   400  ft5206.o(i.FT5206_Scan)
    FT5206_WR_Reg                            0x080014c5   Thumb Code    82  ft5206.o(i.FT5206_WR_Reg)
    GT9147_Init                              0x08001519   Thumb Code   266  gt9147.o(i.GT9147_Init)
    GT9147_RD_Reg                            0x0800165d   Thumb Code    98  gt9147.o(i.GT9147_RD_Reg)
    GT9147_Scan                              0x080016c1   Thumb Code   408  gt9147.o(i.GT9147_Scan)
    GT9147_Send_Cfg                          0x08001865   Thumb Code    86  gt9147.o(i.GT9147_Send_Cfg)
    GT9147_WR_Reg                            0x080018c1   Thumb Code    92  gt9147.o(i.GT9147_WR_Reg)
    GUI_GradeInput_0                         0x0800191d   Thumb Code   162  my_gui.o(i.GUI_GradeInput_0)
    GUI_MENU                                 0x080019ed   Thumb Code   238  my_gui.o(i.GUI_MENU)
    GUI_shiyanbianhao                        0x08001b31   Thumb Code   404  my_gui.o(i.GUI_shiyanbianhao)
    Get_HzMat                                0x08001cf5   Thumb Code   220  text.o(i.Get_HzMat)
    IIC_Ack                                  0x08001dd5   Thumb Code    66  myiic.o(i.IIC_Ack)
    IIC_Init                                 0x08001e25   Thumb Code    46  myiic.o(i.IIC_Init)
    IIC_NAck                                 0x08001e5d   Thumb Code    66  myiic.o(i.IIC_NAck)
    IIC_Read_Byte                            0x08001ead   Thumb Code    98  myiic.o(i.IIC_Read_Byte)
    IIC_Send_Byte                            0x08001f1d   Thumb Code    90  myiic.o(i.IIC_Send_Byte)
    IIC_Start                                0x08001f85   Thumb Code    64  myiic.o(i.IIC_Start)
    IIC_Stop                                 0x08001fd1   Thumb Code    64  myiic.o(i.IIC_Stop)
    IIC_Wait_Ack                             0x0800201d   Thumb Code    86  myiic.o(i.IIC_Wait_Ack)
    InitAlldata                              0x08002081   Thumb Code    26  rc522_add.o(i.InitAlldata)
    Is_Leap_Year                             0x080020b1   Thumb Code    58  rtc.o(i.Is_Leap_Year)
    JTAG_Set                                 0x080020ed   Thumb Code    38  sys.o(i.JTAG_Set)
    KEY_Init                                 0x080021a5   Thumb Code   124  key.o(i.KEY_Init)
    LCD_Clear                                0x0800222d   Thumb Code   122  ili93xx.o(i.LCD_Clear)
    LCD_Display_Dir                          0x080022b5   Thumb Code   444  ili93xx.o(i.LCD_Display_Dir)
    LCD_DrawLine                             0x08002475   Thumb Code   176  ili93xx.o(i.LCD_DrawLine)
    LCD_DrawPoint                            0x08002525   Thumb Code    52  ili93xx.o(i.LCD_DrawPoint)
    LCD_Draw_Circle                          0x08002565   Thumb Code   152  ili93xx.o(i.LCD_Draw_Circle)
    LCD_Fast_DrawPoint                       0x080025fd   Thumb Code   854  ili93xx.o(i.LCD_Fast_DrawPoint)
    LCD_Fill                                 0x08002961   Thumb Code   200  ili93xx.o(i.LCD_Fill)
    LCD_Init                                 0x08002a35   Thumb Code 15328  ili93xx.o(i.LCD_Init)
    LCD_Pow                                  0x08006615   Thumb Code    22  ili93xx.o(i.LCD_Pow)
    LCD_RD_DATA                              0x0800662d   Thumb Code    98  ili93xx.o(i.LCD_RD_DATA)
    LCD_ReadReg                              0x0800669d   Thumb Code    16  ili93xx.o(i.LCD_ReadReg)
    LCD_SSD_BackLightSet                     0x080066ad   Thumb Code   198  ili93xx.o(i.LCD_SSD_BackLightSet)
    LCD_Scan_Dir                             0x08006781   Thumb Code  1112  ili93xx.o(i.LCD_Scan_Dir)
    LCD_SetCursor                            0x08006bd9   Thumb Code   944  ili93xx.o(i.LCD_SetCursor)
    LCD_ShowChar                             0x08006f95   Thumb Code   272  ili93xx.o(i.LCD_ShowChar)
    LCD_ShowNum                              0x080070bd   Thumb Code   148  ili93xx.o(i.LCD_ShowNum)
    LCD_ShowString                           0x08007151   Thumb Code   102  ili93xx.o(i.LCD_ShowString)
    LCD_WR_DATAX                             0x080071b9   Thumb Code    28  ili93xx.o(i.LCD_WR_DATAX)
    LCD_WR_REG                               0x080071dd   Thumb Code    28  ili93xx.o(i.LCD_WR_REG)
    LCD_WriteRAM_Prepare                     0x08007201   Thumb Code    12  ili93xx.o(i.LCD_WriteRAM_Prepare)
    LCD_WriteReg                             0x08007211   Thumb Code    40  ili93xx.o(i.LCD_WriteReg)
    MYRCC_DeInit                             0x08007241   Thumb Code    90  sys.o(i.MYRCC_DeInit)
    MY_NVIC_Init                             0x080072c5   Thumb Code   116  sys.o(i.MY_NVIC_Init)
    MY_NVIC_PriorityGroupConfig              0x0800733d   Thumb Code    32  sys.o(i.MY_NVIC_PriorityGroupConfig)
    MY_NVIC_SetVectorTable                   0x08007365   Thumb Code    12  sys.o(i.MY_NVIC_SetVectorTable)
    OTT2001A_Init                            0x08007379   Thumb Code   154  ott2001a.o(i.OTT2001A_Init)
    OTT2001A_RD_Reg                          0x08007431   Thumb Code    98  ott2001a.o(i.OTT2001A_RD_Reg)
    OTT2001A_Scan                            0x08007495   Thumb Code   446  ott2001a.o(i.OTT2001A_Scan)
    OTT2001A_SensorControl                   0x08007675   Thumb Code    28  ott2001a.o(i.OTT2001A_SensorControl)
    OTT2001A_WR_Reg                          0x08007691   Thumb Code    92  ott2001a.o(i.OTT2001A_WR_Reg)
    PS_GenChar                               0x080076ed   Thumb Code    70  as608.o(i.PS_GenChar)
    PS_GetImage                              0x08007733   Thumb Code    58  as608.o(i.PS_GetImage)
    PS_HandShake                             0x0800776d   Thumb Code   118  as608.o(i.PS_HandShake)
    PS_HighSpeedSearch                       0x080077ed   Thumb Code   144  as608.o(i.PS_HighSpeedSearch)
    PS_ReadSysPara                           0x0800787d   Thumb Code   168  as608.o(i.PS_ReadSysPara)
    PS_SetAddr                               0x0800796d   Thumb Code   146  as608.o(i.PS_SetAddr)
    PS_StaGPIO_Init                          0x08007a21   Thumb Code    52  as608.o(i.PS_StaGPIO_Init)
    PS_ValidTempleteNum                      0x08007a5d   Thumb Code   108  as608.o(i.PS_ValidTempleteNum)
    PS_WriteReg                              0x08007ae5   Thumb Code   108  as608.o(i.PS_WriteReg)
    PcdAnticoll                              0x08007b6d   Thumb Code   112  rc522.o(i.PcdAnticoll)
    PcdAuthState                             0x08007bdd   Thumb Code    86  rc522.o(i.PcdAuthState)
    PcdComMF522                              0x08007c33   Thumb Code   318  rc522.o(i.PcdComMF522)
    PcdHalt                                  0x08007d71   Thumb Code    52  rc522.o(i.PcdHalt)
    PcdRead                                  0x08007da5   Thumb Code    86  rc522.o(i.PcdRead)
    PcdRequest                               0x08007dfb   Thumb Code    86  rc522.o(i.PcdRequest)
    PcdReset                                 0x08007e51   Thumb Code   114  rc522.o(i.PcdReset)
    PcdSelect                                0x08007ec9   Thumb Code   116  rc522.o(i.PcdSelect)
    PcdWrite                                 0x08007f3d   Thumb Code   150  rc522.o(i.PcdWrite)
    RC522_work                               0x08007fd3   Thumb Code     8  rc522_add.o(i.RC522_work)
    RTC_Get                                  0x08007fdd   Thumb Code   242  rtc.o(i.RTC_Get)
    RTC_Get_Week                             0x080080e5   Thumb Code   116  rtc.o(i.RTC_Get_Week)
    RTC_IRQHandler                           0x0800815d   Thumb Code    68  rtc.o(i.RTC_IRQHandler)
    RTC_Init                                 0x080081a5   Thumb Code   360  rtc.o(i.RTC_Init)
    RTC_Set                                  0x0800832d   Thumb Code   246  rtc.o(i.RTC_Set)
    ReadRawRC                                0x08008441   Thumb Code    48  rc522.o(i.ReadRawRC)
    Read_cardID                              0x08008475   Thumb Code    14  rc522_add.o(i.Read_cardID)
    SD_DisSelect                             0x08008485   Thumb Code    16  mmc_sd.o(i.SD_DisSelect)
    SD_GetResponse                           0x08008499   Thumb Code    38  mmc_sd.o(i.SD_GetResponse)
    SD_Initialize                            0x080084c1   Thumb Code   386  mmc_sd.o(i.SD_Initialize)
    SD_ReadDisk                              0x08008649   Thumb Code   112  mmc_sd.o(i.SD_ReadDisk)
    SD_RecvData                              0x080086bd   Thumb Code    56  mmc_sd.o(i.SD_RecvData)
    SD_SPI_Init                              0x080086f5   Thumb Code    66  mmc_sd.o(i.SD_SPI_Init)
    SD_SPI_ReadWriteByte                     0x0800874d   Thumb Code    12  mmc_sd.o(i.SD_SPI_ReadWriteByte)
    SD_SPI_SpeedHigh                         0x08008759   Thumb Code    10  mmc_sd.o(i.SD_SPI_SpeedHigh)
    SD_SPI_SpeedLow                          0x08008763   Thumb Code    10  mmc_sd.o(i.SD_SPI_SpeedLow)
    SD_Select                                0x0800876d   Thumb Code    26  mmc_sd.o(i.SD_Select)
    SD_SendBlock                             0x0800878d   Thumb Code    82  mmc_sd.o(i.SD_SendBlock)
    SD_SendCmd                               0x080087df   Thumb Code   120  mmc_sd.o(i.SD_SendCmd)
    SD_WaitReady                             0x08008857   Thumb Code    34  mmc_sd.o(i.SD_WaitReady)
    SD_WriteDisk                             0x08008879   Thumb Code   140  mmc_sd.o(i.SD_WriteDisk)
    SPI1_Init                                0x08008909   Thumb Code   162  spi.o(i.SPI1_Init)
    SPI1_ReadWriteByte                       0x080089bd   Thumb Code    78  spi.o(i.SPI1_ReadWriteByte)
    SPI1_SetSpeed                            0x08008a11   Thumb Code    40  spi.o(i.SPI1_SetSpeed)
    SPIWriteByte                             0x08008a3d   Thumb Code    46  rc522.o(i.SPIWriteByte)
    SPI_FLASH_Write_Enable                   0x08008a71   Thumb Code    24  flash.o(i.SPI_FLASH_Write_Enable)
    SPI_Flash_Erase_Sector                   0x08008a91   Thumb Code    62  flash.o(i.SPI_Flash_Erase_Sector)
    SPI_Flash_Init                           0x08008ad9   Thumb Code    74  flash.o(i.SPI_Flash_Init)
    SPI_Flash_Read                           0x08008b39   Thumb Code    84  flash.o(i.SPI_Flash_Read)
    SPI_Flash_ReadID                         0x08008b91   Thumb Code    64  flash.o(i.SPI_Flash_ReadID)
    SPI_Flash_ReadSR                         0x08008bd9   Thumb Code    36  flash.o(i.SPI_Flash_ReadSR)
    SPI_Flash_Wait_Busy                      0x08008c05   Thumb Code    18  flash.o(i.SPI_Flash_Wait_Busy)
    SPI_Flash_Write                          0x08008c17   Thumb Code   208  flash.o(i.SPI_Flash_Write)
    SPI_Flash_Write_NoCheck                  0x08008ce7   Thumb Code    70  flash.o(i.SPI_Flash_Write_NoCheck)
    SPI_Flash_Write_Page                     0x08008d2d   Thumb Code    80  flash.o(i.SPI_Flash_Write_Page)
    SPI_USART_IO_SET                         0x08008d81   Thumb Code   106  flash.o(i.SPI_USART_IO_SET)
    SetBitMask                               0x08008e77   Thumb Code    28  rc522.o(i.SetBitMask)
    ShowErrMessage                           0x08008e95   Thumb Code    50  main.o(i.ShowErrMessage)
    Show_Font                                0x08008ecd   Thumb Code   190  text.o(i.Show_Font)
    Show_Str                                 0x08008f95   Thumb Code   194  text.o(i.Show_Str)
    Show_Str_Mid                             0x08009059   Thumb Code   106  text.o(i.Show_Str_Mid)
    Stm32_Clock_Init                         0x080090c9   Thumb Code   134  sys.o(i.Stm32_Clock_Init)
    TIM2_IRQHandler                          0x08009159   Thumb Code    52  usmart.o(i.TIM2_IRQHandler)
    TIM4_IRQHandler                          0x08009191   Thumb Code    52  timer.o(i.TIM4_IRQHandler)
    TIM4_Int_Init                            0x080091cd   Thumb Code    72  timer.o(i.TIM4_Int_Init)
    TOUCH_DISP_GradeInput_1                  0x0800921d   Thumb Code   590  my_gui.o(i.TOUCH_DISP_GradeInput_1)
    TOUCH_DISP_MENU                          0x08009479   Thumb Code   558  my_gui.o(i.TOUCH_DISP_MENU)
    TOUCH_MENU                               0x0800972d   Thumb Code   356  my_gui.o(i.TOUCH_MENU)
    TOUCH_shiyanbianhao                      0x08009899   Thumb Code  1234  my_gui.o(i.TOUCH_shiyanbianhao)
    TP_Adj_Info_Show                         0x08009d75   Thumb Code   374  touch.o(i.TP_Adj_Info_Show)
    TP_Adjust                                0x08009f1d   Thumb Code  2058  touch.o(i.TP_Adjust)
    TP_Drow_Touch_Point                      0x0800a779   Thumb Code   108  touch.o(i.TP_Drow_Touch_Point)
    TP_Get_Adjdata                           0x0800a7e9   Thumb Code   152  touch.o(i.TP_Get_Adjdata)
    TP_Init                                  0x0800a891   Thumb Code   274  touch.o(i.TP_Init)
    TP_Read_AD                               0x0800a9c1   Thumb Code   136  touch.o(i.TP_Read_AD)
    TP_Read_XOY                              0x0800aa51   Thumb Code   120  touch.o(i.TP_Read_XOY)
    TP_Read_XY                               0x0800aac9   Thumb Code    38  touch.o(i.TP_Read_XY)
    TP_Read_XY2                              0x0800aaf9   Thumb Code   192  touch.o(i.TP_Read_XY2)
    TP_Save_Adjdata                          0x0800abb9   Thumb Code   110  touch.o(i.TP_Save_Adjdata)
    TP_Scan                                  0x0800ac31   Thumb Code   262  touch.o(i.TP_Scan)
    TP_Write_Byte                            0x0800ad41   Thumb Code    66  touch.o(i.TP_Write_Byte)
    Timer2_Init                              0x0800ad8d   Thumb Code    58  usmart.o(i.Timer2_Init)
    UART1_SendByte                           0x0800adcd   Thumb Code    26  rc522_add.o(i.UART1_SendByte)
    USART1_IRQHandler                        0x0800aded   Thumb Code   118  usart.o(i.USART1_IRQHandler)
    USART2_IRQHandler                        0x0800ae71   Thumb Code    96  usart2.o(i.USART2_IRQHandler)
    WriteRawRC                               0x0800aee1   Thumb Code    40  rc522.o(i.WriteRawRC)
    _is_digit                                0x0800af0d   Thumb Code    14  __printf_wp.o(i._is_digit)
    _sys_exit                                0x0800af1b   Thumb Code     6  usart.o(i._sys_exit)
    command_choose                           0x0800afb1   Thumb Code    82  rc522_add.o(i.command_choose)
    ctrlprocess                              0x0800b00d   Thumb Code   362  rc522_add.o(i.ctrlprocess)
    delay_init                               0x0800b1ad   Thumb Code    56  delay.o(i.delay_init)
    delay_ms                                 0x0800b1ed   Thumb Code    56  delay.o(i.delay_ms)
    delay_ns                                 0x0800b229   Thumb Code    18  rc522.o(i.delay_ns)
    delay_us                                 0x0800b23d   Thumb Code    56  delay.o(i.delay_us)
    disk_initialize                          0x0800b279   Thumb Code    88  diskio.o(i.disk_initialize)
    disk_read                                0x0800b2d9   Thumb Code   130  diskio.o(i.disk_read)
    disk_status                              0x0800b35b   Thumb Code     6  diskio.o(i.disk_status)
    disk_write                               0x0800b361   Thumb Code   110  diskio.o(i.disk_write)
    exfuns_init                              0x0800b3d1   Thumb Code   100  exfuns.o(i.exfuns_init)
    f_mount                                  0x0800b445   Thumb Code    86  ff.o(i.f_mount)
    font_init                                0x0800b829   Thumb Code    32  fontupd.o(i.font_init)
    fputc                                    0x0800b851   Thumb Code    24  usart.o(i.fputc)
    main                                     0x0800b8b9   Thumb Code   376  main.o(i.main)
    mem_free                                 0x0800bae9   Thumb Code    66  malloc.o(i.mem_free)
    mem_init                                 0x0800bb31   Thumb Code    38  malloc.o(i.mem_init)
    mem_malloc                               0x0800bb5d   Thumb Code   116  malloc.o(i.mem_malloc)
    mem_perused                              0x0800bbd5   Thumb Code    42  malloc.o(i.mem_perused)
    myfree                                   0x0800bc39   Thumb Code    24  malloc.o(i.myfree)
    mymalloc                                 0x0800bc55   Thumb Code    28  malloc.o(i.mymalloc)
    mymemset                                 0x0800bc75   Thumb Code    20  malloc.o(i.mymemset)
    press_FR                                 0x0800bc89   Thumb Code   178  main.o(i.press_FR)
    sqrt                                     0x0800bd7d   Thumb Code    76  sqrt.o(i.sqrt)
    uart_init                                0x0800be15   Thumb Code   202  usart.o(i.uart_init)
    usart2_init                              0x0800bef1   Thumb Code   230  usart2.o(i.usart2_init)
    usmart_cmd_rec                           0x0800bff1   Thumb Code   170  usmart.o(i.usmart_cmd_rec)
    usmart_exe                               0x0800c0a1   Thumb Code   634  usmart.o(i.usmart_exe)
    usmart_get_aparm                         0x0800c379   Thumb Code   200  usmart_str.o(i.usmart_get_aparm)
    usmart_get_cmdname                       0x0800c441   Thumb Code    54  usmart_str.o(i.usmart_get_cmdname)
    usmart_get_fname                         0x0800c479   Thumb Code   440  usmart_str.o(i.usmart_get_fname)
    usmart_get_fparam                        0x0800c639   Thumb Code   262  usmart_str.o(i.usmart_get_fparam)
    usmart_get_parmpos                       0x0800c745   Thumb Code    26  usmart_str.o(i.usmart_get_parmpos)
    usmart_get_runtime                       0x0800c765   Thumb Code    58  usmart.o(i.usmart_get_runtime)
    usmart_init                              0x0800c7a5   Thumb Code    36  usmart.o(i.usmart_init)
    usmart_pow                               0x0800c7cd   Thumb Code    22  usmart_str.o(i.usmart_pow)
    usmart_reset_runtime                     0x0800c7e5   Thumb Code    34  usmart.o(i.usmart_reset_runtime)
    usmart_scan                              0x0800c80d   Thumb Code   120  usmart.o(i.usmart_scan)
    usmart_search_nextc                      0x0800c8c9   Thumb Code    22  usmart_str.o(i.usmart_search_nextc)
    usmart_str2num                           0x0800c8df   Thumb Code   202  usmart_str.o(i.usmart_str2num)
    usmart_strcmp                            0x0800c9a9   Thumb Code    34  usmart_str.o(i.usmart_strcmp)
    usmart_strcopy                           0x0800c9cb   Thumb Code    22  usmart_str.o(i.usmart_strcopy)
    usmart_strlen                            0x0800c9e1   Thumb Code    24  usmart_str.o(i.usmart_strlen)
    usmart_sys_cmd_exe                       0x0800c9f9   Thumb Code  1554  usmart.o(i.usmart_sys_cmd_exe)
    __aeabi_dadd                             0x0800d0dd   Thumb Code     0  daddsub_clz.o(x$fpl$dadd)
    _dadd                                    0x0800d0dd   Thumb Code   332  daddsub_clz.o(x$fpl$dadd)
    __fpl_dcmp_Inf                           0x0800d22d   Thumb Code    24  dcmpi.o(x$fpl$dcmpinf)
    __aeabi_d2iz                             0x0800d245   Thumb Code     0  dfix.o(x$fpl$dfix)
    _dfix                                    0x0800d245   Thumb Code    94  dfix.o(x$fpl$dfix)
    __aeabi_d2uiz                            0x0800d2a5   Thumb Code     0  dfixu.o(x$fpl$dfixu)
    _dfixu                                   0x0800d2a5   Thumb Code    90  dfixu.o(x$fpl$dfixu)
    __aeabi_i2d                              0x0800d2ff   Thumb Code     0  dflt_clz.o(x$fpl$dflt)
    _dflt                                    0x0800d2ff   Thumb Code    46  dflt_clz.o(x$fpl$dflt)
    __aeabi_ui2d                             0x0800d32d   Thumb Code     0  dflt_clz.o(x$fpl$dfltu)
    _dfltu                                   0x0800d32d   Thumb Code    38  dflt_clz.o(x$fpl$dfltu)
    __aeabi_cdcmple                          0x0800d355   Thumb Code     0  dleqf.o(x$fpl$dleqf)
    _dcmple                                  0x0800d355   Thumb Code   120  dleqf.o(x$fpl$dleqf)
    __fpl_dcmple_InfNaN                      0x0800d3b7   Thumb Code     0  dleqf.o(x$fpl$dleqf)
    __aeabi_dmul                             0x0800d3cd   Thumb Code     0  dmul.o(x$fpl$dmul)
    _dmul                                    0x0800d3cd   Thumb Code   332  dmul.o(x$fpl$dmul)
    __fpl_dnaninf                            0x0800d521   Thumb Code   156  dnaninf.o(x$fpl$dnaninf)
    __fpl_dretinf                            0x0800d5bd   Thumb Code    12  dretinf.o(x$fpl$dretinf)
    __aeabi_cdrcmple                         0x0800d5c9   Thumb Code     0  drleqf.o(x$fpl$drleqf)
    _drcmple                                 0x0800d5c9   Thumb Code   108  drleqf.o(x$fpl$drleqf)
    __aeabi_drsub                            0x0800d635   Thumb Code     0  daddsub_clz.o(x$fpl$drsb)
    _drsb                                    0x0800d635   Thumb Code    22  daddsub_clz.o(x$fpl$drsb)
    _dsqrt                                   0x0800d64d   Thumb Code   456  dsqrt_noumaal.o(x$fpl$dsqrt)
    __aeabi_dsub                             0x0800d819   Thumb Code     0  daddsub_clz.o(x$fpl$dsub)
    _dsub                                    0x0800d819   Thumb Code   464  daddsub_clz.o(x$fpl$dsub)
    __aeabi_f2d                              0x0800d9ed   Thumb Code     0  f2d.o(x$fpl$f2d)
    _f2d                                     0x0800d9ed   Thumb Code    86  f2d.o(x$fpl$f2d)
    __aeabi_fadd                             0x0800da45   Thumb Code     0  faddsub_clz.o(x$fpl$fadd)
    _fadd                                    0x0800da45   Thumb Code   196  faddsub_clz.o(x$fpl$fadd)
    __aeabi_fdiv                             0x0800db09   Thumb Code     0  fdiv.o(x$fpl$fdiv)
    _fdiv                                    0x0800db09   Thumb Code   384  fdiv.o(x$fpl$fdiv)
    __aeabi_f2iz                             0x0800dc8d   Thumb Code     0  ffix.o(x$fpl$ffix)
    _ffix                                    0x0800dc8d   Thumb Code    54  ffix.o(x$fpl$ffix)
    __aeabi_f2uiz                            0x0800dcc5   Thumb Code     0  ffixu.o(x$fpl$ffixu)
    _ffixu                                   0x0800dcc5   Thumb Code    62  ffixu.o(x$fpl$ffixu)
    __aeabi_i2f                              0x0800dd05   Thumb Code     0  fflt_clz.o(x$fpl$fflt)
    _fflt                                    0x0800dd05   Thumb Code    48  fflt_clz.o(x$fpl$fflt)
    __aeabi_ui2f                             0x0800dd35   Thumb Code     0  fflt_clz.o(x$fpl$ffltu)
    _ffltu                                   0x0800dd35   Thumb Code    38  fflt_clz.o(x$fpl$ffltu)
    __aeabi_fmul                             0x0800dd5d   Thumb Code     0  fmul.o(x$fpl$fmul)
    _fmul                                    0x0800dd5d   Thumb Code   258  fmul.o(x$fpl$fmul)
    __fpl_fnaninf                            0x0800de5f   Thumb Code   140  fnaninf.o(x$fpl$fnaninf)
    __fpl_fretinf                            0x0800deeb   Thumb Code    10  fretinf.o(x$fpl$fretinf)
    __aeabi_frsub                            0x0800def5   Thumb Code     0  faddsub_clz.o(x$fpl$frsb)
    _frsb                                    0x0800def5   Thumb Code    20  faddsub_clz.o(x$fpl$frsb)
    __aeabi_fsub                             0x0800df09   Thumb Code     0  faddsub_clz.o(x$fpl$fsub)
    _fsub                                    0x0800df09   Thumb Code   234  faddsub_clz.o(x$fpl$fsub)
    __I$use$fp                               0x0800dff2   Number         0  usenofp.o(x$fpl$usenofp)
    asc2_1206                                0x0800dff2   Data        1140  ili93xx.o(.constdata)
    asc2_1608                                0x0800e466   Data        1520  ili93xx.o(.constdata)
    asc2_2412                                0x0800ea56   Data        3420  ili93xx.o(.constdata)
    OTT_TPX_TBL                              0x0800f7b2   Data          10  ott2001a.o(.constdata)
    TP_REMIND_MSG_TBL                        0x0800f7bc   Data           4  touch.o(.constdata)
    FT5206_TPX_TBL                           0x0800f7c0   Data          10  ft5206.o(.constdata)
    GT9147_CFG_TBL                           0x0800f7ca   Data         184  gt9147.o(.constdata)
    GT9147_TPX_TBL                           0x0800f882   Data          10  gt9147.o(.constdata)
    table_week                               0x0800f88c   Data          12  rtc.o(.constdata)
    mon_table                                0x0800f898   Data          12  rtc.o(.constdata)
    Region$$Table$$Base                      0x0800fb2c   Number         0  anon$$obj.o(Region$$Table)
    Region$$Table$$Limit                     0x0800fb4c   Number         0  anon$$obj.o(Region$$Table)
    ValidN                                   0x20000000   Data           2  main.o(.data)
    kbd_tbl                                  0x20000004   Data           4  main.o(.data)
    FR_Flag                                  0x20000008   Data           1  main.o(.data)
    kbd_menu                                 0x2000000c   Data          60  main.o(.data)
    kbd_delFR                                0x20000048   Data          60  main.o(.data)
    __stdout                                 0x2000008c   Data           4  usart.o(.data)
    USART_RX_STA                             0x20000090   Data           2  usart.o(.data)
    POINT_COLOR                              0x20000092   Data           2  ili93xx.o(.data)
    BACK_COLOR                               0x20000094   Data           2  ili93xx.o(.data)
    SPI_FLASH_TYPE                           0x20000096   Data           2  flash.o(.data)
    SD_Type                                  0x20000098   Data           1  mmc_sd.o(.data)
    tp_dev                                   0x2000009c   Data          52  touch.o(.data)
    CMD_RDX                                  0x200000d0   Data           1  touch.o(.data)
    CMD_RDY                                  0x200000d1   Data           1  touch.o(.data)
    USART2_RX_STA                            0x200000d2   Data           2  usart2.o(.data)
    AS608Addr                                0x200000d8   Data           4  as608.o(.data)
    sys_cmd_tab                              0x200000e0   Data          28  usmart.o(.data)
    usmart_nametab                           0x200000fc   Data          32  usmart_config.o(.data)
    usmart_dev                               0x2000011c   Data         244  usmart_config.o(.data)
    mallco_dev                               0x20000210   Data          20  malloc.o(.data)
    FILE_TYPE_TBL                            0x20000224   Data         312  exfuns.o(.data)
    fs                                       0x2000035c   Data           8  exfuns.o(.data)
    file                                     0x20000364   Data           4  exfuns.o(.data)
    ftemp                                    0x20000368   Data           4  exfuns.o(.data)
    br                                       0x2000036c   Data           4  exfuns.o(.data)
    bw                                       0x20000370   Data           4  exfuns.o(.data)
    fatbuf                                   0x20000374   Data           4  exfuns.o(.data)
    FLASH_SECTOR_COUNT                       0x20000378   Data           2  diskio.o(.data)
    input                                    0x20000386   Data           5  my_gui.o(.data)
    length                                   0x2000038b   Data           1  my_gui.o(.data)
    EX_number                                0x2000038c   Data           5  my_gui.o(.data)
    card_status                              0x20000391   Data           1  my_gui.o(.data)
    KuaiN                                    0x20000398   Data           2  rc522_add.o(.data)
    oprationcard                             0x2000039a   Data           1  rc522_add.o(.data)
    bSendID                                  0x2000039b   Data           1  rc522_add.o(.data)
    PassWd                                   0x2000039c   Data           6  rc522_add.o(.data)
    MLastSelectedSnr                         0x200003a2   Data           4  rc522_add.o(.data)
    cardID                                   0x200003a6   Data           4  rc522_add.o(.data)
    flag_com                                 0x200003aa   Data           1  rc522_add.o(.data)
    temp_money                               0x200003b0   Data           8  rc522_add.o(.data)
    administrator                            0x200003b8   Data           4  rc522_add.o(.data)
    datatemp                                 0x200003bc   Data           4  rc522_add.o(.data)
    USART_RX_BUF                             0x200003c0   Data         200  usart.o(.bss)
    lcddev                                   0x20000488   Data          14  ili93xx.o(.bss)
    USART2_RX_BUF                            0x20000496   Data         800  usart2.o(.bss)
    USART2_TX_BUF                            0x200007b6   Data         800  usart2.o(.bss)
    calendar                                 0x20000ad6   Data          10  rtc.o(.bss)
    membase                                  0x20000ae0   Data       40960  malloc.o(.bss)
    memmapbase                               0x2000aae0   Data        2560  malloc.o(.bss)
    ftinfo                                   0x2000b4e0   Data          33  fontupd.o(.bss)
    Read_Data                                0x2000b501   Data          16  rc522_add.o(.bss)
    WriteData                                0x2000b511   Data          16  rc522_add.o(.bss)
    RevBuffer                                0x2000b521   Data          30  rc522_add.o(.bss)
    NewKey                                   0x2000b53f   Data          16  rc522_add.o(.bss)
    __libspace_start                         0x2000b550   Data          96  libspace.o(.bss)
    __temporary_stack_top$libspace           0x2000b5b0   Data           0  libspace.o(.bss)



==============================================================================

Memory Map of the image

  Image Entry point : 0x08000131

  Load Region LR_IROM1 (Base: 0x08000000, Size: 0x0000ff0c, Max: 0x00040000, ABSOLUTE, COMPRESSED[0x0000fc54])

    Execution Region ER_IROM1 (Base: 0x08000000, Size: 0x0000fb4c, Max: 0x00040000, ABSOLUTE)

    Base Addr    Size         Type   Attr      Idx    E Section Name        Object

    0x08000000   0x00000130   Data   RO            3    RESET               startup_stm32f10x_hd.o
    0x08000130   0x00000008   Code   RO         3213  * !!!main             c_w.l(__main.o)
    0x08000138   0x00000034   Code   RO         3565    !!!scatter          c_w.l(__scatter.o)
    0x0800016c   0x0000005a   Code   RO         3563    !!dczerorl2         c_w.l(__dczerorl2.o)
    0x080001c6   0x00000002   PAD
    0x080001c8   0x0000001c   Code   RO         3567    !!handler_zi        c_w.l(__scatter_zi.o)
    0x080001e4   0x00000000   Code   RO         3200    .ARM.Collect$$_printf_percent$$00000000  c_w.l(_printf_percent.o)
    0x080001e4   0x00000006   Code   RO         3198    .ARM.Collect$$_printf_percent$$00000009  c_w.l(_printf_d.o)
    0x080001ea   0x00000006   Code   RO         3199    .ARM.Collect$$_printf_percent$$0000000A  c_w.l(_printf_u.o)
    0x080001f0   0x00000006   Code   RO         3197    .ARM.Collect$$_printf_percent$$0000000C  c_w.l(_printf_x.o)
    0x080001f6   0x00000006   Code   RO         3195    .ARM.Collect$$_printf_percent$$00000013  c_w.l(_printf_c.o)
    0x080001fc   0x00000006   Code   RO         3196    .ARM.Collect$$_printf_percent$$00000014  c_w.l(_printf_s.o)
    0x08000202   0x00000004   Code   RO         3327    .ARM.Collect$$_printf_percent$$00000017  c_w.l(_printf_percent_end.o)
    0x08000206   0x00000002   Code   RO         3444    .ARM.Collect$$libinit$$00000000  c_w.l(libinit.o)
    0x08000208   0x00000000   Code   RO         3454    .ARM.Collect$$libinit$$00000002  c_w.l(libinit2.o)
    0x08000208   0x00000000   Code   RO         3456    .ARM.Collect$$libinit$$00000004  c_w.l(libinit2.o)
    0x08000208   0x00000000   Code   RO         3459    .ARM.Collect$$libinit$$0000000A  c_w.l(libinit2.o)
    0x08000208   0x00000000   Code   RO         3461    .ARM.Collect$$libinit$$0000000C  c_w.l(libinit2.o)
    0x08000208   0x00000000   Code   RO         3463    .ARM.Collect$$libinit$$0000000E  c_w.l(libinit2.o)
    0x08000208   0x00000000   Code   RO         3466    .ARM.Collect$$libinit$$00000011  c_w.l(libinit2.o)
    0x08000208   0x00000000   Code   RO         3468    .ARM.Collect$$libinit$$00000013  c_w.l(libinit2.o)
    0x08000208   0x00000000   Code   RO         3470    .ARM.Collect$$libinit$$00000015  c_w.l(libinit2.o)
    0x08000208   0x00000000   Code   RO         3472    .ARM.Collect$$libinit$$00000017  c_w.l(libinit2.o)
    0x08000208   0x00000000   Code   RO         3474    .ARM.Collect$$libinit$$00000019  c_w.l(libinit2.o)
    0x08000208   0x00000000   Code   RO         3476    .ARM.Collect$$libinit$$0000001B  c_w.l(libinit2.o)
    0x08000208   0x00000000   Code   RO         3478    .ARM.Collect$$libinit$$0000001D  c_w.l(libinit2.o)
    0x08000208   0x00000000   Code   RO         3480    .ARM.Collect$$libinit$$0000001F  c_w.l(libinit2.o)
    0x08000208   0x00000000   Code   RO         3482    .ARM.Collect$$libinit$$00000021  c_w.l(libinit2.o)
    0x08000208   0x00000000   Code   RO         3484    .ARM.Collect$$libinit$$00000023  c_w.l(libinit2.o)
    0x08000208   0x00000000   Code   RO         3486    .ARM.Collect$$libinit$$00000025  c_w.l(libinit2.o)
    0x08000208   0x00000000   Code   RO         3490    .ARM.Collect$$libinit$$0000002C  c_w.l(libinit2.o)
    0x08000208   0x00000000   Code   RO         3492    .ARM.Collect$$libinit$$0000002E  c_w.l(libinit2.o)
    0x08000208   0x00000000   Code   RO         3494    .ARM.Collect$$libinit$$00000030  c_w.l(libinit2.o)
    0x08000208   0x00000000   Code   RO         3496    .ARM.Collect$$libinit$$00000032  c_w.l(libinit2.o)
    0x08000208   0x00000002   Code   RO         3497    .ARM.Collect$$libinit$$00000033  c_w.l(libinit2.o)
    0x0800020a   0x00000002   Code   RO         3445    .ARM.Collect$$libshutdown$$00000000  c_w.l(libshutdown.o)
    0x0800020c   0x00000000   Code   RO         3499    .ARM.Collect$$libshutdown$$00000002  c_w.l(libshutdown2.o)
    0x0800020c   0x00000000   Code   RO         3501    .ARM.Collect$$libshutdown$$00000004  c_w.l(libshutdown2.o)
    0x0800020c   0x00000000   Code   RO         3504    .ARM.Collect$$libshutdown$$00000007  c_w.l(libshutdown2.o)
    0x0800020c   0x00000000   Code   RO         3507    .ARM.Collect$$libshutdown$$0000000A  c_w.l(libshutdown2.o)
    0x0800020c   0x00000000   Code   RO         3509    .ARM.Collect$$libshutdown$$0000000C  c_w.l(libshutdown2.o)
    0x0800020c   0x00000000   Code   RO         3512    .ARM.Collect$$libshutdown$$0000000F  c_w.l(libshutdown2.o)
    0x0800020c   0x00000002   Code   RO         3513    .ARM.Collect$$libshutdown$$00000010  c_w.l(libshutdown2.o)
    0x0800020e   0x00000000   Code   RO         3289    .ARM.Collect$$rtentry$$00000000  c_w.l(__rtentry.o)
    0x0800020e   0x00000000   Code   RO         3355    .ARM.Collect$$rtentry$$00000002  c_w.l(__rtentry2.o)
    0x0800020e   0x00000006   Code   RO         3367    .ARM.Collect$$rtentry$$00000004  c_w.l(__rtentry4.o)
    0x08000214   0x00000000   Code   RO         3357    .ARM.Collect$$rtentry$$00000009  c_w.l(__rtentry2.o)
    0x08000214   0x00000004   Code   RO         3358    .ARM.Collect$$rtentry$$0000000A  c_w.l(__rtentry2.o)
    0x08000218   0x00000000   Code   RO         3360    .ARM.Collect$$rtentry$$0000000C  c_w.l(__rtentry2.o)
    0x08000218   0x00000008   Code   RO         3361    .ARM.Collect$$rtentry$$0000000D  c_w.l(__rtentry2.o)
    0x08000220   0x00000002   Code   RO         3290    .ARM.Collect$$rtexit$$00000000  c_w.l(rtexit.o)
    0x08000222   0x00000000   Code   RO         3370    .ARM.Collect$$rtexit$$00000002  c_w.l(rtexit2.o)
    0x08000222   0x00000004   Code   RO         3371    .ARM.Collect$$rtexit$$00000003  c_w.l(rtexit2.o)
    0x08000226   0x00000006   Code   RO         3372    .ARM.Collect$$rtexit$$00000004  c_w.l(rtexit2.o)
    0x0800022c   0x00000038   Code   RO            4    .text               startup_stm32f10x_hd.o
    0x08000264   0x00000002   Code   RO         3134    .text               c_w.l(use_no_semi_2.o)
    0x08000266   0x00000002   PAD
    0x08000268   0x00000018   Code   RO         3138    .text               c_w.l(__2printf.o)
    0x08000280   0x0000002c   Code   RO         3140    .text               c_w.l(__2sprintf.o)
    0x080002ac   0x0000004e   Code   RO         3148    .text               c_w.l(_printf_pad.o)
    0x080002fa   0x00000052   Code   RO         3150    .text               c_w.l(_printf_str.o)
    0x0800034c   0x00000078   Code   RO         3152    .text               c_w.l(_printf_dec.o)
    0x080003c4   0x00000094   Code   RO         3172    .text               c_w.l(_printf_hex_int_ll_ptr.o)
    0x08000458   0x00000188   Code   RO         3192    .text               c_w.l(__printf_flags_ss_wp.o)
    0x080005e0   0x00000012   Code   RO         3201    .text               c_w.l(exit.o)
    0x080005f2   0x00000024   Code   RO         3203    .text               c_w.l(strstr.o)
    0x08000616   0x0000003e   Code   RO         3207    .text               c_w.l(strlen.o)
    0x08000654   0x00000080   Code   RO         3209    .text               c_w.l(strcmpv7m.o)
    0x080006d4   0x00000006   Code   RO         3211    .text               c_w.l(heapauxi.o)
    0x080006da   0x00000002   Code   RO         3287    .text               c_w.l(use_no_semi.o)
    0x080006dc   0x00000016   Code   RO         3292    .text               c_w.l(_rserrno.o)
    0x080006f2   0x000000b2   Code   RO         3296    .text               c_w.l(_printf_intcommon.o)
    0x080007a4   0x00000030   Code   RO         3300    .text               c_w.l(_printf_char_common.o)
    0x080007d4   0x0000000a   Code   RO         3302    .text               c_w.l(_sputc.o)
    0x080007de   0x0000002c   Code   RO         3304    .text               c_w.l(_printf_char.o)
    0x0800080a   0x00000002   PAD
    0x0800080c   0x00000024   Code   RO         3306    .text               c_w.l(_printf_char_file.o)
    0x08000830   0x00000008   Code   RO         3379    .text               c_w.l(rt_errno_addr_intlibspace.o)
    0x08000838   0x00000008   Code   RO         3389    .text               c_w.l(ferror.o)
    0x08000840   0x00000008   Code   RO         3395    .text               c_w.l(libspace.o)
    0x08000848   0x0000004a   Code   RO         3398    .text               c_w.l(sys_stackheap_outer.o)
    0x08000892   0x00000008   Code   RO          817    i.AT24CXX_Init      24cxx.o
    0x0800089a   0x0000002c   Code   RO          819    i.AT24CXX_ReadLenByte  24cxx.o
    0x080008c6   0x00000058   Code   RO          820    i.AT24CXX_ReadOneByte  24cxx.o
    0x0800091e   0x0000002a   Code   RO          822    i.AT24CXX_WriteLenByte  24cxx.o
    0x08000948   0x00000050   Code   RO          823    i.AT24CXX_WriteOneByte  24cxx.o
    0x08000998   0x0000000a   Code   RO          930    i.CT_Delay          ctiic.o
    0x080009a2   0x00000002   PAD
    0x080009a4   0x00000050   Code   RO          931    i.CT_IIC_Ack        ctiic.o
    0x080009f4   0x00000048   Code   RO          932    i.CT_IIC_Init       ctiic.o
    0x08000a3c   0x00000050   Code   RO          933    i.CT_IIC_NAck       ctiic.o
    0x08000a8c   0x0000006c   Code   RO          934    i.CT_IIC_Read_Byte  ctiic.o
    0x08000af8   0x00000060   Code   RO          935    i.CT_IIC_Send_Byte  ctiic.o
    0x08000b58   0x0000004c   Code   RO          936    i.CT_IIC_Start      ctiic.o
    0x08000ba4   0x00000048   Code   RO          937    i.CT_IIC_Stop       ctiic.o
    0x08000bec   0x00000060   Code   RO          938    i.CT_IIC_Wait_Ack   ctiic.o
    0x08000c4c   0x0000006c   Code   RO         2588    i.CalulateCRC       rc522.o
    0x08000cb8   0x0000001c   Code   RO         2589    i.ClearBitMask      rc522.o
    0x08000cd4   0x00000064   Code   RO         1495    i.DS18B20_Check     ds18b20.o
    0x08000d38   0x0000008c   Code   RO         1496    i.DS18B20_Get_Temp  ds18b20.o
    0x08000dc4   0x00000048   Code   RO         1497    i.DS18B20_Init      ds18b20.o
    0x08000e0c   0x0000006c   Code   RO         1498    i.DS18B20_Read_Bit  ds18b20.o
    0x08000e78   0x00000022   Code   RO         1499    i.DS18B20_Read_Byte  ds18b20.o
    0x08000e9a   0x00000002   PAD
    0x08000e9c   0x00000044   Code   RO         1500    i.DS18B20_Rst       ds18b20.o
    0x08000ee0   0x00000018   Code   RO         1501    i.DS18B20_Start     ds18b20.o
    0x08000ef8   0x00000074   Code   RO         1502    i.DS18B20_Write_Byte  ds18b20.o
    0x08000f6c   0x00000270   Code   RO         1244    i.EnsureMessage     as608.o
    0x080011dc   0x000000f4   Code   RO         1170    i.FT5206_Init       ft5206.o
    0x080012d0   0x00000058   Code   RO         1171    i.FT5206_RD_Reg     ft5206.o
    0x08001328   0x0000019c   Code   RO         1172    i.FT5206_Scan       ft5206.o
    0x080014c4   0x00000052   Code   RO         1173    i.FT5206_WR_Reg     ft5206.o
    0x08001516   0x00000002   PAD
    0x08001518   0x00000144   Code   RO         1204    i.GT9147_Init       gt9147.o
    0x0800165c   0x00000062   Code   RO         1205    i.GT9147_RD_Reg     gt9147.o
    0x080016be   0x00000002   PAD
    0x080016c0   0x000001a4   Code   RO         1206    i.GT9147_Scan       gt9147.o
    0x08001864   0x0000005c   Code   RO         1207    i.GT9147_Send_Cfg   gt9147.o
    0x080018c0   0x0000005c   Code   RO         1208    i.GT9147_WR_Reg     gt9147.o
    0x0800191c   0x000000d0   Code   RO         2455    i.GUI_GradeInput_0  my_gui.o
    0x080019ec   0x00000144   Code   RO         2457    i.GUI_MENU          my_gui.o
    0x08001b30   0x000001c4   Code   RO         2459    i.GUI_shiyanbianhao  my_gui.o
    0x08001cf4   0x000000e0   Code   RO         2422    i.Get_HzMat         text.o
    0x08001dd4   0x00000050   Code   RO          876    i.IIC_Ack           myiic.o
    0x08001e24   0x00000038   Code   RO          877    i.IIC_Init          myiic.o
    0x08001e5c   0x00000050   Code   RO          878    i.IIC_NAck          myiic.o
    0x08001eac   0x00000070   Code   RO          879    i.IIC_Read_Byte     myiic.o
    0x08001f1c   0x00000068   Code   RO          880    i.IIC_Send_Byte     myiic.o
    0x08001f84   0x0000004c   Code   RO          881    i.IIC_Start         myiic.o
    0x08001fd0   0x0000004c   Code   RO          882    i.IIC_Stop          myiic.o
    0x0800201c   0x00000064   Code   RO          883    i.IIC_Wait_Ack      myiic.o
    0x08002080   0x00000030   Code   RO         2738    i.InitAlldata       rc522_add.o
    0x080020b0   0x0000003a   Code   RO         1445    i.Is_Leap_Year      rtc.o
    0x080020ea   0x00000002   PAD
    0x080020ec   0x00000030   Code   RO          215    i.JTAG_Set          sys.o
    0x0800211c   0x00000088   Code   RO         1245    i.JudgeStr          as608.o
    0x080021a4   0x00000088   Code   RO          544    i.KEY_Init          key.o
    0x0800222c   0x00000088   Code   RO          335    i.LCD_Clear         ili93xx.o
    0x080022b4   0x000001c0   Code   RO          339    i.LCD_Display_Dir   ili93xx.o
    0x08002474   0x000000b0   Code   RO          340    i.LCD_DrawLine      ili93xx.o
    0x08002524   0x00000040   Code   RO          341    i.LCD_DrawPoint     ili93xx.o
    0x08002564   0x00000098   Code   RO          343    i.LCD_Draw_Circle   ili93xx.o
    0x080025fc   0x00000364   Code   RO          344    i.LCD_Fast_DrawPoint  ili93xx.o
    0x08002960   0x000000d4   Code   RO          345    i.LCD_Fill          ili93xx.o
    0x08002a34   0x00003be0   Code   RO          346    i.LCD_Init          ili93xx.o
    0x08006614   0x00000016   Code   RO          347    i.LCD_Pow           ili93xx.o
    0x0800662a   0x00000002   PAD
    0x0800662c   0x00000070   Code   RO          348    i.LCD_RD_DATA       ili93xx.o
    0x0800669c   0x00000010   Code   RO          350    i.LCD_ReadReg       ili93xx.o
    0x080066ac   0x000000d4   Code   RO          351    i.LCD_SSD_BackLightSet  ili93xx.o
    0x08006780   0x00000458   Code   RO          352    i.LCD_Scan_Dir      ili93xx.o
    0x08006bd8   0x000003bc   Code   RO          353    i.LCD_SetCursor     ili93xx.o
    0x08006f94   0x00000128   Code   RO          355    i.LCD_ShowChar      ili93xx.o
    0x080070bc   0x00000094   Code   RO          356    i.LCD_ShowNum       ili93xx.o
    0x08007150   0x00000066   Code   RO          357    i.LCD_ShowString    ili93xx.o
    0x080071b6   0x00000002   PAD
    0x080071b8   0x00000024   Code   RO          359    i.LCD_WR_DATAX      ili93xx.o
    0x080071dc   0x00000024   Code   RO          360    i.LCD_WR_REG        ili93xx.o
    0x08007200   0x00000010   Code   RO          362    i.LCD_WriteRAM_Prepare  ili93xx.o
    0x08007210   0x00000030   Code   RO          363    i.LCD_WriteReg      ili93xx.o
    0x08007240   0x00000068   Code   RO          216    i.MYRCC_DeInit      sys.o
    0x080072a8   0x0000001c   Code   RO         1246    i.MYUSART_SendData  as608.o
    0x080072c4   0x00000078   Code   RO          217    i.MY_NVIC_Init      sys.o
    0x0800733c   0x00000028   Code   RO          218    i.MY_NVIC_PriorityGroupConfig  sys.o
    0x08007364   0x00000014   Code   RO          219    i.MY_NVIC_SetVectorTable  sys.o
    0x08007378   0x000000b8   Code   RO          993    i.OTT2001A_Init     ott2001a.o
    0x08007430   0x00000062   Code   RO          994    i.OTT2001A_RD_Reg   ott2001a.o
    0x08007492   0x00000002   PAD
    0x08007494   0x000001e0   Code   RO          995    i.OTT2001A_Scan     ott2001a.o
    0x08007674   0x0000001c   Code   RO          996    i.OTT2001A_SensorControl  ott2001a.o
    0x08007690   0x0000005c   Code   RO          997    i.OTT2001A_WR_Reg   ott2001a.o
    0x080076ec   0x00000046   Code   RO         1249    i.PS_GenChar        as608.o
    0x08007732   0x0000003a   Code   RO         1250    i.PS_GetImage       as608.o
    0x0800776c   0x00000080   Code   RO         1251    i.PS_HandShake      as608.o
    0x080077ec   0x00000090   Code   RO         1252    i.PS_HighSpeedSearch  as608.o
    0x0800787c   0x000000f0   Code   RO         1255    i.PS_ReadSysPara    as608.o
    0x0800796c   0x000000b4   Code   RO         1258    i.PS_SetAddr        as608.o
    0x08007a20   0x0000003c   Code   RO         1259    i.PS_StaGPIO_Init   as608.o
    0x08007a5c   0x00000088   Code   RO         1261    i.PS_ValidTempleteNum  as608.o
    0x08007ae4   0x00000088   Code   RO         1263    i.PS_WriteReg       as608.o
    0x08007b6c   0x00000070   Code   RO         2594    i.PcdAnticoll       rc522.o
    0x08007bdc   0x00000056   Code   RO         2595    i.PcdAuthState      rc522.o
    0x08007c32   0x0000013e   Code   RO         2597    i.PcdComMF522       rc522.o
    0x08007d70   0x00000034   Code   RO         2598    i.PcdHalt           rc522.o
    0x08007da4   0x00000056   Code   RO         2599    i.PcdRead           rc522.o
    0x08007dfa   0x00000056   Code   RO         2600    i.PcdRequest        rc522.o
    0x08007e50   0x00000078   Code   RO         2601    i.PcdReset          rc522.o
    0x08007ec8   0x00000074   Code   RO         2602    i.PcdSelect         rc522.o
    0x08007f3c   0x00000096   Code   RO         2604    i.PcdWrite          rc522.o
    0x08007fd2   0x00000008   Code   RO         2741    i.RC522_work        rc522_add.o
    0x08007fda   0x00000002   PAD
    0x08007fdc   0x00000108   Code   RO         1446    i.RTC_Get           rtc.o
    0x080080e4   0x00000078   Code   RO         1447    i.RTC_Get_Week      rtc.o
    0x0800815c   0x00000048   Code   RO         1448    i.RTC_IRQHandler    rtc.o
    0x080081a4   0x00000188   Code   RO         1449    i.RTC_Init          rtc.o
    0x0800832c   0x00000114   Code   RO         1450    i.RTC_Set           rtc.o
    0x08008440   0x00000034   Code   RO         2605    i.ReadRawRC         rc522.o
    0x08008474   0x0000000e   Code   RO         2742    i.Read_cardID       rc522_add.o
    0x08008482   0x00000002   PAD
    0x08008484   0x00000014   Code   RO          702    i.SD_DisSelect      mmc_sd.o
    0x08008498   0x00000026   Code   RO          705    i.SD_GetResponse    mmc_sd.o
    0x080084be   0x00000002   PAD
    0x080084c0   0x00000188   Code   RO          707    i.SD_Initialize     mmc_sd.o
    0x08008648   0x00000074   Code   RO          708    i.SD_ReadDisk       mmc_sd.o
    0x080086bc   0x00000038   Code   RO          709    i.SD_RecvData       mmc_sd.o
    0x080086f4   0x00000058   Code   RO          710    i.SD_SPI_Init       mmc_sd.o
    0x0800874c   0x0000000c   Code   RO          711    i.SD_SPI_ReadWriteByte  mmc_sd.o
    0x08008758   0x0000000a   Code   RO          712    i.SD_SPI_SpeedHigh  mmc_sd.o
    0x08008762   0x0000000a   Code   RO          713    i.SD_SPI_SpeedLow   mmc_sd.o
    0x0800876c   0x00000020   Code   RO          714    i.SD_Select         mmc_sd.o
    0x0800878c   0x00000052   Code   RO          715    i.SD_SendBlock      mmc_sd.o
    0x080087de   0x00000078   Code   RO          716    i.SD_SendCmd        mmc_sd.o
    0x08008856   0x00000022   Code   RO          717    i.SD_WaitReady      mmc_sd.o
    0x08008878   0x00000090   Code   RO          718    i.SD_WriteDisk      mmc_sd.o
    0x08008908   0x000000b4   Code   RO          563    i.SPI1_Init         spi.o
    0x080089bc   0x00000054   Code   RO          564    i.SPI1_ReadWriteByte  spi.o
    0x08008a10   0x0000002c   Code   RO          565    i.SPI1_SetSpeed     spi.o
    0x08008a3c   0x00000034   Code   RO         2608    i.SPIWriteByte      rc522.o
    0x08008a70   0x00000020   Code   RO          591    i.SPI_FLASH_Write_Enable  flash.o
    0x08008a90   0x00000048   Code   RO          594    i.SPI_Flash_Erase_Sector  flash.o
    0x08008ad8   0x00000060   Code   RO          595    i.SPI_Flash_Init    flash.o
    0x08008b38   0x00000058   Code   RO          597    i.SPI_Flash_Read    flash.o
    0x08008b90   0x00000048   Code   RO          598    i.SPI_Flash_ReadID  flash.o
    0x08008bd8   0x0000002c   Code   RO          599    i.SPI_Flash_ReadSR  flash.o
    0x08008c04   0x00000012   Code   RO          601    i.SPI_Flash_Wait_Busy  flash.o
    0x08008c16   0x000000d0   Code   RO          602    i.SPI_Flash_Write   flash.o
    0x08008ce6   0x00000046   Code   RO          603    i.SPI_Flash_Write_NoCheck  flash.o
    0x08008d2c   0x00000054   Code   RO          604    i.SPI_Flash_Write_Page  flash.o
    0x08008d80   0x00000074   Code   RO          605    i.SPI_USART_IO_SET  flash.o
    0x08008df4   0x00000034   Code   RO         1264    i.SendAddr          as608.o
    0x08008e28   0x00000012   Code   RO         1265    i.SendCheck         as608.o
    0x08008e3a   0x0000000c   Code   RO         1266    i.SendFlag          as608.o
    0x08008e46   0x00000010   Code   RO         1267    i.SendHead          as608.o
    0x08008e56   0x00000014   Code   RO         1268    i.SendLength        as608.o
    0x08008e6a   0x0000000c   Code   RO         1269    i.Sendcmd           as608.o
    0x08008e76   0x0000001c   Code   RO         2609    i.SetBitMask        rc522.o
    0x08008e92   0x00000002   PAD
    0x08008e94   0x00000038   Code   RO           17    i.ShowErrMessage    main.o
    0x08008ecc   0x000000c8   Code   RO         2423    i.Show_Font         text.o
    0x08008f94   0x000000c2   Code   RO         2424    i.Show_Str          text.o
    0x08009056   0x00000002   PAD
    0x08009058   0x00000070   Code   RO         2425    i.Show_Str_Mid      text.o
    0x080090c8   0x00000090   Code   RO          220    i.Stm32_Clock_Init  sys.o
    0x08009158   0x00000038   Code   RO         1552    i.TIM2_IRQHandler   usmart.o
    0x08009190   0x0000003c   Code   RO         1412    i.TIM4_IRQHandler   timer.o
    0x080091cc   0x00000050   Code   RO         1413    i.TIM4_Int_Init     timer.o
    0x0800921c   0x0000025c   Code   RO         2464    i.TOUCH_DISP_GradeInput_1  my_gui.o
    0x08009478   0x000002b4   Code   RO         2465    i.TOUCH_DISP_MENU   my_gui.o
    0x0800972c   0x0000016c   Code   RO         2469    i.TOUCH_MENU        my_gui.o
    0x08009898   0x000004dc   Code   RO         2470    i.TOUCH_shiyanbianhao  my_gui.o
    0x08009d74   0x000001a8   Code   RO         1033    i.TP_Adj_Info_Show  touch.o
    0x08009f1c   0x0000085c   Code   RO         1034    i.TP_Adjust         touch.o
    0x0800a778   0x00000070   Code   RO         1036    i.TP_Drow_Touch_Point  touch.o
    0x0800a7e8   0x000000a8   Code   RO         1037    i.TP_Get_Adjdata    touch.o
    0x0800a890   0x00000130   Code   RO         1038    i.TP_Init           touch.o
    0x0800a9c0   0x00000090   Code   RO         1039    i.TP_Read_AD        touch.o
    0x0800aa50   0x00000078   Code   RO         1040    i.TP_Read_XOY       touch.o
    0x0800aac8   0x00000030   Code   RO         1041    i.TP_Read_XY        touch.o
    0x0800aaf8   0x000000c0   Code   RO         1042    i.TP_Read_XY2       touch.o
    0x0800abb8   0x00000078   Code   RO         1043    i.TP_Save_Adjdata   touch.o
    0x0800ac30   0x00000110   Code   RO         1044    i.TP_Scan           touch.o
    0x0800ad40   0x0000004c   Code   RO         1045    i.TP_Write_Byte     touch.o
    0x0800ad8c   0x00000040   Code   RO         1553    i.Timer2_Init       usmart.o
    0x0800adcc   0x00000020   Code   RO         2746    i.UART1_SendByte    rc522_add.o
    0x0800adec   0x00000084   Code   RO          293    i.USART1_IRQHandler  usart.o
    0x0800ae70   0x00000070   Code   RO         1129    i.USART2_IRQHandler  usart2.o
    0x0800aee0   0x0000002c   Code   RO         2610    i.WriteRawRC        rc522.o
    0x0800af0c   0x0000000e   Code   RO         3185    i._is_digit         c_w.l(__printf_wp.o)
    0x0800af1a   0x00000006   Code   RO          294    i._sys_exit         usart.o
    0x0800af20   0x00000090   Code   RO         2027    i.check_fs          ff.o
    0x0800afb0   0x0000005c   Code   RO         2747    i.command_choose    rc522_add.o
    0x0800b00c   0x000001a0   Code   RO         2748    i.ctrlprocess       rc522_add.o
    0x0800b1ac   0x00000040   Code   RO          185    i.delay_init        delay.o
    0x0800b1ec   0x0000003c   Code   RO          186    i.delay_ms          delay.o
    0x0800b228   0x00000012   Code   RO         2611    i.delay_ns          rc522.o
    0x0800b23a   0x00000002   PAD
    0x0800b23c   0x0000003c   Code   RO          187    i.delay_us          delay.o
    0x0800b278   0x00000060   Code   RO         1963    i.disk_initialize   diskio.o
    0x0800b2d8   0x00000082   Code   RO         1965    i.disk_read         diskio.o
    0x0800b35a   0x00000006   Code   RO         1966    i.disk_status       diskio.o
    0x0800b360   0x0000006e   Code   RO         1967    i.disk_write        diskio.o
    0x0800b3ce   0x00000002   PAD
    0x0800b3d0   0x00000074   Code   RO         1775    i.exfuns_init       exfuns.o
    0x0800b444   0x0000005c   Code   RO         2050    i.f_mount           ff.o
    0x0800b4a0   0x00000388   Code   RO         2066    i.find_volume       ff.o
    0x0800b828   0x00000028   Code   RO         2383    i.font_init         fontupd.o
    0x0800b850   0x0000001c   Code   RO          295    i.fputc             usart.o
    0x0800b86c   0x0000004a   Code   RO         2072    i.get_ldnumber      ff.o
    0x0800b8b6   0x00000002   PAD
    0x0800b8b8   0x00000230   Code   RO           18    i.main              main.o
    0x0800bae8   0x00000048   Code   RO         1705    i.mem_free          malloc.o
    0x0800bb30   0x0000002c   Code   RO         1706    i.mem_init          malloc.o
    0x0800bb5c   0x00000078   Code   RO         1707    i.mem_malloc        malloc.o
    0x0800bbd4   0x00000030   Code   RO         1708    i.mem_perused       malloc.o
    0x0800bc04   0x00000032   Code   RO         2077    i.move_window       ff.o
    0x0800bc36   0x00000002   PAD
    0x0800bc38   0x0000001c   Code   RO         1709    i.myfree            malloc.o
    0x0800bc54   0x00000020   Code   RO         1710    i.mymalloc          malloc.o
    0x0800bc74   0x00000014   Code   RO         1712    i.mymemset          malloc.o
    0x0800bc88   0x000000f4   Code   RO           19    i.press_FR          main.o
    0x0800bd7c   0x0000004c   Code   RO         3280    i.sqrt              m_ws.l(sqrt.o)
    0x0800bdc8   0x0000004c   Code   RO         2085    i.sync_window       ff.o
    0x0800be14   0x000000dc   Code   RO          296    i.uart_init         usart.o
    0x0800bef0   0x00000100   Code   RO         1131    i.usart2_init       usart2.o
    0x0800bff0   0x000000b0   Code   RO         1554    i.usmart_cmd_rec    usmart.o
    0x0800c0a0   0x000002d8   Code   RO         1555    i.usmart_exe        usmart.o
    0x0800c378   0x000000c8   Code   RO         1633    i.usmart_get_aparm  usmart_str.o
    0x0800c440   0x00000036   Code   RO         1634    i.usmart_get_cmdname  usmart_str.o
    0x0800c476   0x00000002   PAD
    0x0800c478   0x000001c0   Code   RO         1635    i.usmart_get_fname  usmart_str.o
    0x0800c638   0x0000010c   Code   RO         1636    i.usmart_get_fparam  usmart_str.o
    0x0800c744   0x00000020   Code   RO         1637    i.usmart_get_parmpos  usmart_str.o
    0x0800c764   0x00000040   Code   RO         1556    i.usmart_get_runtime  usmart.o
    0x0800c7a4   0x00000028   Code   RO         1557    i.usmart_init       usmart.o
    0x0800c7cc   0x00000016   Code   RO         1638    i.usmart_pow        usmart_str.o
    0x0800c7e2   0x00000002   PAD
    0x0800c7e4   0x00000028   Code   RO         1558    i.usmart_reset_runtime  usmart.o
    0x0800c80c   0x000000bc   Code   RO         1559    i.usmart_scan       usmart.o
    0x0800c8c8   0x00000016   Code   RO         1639    i.usmart_search_nextc  usmart_str.o
    0x0800c8de   0x000000ca   Code   RO         1640    i.usmart_str2num    usmart_str.o
    0x0800c9a8   0x00000022   Code   RO         1641    i.usmart_strcmp     usmart_str.o
    0x0800c9ca   0x00000016   Code   RO         1642    i.usmart_strcopy    usmart_str.o
    0x0800c9e0   0x00000018   Code   RO         1643    i.usmart_strlen     usmart_str.o
    0x0800c9f8   0x000006e4   Code   RO         1560    i.usmart_sys_cmd_exe  usmart.o
    0x0800d0dc   0x00000150   Code   RO         3215    x$fpl$dadd          fz_ws.l(daddsub_clz.o)
    0x0800d22c   0x00000018   Code   RO         3337    x$fpl$dcmpinf       fz_ws.l(dcmpi.o)
    0x0800d244   0x0000005e   Code   RO         3225    x$fpl$dfix          fz_ws.l(dfix.o)
    0x0800d2a2   0x00000002   PAD
    0x0800d2a4   0x0000005a   Code   RO         3229    x$fpl$dfixu         fz_ws.l(dfixu.o)
    0x0800d2fe   0x0000002e   Code   RO         3234    x$fpl$dflt          fz_ws.l(dflt_clz.o)
    0x0800d32c   0x00000026   Code   RO         3233    x$fpl$dfltu         fz_ws.l(dflt_clz.o)
    0x0800d352   0x00000002   PAD
    0x0800d354   0x00000078   Code   RO         3239    x$fpl$dleqf         fz_ws.l(dleqf.o)
    0x0800d3cc   0x00000154   Code   RO         3241    x$fpl$dmul          fz_ws.l(dmul.o)
    0x0800d520   0x0000009c   Code   RO         3339    x$fpl$dnaninf       fz_ws.l(dnaninf.o)
    0x0800d5bc   0x0000000c   Code   RO         3341    x$fpl$dretinf       fz_ws.l(dretinf.o)
    0x0800d5c8   0x0000006c   Code   RO         3243    x$fpl$drleqf        fz_ws.l(drleqf.o)
    0x0800d634   0x00000016   Code   RO         3216    x$fpl$drsb          fz_ws.l(daddsub_clz.o)
    0x0800d64a   0x00000002   PAD
    0x0800d64c   0x000001cc   Code   RO         3343    x$fpl$dsqrt         fz_ws.l(dsqrt_noumaal.o)
    0x0800d818   0x000001d4   Code   RO         3217    x$fpl$dsub          fz_ws.l(daddsub_clz.o)
    0x0800d9ec   0x00000056   Code   RO         3245    x$fpl$f2d           fz_ws.l(f2d.o)
    0x0800da42   0x00000002   PAD
    0x0800da44   0x000000c4   Code   RO         3247    x$fpl$fadd          fz_ws.l(faddsub_clz.o)
    0x0800db08   0x00000184   Code   RO         3254    x$fpl$fdiv          fz_ws.l(fdiv.o)
    0x0800dc8c   0x00000036   Code   RO         3259    x$fpl$ffix          fz_ws.l(ffix.o)
    0x0800dcc2   0x00000002   PAD
    0x0800dcc4   0x0000003e   Code   RO         3263    x$fpl$ffixu         fz_ws.l(ffixu.o)
    0x0800dd02   0x00000002   PAD
    0x0800dd04   0x00000030   Code   RO         3268    x$fpl$fflt          fz_ws.l(fflt_clz.o)
    0x0800dd34   0x00000026   Code   RO         3267    x$fpl$ffltu         fz_ws.l(fflt_clz.o)
    0x0800dd5a   0x00000002   PAD
    0x0800dd5c   0x00000102   Code   RO         3275    x$fpl$fmul          fz_ws.l(fmul.o)
    0x0800de5e   0x0000008c   Code   RO         3347    x$fpl$fnaninf       fz_ws.l(fnaninf.o)
    0x0800deea   0x0000000a   Code   RO         3349    x$fpl$fretinf       fz_ws.l(fretinf.o)
    0x0800def4   0x00000014   Code   RO         3248    x$fpl$frsb          fz_ws.l(faddsub_clz.o)
    0x0800df08   0x000000ea   Code   RO         3249    x$fpl$fsub          fz_ws.l(faddsub_clz.o)
    0x0800dff2   0x00000000   Code   RO         3353    x$fpl$usenofp       fz_ws.l(usenofp.o)
    0x0800dff2   0x000017c0   Data   RO          366    .constdata          ili93xx.o
    0x0800f7b2   0x0000000a   Data   RO          998    .constdata          ott2001a.o
    0x0800f7bc   0x00000004   Data   RO         1046    .constdata          touch.o
    0x0800f7c0   0x0000000a   Data   RO         1174    .constdata          ft5206.o
    0x0800f7ca   0x000000c2   Data   RO         1209    .constdata          gt9147.o
    0x0800f88c   0x00000018   Data   RO         1452    .constdata          rtc.o
    0x0800f8a4   0x00000028   Data   RO         3173    .constdata          c_w.l(_printf_hex_int_ll_ptr.o)
    0x0800f8cc   0x00000011   Data   RO         3193    .constdata          c_w.l(__printf_flags_ss_wp.o)
    0x0800f8dd   0x00000003   PAD
    0x0800f8e0   0x00000056   Data   RO           21    .conststring        main.o
    0x0800f936   0x00000002   PAD
    0x0800f938   0x00000079   Data   RO         1047    .conststring        touch.o
    0x0800f9b1   0x00000003   PAD
    0x0800f9b4   0x00000028   Data   RO         1561    .conststring        usmart.o
    0x0800f9dc   0x000000eb   Data   RO         1616    .conststring        usmart_config.o
    0x0800fac7   0x00000001   PAD
    0x0800fac8   0x00000064   Data   RO         1778    .conststring        exfuns.o
    0x0800fb2c   0x00000020   Data   RO         3561    Region$$Table       anon$$obj.o


    Execution Region RW_IRAM1 (Base: 0x20000000, Size: 0x0000bbb0, Max: 0x0000c000, ABSOLUTE, COMPRESSED[0x00000108])

    Base Addr    Size         Type   Attr      Idx    E Section Name        Object

    0x20000000   0x00000085   Data   RW           22    .data               main.o
    0x20000085   0x00000001   PAD
    0x20000086   0x00000004   Data   RW          188    .data               delay.o
    0x2000008a   0x00000002   PAD
    0x2000008c   0x00000006   Data   RW          298    .data               usart.o
    0x20000092   0x00000004   Data   RW          367    .data               ili93xx.o
    0x20000096   0x00000002   Data   RW          606    .data               flash.o
    0x20000098   0x00000001   Data   RW          719    .data               mmc_sd.o
    0x20000099   0x00000001   Data   RW          999    .data               ott2001a.o
    0x2000009a   0x00000002   PAD
    0x2000009c   0x00000036   Data   RW         1048    .data               touch.o
    0x200000d2   0x00000002   Data   RW         1133    .data               usart2.o
    0x200000d4   0x00000001   Data   RW         1175    .data               ft5206.o
    0x200000d5   0x00000001   Data   RW         1210    .data               gt9147.o
    0x200000d6   0x00000002   PAD
    0x200000d8   0x00000004   Data   RW         1270    .data               as608.o
    0x200000dc   0x00000002   Data   RW         1453    .data               rtc.o
    0x200000de   0x00000002   PAD
    0x200000e0   0x0000001c   Data   RW         1562    .data               usmart.o
    0x200000fc   0x00000114   Data   RW         1617    .data               usmart_config.o
    0x20000210   0x00000014   Data   RW         1716    .data               malloc.o
    0x20000224   0x00000154   Data   RW         1779    .data               exfuns.o
    0x20000378   0x00000002   Data   RW         1971    .data               diskio.o
    0x2000037a   0x00000002   PAD
    0x2000037c   0x0000000a   Data   RW         2088    .data               ff.o
    0x20000386   0x0000000c   Data   RW         2471    .data               my_gui.o
    0x20000392   0x00000006   PAD
    0x20000398   0x00000028   Data   RW         2751    .data               rc522_add.o
    0x200003c0   0x000000c8   Zero   RW          297    .bss                usart.o
    0x20000488   0x0000000e   Zero   RW          365    .bss                ili93xx.o
    0x20000496   0x00000640   Zero   RW         1132    .bss                usart2.o
    0x20000ad6   0x0000000a   Zero   RW         1451    .bss                rtc.o
    0x20000ae0   0x0000aa00   Zero   RW         1714    .bss                malloc.o
    0x2000b4e0   0x00000021   Zero   RW         2387    .bss                fontupd.o
    0x2000b501   0x0000004e   Zero   RW         2750    .bss                rc522_add.o
    0x2000b54f   0x00000001   PAD
    0x2000b550   0x00000060   Zero   RW         3396    .bss                c_w.l(libspace.o)
    0x2000b5b0   0x00000200   Zero   RW            2    HEAP                startup_stm32f10x_hd.o
    0x2000b7b0   0x00000400   Zero   RW            1    STACK               startup_stm32f10x_hd.o


==============================================================================

Image component sizes


      Code (inc. data)   RO Data    RW Data    ZI Data      Debug   Object Name

       262          0          0          0          0       3137   24cxx.o
      2070        724          0          4          0      12083   as608.o
       690        102          0          0          0       4921   ctiic.o
       184         16          0          4          0       1827   delay.o
       342          8          0          2          0       4450   diskio.o
       662         62          0          0          0       4816   ds18b20.o
       116         16        100        340          0       4146   exfuns.o
      1340         28          0         10          0       7966   ff.o
       900         74          0          2          0       7671   flash.o
        40          8          0          0         33       1953   fontupd.o
       826         42         10          1          0       3677   ft5206.o
      1026         76        194          1          0       4450   gt9147.o
     20496        264       6080          4         14      27984   ili93xx.o
       136         12          0          0          0        503   key.o
       860        256         86        133          0     212464   main.o
       364         30          0         20      43520       5670   malloc.o
      1154         46          0          1          0       9602   mmc_sd.o
      3888        384          0         12          0       6306   my_gui.o
       684        104          0          0          0       4406   myiic.o
       882         64         10          1          0       4219   ott2001a.o
      1456         20          0          0          0      11391   rc522.o
       610         92          0         40         78       4833   rc522_add.o
      1182         92         24          2         10       5478   rtc.o
       308         28          0          0          0       1677   spi.o
        56         22        304          0       1536        836   startup_stm32f10x_hd.o
       476         54          0          0          0       3507   sys.o
       730         20          0          0          0       4174   text.o
       140         16          0          0          0       1082   timer.o
      4120        266        125         54          0      10641   touch.o
       386         36          0          6        200       4240   usart.o
       368         42          0          2       1600       2150   usart2.o
      3120       1322         40         28          0       6761   usmart.o
         0          0        235        276          0       1596   usmart_config.o
      1328         20          0          0          0       8761   usmart_str.o

    ----------------------------------------------------------------------
     51240       4346       7246        960      46992     399378   Object Totals
         0          0         32          0          0          0   (incl. Generated)
        38          0          6         17          1          0   (incl. Padding)

    ----------------------------------------------------------------------

      Code (inc. data)   RO Data    RW Data    ZI Data      Debug   Library Member Name

        24          4          0          0          0         84   __2printf.o
        44          6          0          0          0         84   __2sprintf.o
        90          0          0          0          0          0   __dczerorl2.o
         8          0          0          0          0         68   __main.o
       392          4         17          0          0         92   __printf_flags_ss_wp.o
        14          0          0          0          0         68   __printf_wp.o
         0          0          0          0          0          0   __rtentry.o
        12          0          0          0          0          0   __rtentry2.o
         6          0          0          0          0          0   __rtentry4.o
        52          8          0          0          0          0   __scatter.o
        28          0          0          0          0          0   __scatter_zi.o
         6          0          0          0          0          0   _printf_c.o
        44          0          0          0          0        108   _printf_char.o
        48          6          0          0          0         96   _printf_char_common.o
        36          4          0          0          0         80   _printf_char_file.o
         6          0          0          0          0          0   _printf_d.o
       120         16          0          0          0         92   _printf_dec.o
       148          4         40          0          0        160   _printf_hex_int_ll_ptr.o
       178          0          0          0          0         88   _printf_intcommon.o
        78          0          0          0          0        108   _printf_pad.o
         0          0          0          0          0          0   _printf_percent.o
         4          0          0          0          0          0   _printf_percent_end.o
         6          0          0          0          0          0   _printf_s.o
        82          0          0          0          0         80   _printf_str.o
         6          0          0          0          0          0   _printf_u.o
         6          0          0          0          0          0   _printf_x.o
        22          0          0          0          0        100   _rserrno.o
        10          0          0          0          0         68   _sputc.o
        18          0          0          0          0         80   exit.o
         8          0          0          0          0         68   ferror.o
         6          0          0          0          0        152   heapauxi.o
         2          0          0          0          0          0   libinit.o
         2          0          0          0          0          0   libinit2.o
         2          0          0          0          0          0   libshutdown.o
         2          0          0          0          0          0   libshutdown2.o
         8          4          0          0         96         68   libspace.o
         8          4          0          0          0         68   rt_errno_addr_intlibspace.o
         2          0          0          0          0          0   rtexit.o
        10          0          0          0          0          0   rtexit2.o
       128          0          0          0          0         68   strcmpv7m.o
        62          0          0          0          0         76   strlen.o
        36          0          0          0          0         80   strstr.o
        74          0          0          0          0         80   sys_stackheap_outer.o
         2          0          0          0          0         68   use_no_semi.o
         2          0          0          0          0         68   use_no_semi_2.o
       826         16          0          0          0        348   daddsub_clz.o
        24          0          0          0          0         68   dcmpi.o
        94          4          0          0          0         92   dfix.o
        90          4          0          0          0         92   dfixu.o
        84          0          0          0          0        136   dflt_clz.o
       120          4          0          0          0         92   dleqf.o
       340         12          0          0          0        104   dmul.o
       156          4          0          0          0         92   dnaninf.o
        12          0          0          0          0         68   dretinf.o
       108          0          0          0          0         80   drleqf.o
       460         56          0          0          0        120   dsqrt_noumaal.o
        86          4          0          0          0         84   f2d.o
       450          8          0          0          0        236   faddsub_clz.o
       388         76          0          0          0         96   fdiv.o
        54          4          0          0          0         84   ffix.o
        62          4          0          0          0         84   ffixu.o
        86          0          0          0          0        136   fflt_clz.o
       258          4          0          0          0         84   fmul.o
       140          4          0          0          0         84   fnaninf.o
        10          0          0          0          0         68   fretinf.o
         0          0          0          0          0          0   usenofp.o
        76          0          0          0          0         84   sqrt.o

    ----------------------------------------------------------------------
      5786        264         60          0         96       4584   Library Totals
        20          0          3          0          0          0   (incl. Padding)

    ----------------------------------------------------------------------

      Code (inc. data)   RO Data    RW Data    ZI Data      Debug   Library Name

      1842         60         57          0         96       2252   c_w.l
      3848        204          0          0          0       2248   fz_ws.l
        76          0          0          0          0         84   m_ws.l

    ----------------------------------------------------------------------
      5786        264         60          0         96       4584   Library Totals

    ----------------------------------------------------------------------

==============================================================================


      Code (inc. data)   RO Data    RW Data    ZI Data      Debug   

     57026       4610       7306        960      47088     390022   Grand Totals
     57026       4610       7306        264      47088     390022   ELF Image Totals (compressed)
     57026       4610       7306        264          0          0   ROM Totals

==============================================================================

    Total RO  Size (Code + RO Data)                64332 (  62.82kB)
    Total RW  Size (RW Data + ZI Data)             48048 (  46.92kB)
    Total ROM Size (Code + RO Data + RW Data)      64596 (  63.08kB)

==============================================================================

