<html>
<body>
<pre>
<h1>µVision Build Log</h1>
<h2>Project:</h2>
C:\Users\BYF\Desktop\Ì«ÑôÄÜµç³Ø\USER\test.uvproj
Project File Date:  03/25/2015

<h2>Output:</h2>
Build target 'Target 1'
compiling test.c...
test.c(145): warning:  #177-D: variable "adclength" was declared but never referenced
test.c(146): warning:  #177-D: variable "p" was declared but never referenced
test.c(147): warning:  #177-D: variable "adcnumber" was declared but never referenced
test.c(147): warning:  #177-D: variable "adcnumber2" was declared but never referenced
test.c(148): warning:  #177-D: variable "mmm" was declared but never referenced
test.c(157): warning:  #177-D: variable "pause" was declared but never referenced
test.c(158): warning:  #550-D: variable "t" was set but never used
test.c(308): warning:  #223-D: function "Last_Data" declared implicitly
test.c(310): warning:  #223-D: function "Next_Data" declared implicitly
linking...
Program Size: Code=78210 RO-data=9614 RW-data=800 ZI-data=48272  
FromELF: creating hex file...
"..\OBJ\test.axf" - 0 Errors, 9 Warning(s).
Build target 'Target 1'
compiling test.c...
test.c(145): warning:  #177-D: variable "adclength" was declared but never referenced
test.c(146): warning:  #177-D: variable "p" was declared but never referenced
test.c(147): warning:  #177-D: variable "adcnumber" was declared but never referenced
test.c(147): warning:  #177-D: variable "adcnumber2" was declared but never referenced
test.c(148): warning:  #177-D: variable "mmm" was declared but never referenced
test.c(157): warning:  #177-D: variable "pause" was declared but never referenced
test.c(158): warning:  #550-D: variable "t" was set but never used
test.c(308): warning:  #223-D: function "Last_Data" declared implicitly
test.c(310): warning:  #223-D: function "Next_Data" declared implicitly
linking...
Program Size: Code=78238 RO-data=9614 RW-data=800 ZI-data=48272  
FromELF: creating hex file...
"..\OBJ\test.axf" - 0 Errors, 9 Warning(s).
Build target 'Target 1'
compiling test.c...
test.c(145): warning:  #177-D: variable "adclength" was declared but never referenced
test.c(146): warning:  #177-D: variable "p" was declared but never referenced
test.c(147): warning:  #177-D: variable "adcnumber" was declared but never referenced
test.c(147): warning:  #177-D: variable "adcnumber2" was declared but never referenced
test.c(148): warning:  #177-D: variable "mmm" was declared but never referenced
test.c(157): warning:  #177-D: variable "pause" was declared but never referenced
test.c(158): warning:  #550-D: variable "t" was set but never used
test.c(308): warning:  #223-D: function "Last_Data" declared implicitly
test.c(310): warning:  #223-D: function "Next_Data" declared implicitly
linking...
Program Size: Code=78238 RO-data=9614 RW-data=800 ZI-data=48272  
FromELF: creating hex file...
"..\OBJ\test.axf" - 0 Errors, 9 Warning(s).
Build target 'Target 1'
compiling test.c...
test.c(145): warning:  #177-D: variable "adclength" was declared but never referenced
test.c(146): warning:  #177-D: variable "p" was declared but never referenced
test.c(147): warning:  #177-D: variable "adcnumber" was declared but never referenced
test.c(147): warning:  #177-D: variable "adcnumber2" was declared but never referenced
test.c(148): warning:  #177-D: variable "mmm" was declared but never referenced
test.c(157): warning:  #177-D: variable "pause" was declared but never referenced
test.c(158): warning:  #550-D: variable "t" was set but never used
test.c(308): warning:  #223-D: function "Last_Data" declared implicitly
test.c(310): warning:  #223-D: function "Next_Data" declared implicitly
compiling MY_GUI.c...
..\MY_GUI\MY_GUI.c(467): warning:  #111-D: statement is unreachable
..\MY_GUI\MY_GUI.c(470): warning:  #940-D: missing return statement at end of non-void function "GUI_TOUCH_DISP"
..\MY_GUI\MY_GUI.c(320): warning:  #177-D: variable "t" was declared but never referenced
..\MY_GUI\MY_GUI.c(558): warning:  #223-D: function "lcd_draw_bline" declared implicitly
..\MY_GUI\MY_GUI.c(629): warning:  #223-D: function "kc" declared implicitly
..\MY_GUI\MY_GUI.c(641): warning:  #223-D: function "kc" declared implicitly
..\MY_GUI\MY_GUI.c(655): warning:  #223-D: function "kc" declared implicitly
..\MY_GUI\MY_GUI.c(667): warning:  #223-D: function "kc" declared implicitly
..\MY_GUI\MY_GUI.c(679): warning:  #223-D: function "kc" declared implicitly
..\MY_GUI\MY_GUI.c(699): warning:  #223-D: function "kc" declared implicitly
..\MY_GUI\MY_GUI.c(711): warning:  #223-D: function "kc" declared implicitly
..\MY_GUI\MY_GUI.c(723): warning:  #223-D: function "kc" declared implicitly
..\MY_GUI\MY_GUI.c(735): warning:  #223-D: function "kc" declared implicitly
..\MY_GUI\MY_GUI.c(747): warning:  #223-D: function "kc" declared implicitly
..\MY_GUI\MY_GUI.c(759): warning:  #223-D: function "kc" declared implicitly
linking...
Program Size: Code=78230 RO-data=9614 RW-data=800 ZI-data=48272  
FromELF: creating hex file...
"..\OBJ\test.axf" - 0 Errors, 24 Warning(s).
Build target 'Target 1'
compiling test.c...
test.c(145): warning:  #177-D: variable "adclength" was declared but never referenced
test.c(146): warning:  #177-D: variable "p" was declared but never referenced
test.c(147): warning:  #177-D: variable "adcnumber" was declared but never referenced
test.c(147): warning:  #177-D: variable "adcnumber2" was declared but never referenced
test.c(148): warning:  #177-D: variable "mmm" was declared but never referenced
test.c(157): warning:  #177-D: variable "pause" was declared but never referenced
test.c(158): warning:  #550-D: variable "t" was set but never used
test.c(308): warning:  #223-D: function "Last_Data" declared implicitly
test.c(310): warning:  #223-D: function "Next_Data" declared implicitly
linking...
Program Size: Code=78286 RO-data=9614 RW-data=800 ZI-data=48272  
FromELF: creating hex file...
"..\OBJ\test.axf" - 0 Errors, 9 Warning(s).
Build target 'Target 1'
compiling test.c...
test.c(145): warning:  #177-D: variable "adclength" was declared but never referenced
test.c(146): warning:  #177-D: variable "p" was declared but never referenced
test.c(147): warning:  #177-D: variable "adcnumber" was declared but never referenced
test.c(147): warning:  #177-D: variable "adcnumber2" was declared but never referenced
test.c(148): warning:  #177-D: variable "mmm" was declared but never referenced
test.c(157): warning:  #177-D: variable "pause" was declared but never referenced
test.c(158): warning:  #550-D: variable "t" was set but never used
test.c(308): warning:  #223-D: function "Last_Data" declared implicitly
test.c(310): warning:  #223-D: function "Next_Data" declared implicitly
linking...
Program Size: Code=78286 RO-data=9614 RW-data=800 ZI-data=48272  
FromELF: creating hex file...
"..\OBJ\test.axf" - 0 Errors, 9 Warning(s).
Build target 'Target 1'
compiling MY_GUI.c...
..\MY_GUI\MY_GUI.c(467): warning:  #111-D: statement is unreachable
..\MY_GUI\MY_GUI.c(470): warning:  #940-D: missing return statement at end of non-void function "GUI_TOUCH_DISP"
..\MY_GUI\MY_GUI.c(320): warning:  #177-D: variable "t" was declared but never referenced
..\MY_GUI\MY_GUI.c(558): warning:  #223-D: function "lcd_draw_bline" declared implicitly
..\MY_GUI\MY_GUI.c(631): warning:  #223-D: function "kc" declared implicitly
..\MY_GUI\MY_GUI.c(643): warning:  #223-D: function "kc" declared implicitly
..\MY_GUI\MY_GUI.c(657): warning:  #223-D: function "kc" declared implicitly
..\MY_GUI\MY_GUI.c(669): warning:  #223-D: function "kc" declared implicitly
..\MY_GUI\MY_GUI.c(681): warning:  #223-D: function "kc" declared implicitly
..\MY_GUI\MY_GUI.c(704): warning:  #223-D: function "kc" declared implicitly
..\MY_GUI\MY_GUI.c(716): warning:  #223-D: function "kc" declared implicitly
..\MY_GUI\MY_GUI.c(728): warning:  #223-D: function "kc" declared implicitly
..\MY_GUI\MY_GUI.c(740): warning:  #223-D: function "kc" declared implicitly
..\MY_GUI\MY_GUI.c(752): warning:  #223-D: function "kc" declared implicitly
..\MY_GUI\MY_GUI.c(764): warning:  #223-D: function "kc" declared implicitly
linking...
Program Size: Code=78470 RO-data=9614 RW-data=800 ZI-data=48272  
FromELF: creating hex file...
"..\OBJ\test.axf" - 0 Errors, 15 Warning(s).
Build target 'Target 1'
compiling MY_GUI.c...
..\MY_GUI\MY_GUI.c(467): warning:  #111-D: statement is unreachable
..\MY_GUI\MY_GUI.c(470): warning:  #940-D: missing return statement at end of non-void function "GUI_TOUCH_DISP"
..\MY_GUI\MY_GUI.c(320): warning:  #177-D: variable "t" was declared but never referenced
..\MY_GUI\MY_GUI.c(558): warning:  #223-D: function "lcd_draw_bline" declared implicitly
..\MY_GUI\MY_GUI.c(631): warning:  #223-D: function "kc" declared implicitly
..\MY_GUI\MY_GUI.c(643): warning:  #223-D: function "kc" declared implicitly
..\MY_GUI\MY_GUI.c(657): warning:  #223-D: function "kc" declared implicitly
..\MY_GUI\MY_GUI.c(669): warning:  #223-D: function "kc" declared implicitly
..\MY_GUI\MY_GUI.c(681): warning:  #223-D: function "kc" declared implicitly
..\MY_GUI\MY_GUI.c(704): warning:  #223-D: function "kc" declared implicitly
..\MY_GUI\MY_GUI.c(716): warning:  #223-D: function "kc" declared implicitly
..\MY_GUI\MY_GUI.c(728): warning:  #223-D: function "kc" declared implicitly
..\MY_GUI\MY_GUI.c(740): warning:  #223-D: function "kc" declared implicitly
..\MY_GUI\MY_GUI.c(752): warning:  #223-D: function "kc" declared implicitly
..\MY_GUI\MY_GUI.c(764): warning:  #223-D: function "kc" declared implicitly
linking...
Program Size: Code=78470 RO-data=9614 RW-data=800 ZI-data=48272  
FromELF: creating hex file...
"..\OBJ\test.axf" - 0 Errors, 15 Warning(s).
Build target 'Target 1'
compiling MY_GUI.c...
..\MY_GUI\MY_GUI.c(467): warning:  #111-D: statement is unreachable
..\MY_GUI\MY_GUI.c(470): warning:  #940-D: missing return statement at end of non-void function "GUI_TOUCH_DISP"
..\MY_GUI\MY_GUI.c(320): warning:  #177-D: variable "t" was declared but never referenced
..\MY_GUI\MY_GUI.c(558): warning:  #223-D: function "lcd_draw_bline" declared implicitly
..\MY_GUI\MY_GUI.c(632): warning:  #223-D: function "kc" declared implicitly
..\MY_GUI\MY_GUI.c(644): warning:  #223-D: function "kc" declared implicitly
..\MY_GUI\MY_GUI.c(658): warning:  #223-D: function "kc" declared implicitly
..\MY_GUI\MY_GUI.c(670): warning:  #223-D: function "kc" declared implicitly
..\MY_GUI\MY_GUI.c(682): warning:  #223-D: function "kc" declared implicitly
..\MY_GUI\MY_GUI.c(706): warning:  #223-D: function "kc" declared implicitly
..\MY_GUI\MY_GUI.c(718): warning:  #223-D: function "kc" declared implicitly
..\MY_GUI\MY_GUI.c(730): warning:  #223-D: function "kc" declared implicitly
..\MY_GUI\MY_GUI.c(742): warning:  #223-D: function "kc" declared implicitly
..\MY_GUI\MY_GUI.c(754): warning:  #223-D: function "kc" declared implicitly
..\MY_GUI\MY_GUI.c(766): warning:  #223-D: function "kc" declared implicitly
linking...
Program Size: Code=78482 RO-data=9614 RW-data=800 ZI-data=48272  
FromELF: creating hex file...
"..\OBJ\test.axf" - 0 Errors, 15 Warning(s).
Build target 'Target 1'
compiling test.c...
test.c(145): warning:  #177-D: variable "adclength" was declared but never referenced
test.c(146): warning:  #177-D: variable "p" was declared but never referenced
test.c(147): warning:  #177-D: variable "adcnumber" was declared but never referenced
test.c(147): warning:  #177-D: variable "adcnumber2" was declared but never referenced
test.c(148): warning:  #177-D: variable "mmm" was declared but never referenced
test.c(157): warning:  #177-D: variable "pause" was declared but never referenced
test.c(158): warning:  #550-D: variable "t" was set but never used
test.c(308): warning:  #223-D: function "Last_Data" declared implicitly
test.c(310): warning:  #223-D: function "Next_Data" declared implicitly
linking...
Program Size: Code=78482 RO-data=9614 RW-data=800 ZI-data=48272  
FromELF: creating hex file...
"..\OBJ\test.axf" - 0 Errors, 9 Warning(s).
Build target 'Target 1'
compiling test.c...
test.c(145): warning:  #177-D: variable "adclength" was declared but never referenced
test.c(146): warning:  #177-D: variable "p" was declared but never referenced
test.c(147): warning:  #177-D: variable "adcnumber" was declared but never referenced
test.c(147): warning:  #177-D: variable "adcnumber2" was declared but never referenced
test.c(148): warning:  #177-D: variable "mmm" was declared but never referenced
test.c(157): warning:  #177-D: variable "pause" was declared but never referenced
test.c(158): warning:  #550-D: variable "t" was set but never used
test.c(309): warning:  #223-D: function "Last_Data" declared implicitly
test.c(311): warning:  #223-D: function "Next_Data" declared implicitly
linking...
Program Size: Code=78482 RO-data=9614 RW-data=800 ZI-data=48272  
FromELF: creating hex file...
"..\OBJ\test.axf" - 0 Errors, 9 Warning(s).
Build target 'Target 1'
compiling test.c...
test.c(157): error:  #268: declaration may not appear after executable statement in block
test.c(158): error:  #268: declaration may not appear after executable statement in block
test.c(159): error:  #268: declaration may not appear after executable statement in block
test.c(160): error:  #268: declaration may not appear after executable statement in block
test.c(145): warning:  #177-D: variable "adclength" was declared but never referenced
test.c(146): warning:  #177-D: variable "p" was declared but never referenced
test.c(147): warning:  #177-D: variable "adcnumber" was declared but never referenced
test.c(147): warning:  #177-D: variable "adcnumber2" was declared but never referenced
test.c(148): warning:  #177-D: variable "mmm" was declared but never referenced
test.c(157): warning:  #177-D: variable "pause" was declared but never referenced
test.c(158): warning:  #550-D: variable "t" was set but never used
test.c(309): warning:  #223-D: function "Last_Data" declared implicitly
test.c(311): warning:  #223-D: function "Next_Data" declared implicitly
compiling led.c...
compiling MY_GUI.c...
..\MY_GUI\MY_GUI.c(467): warning:  #111-D: statement is unreachable
..\MY_GUI\MY_GUI.c(470): warning:  #940-D: missing return statement at end of non-void function "GUI_TOUCH_DISP"
..\MY_GUI\MY_GUI.c(320): warning:  #177-D: variable "t" was declared but never referenced
..\MY_GUI\MY_GUI.c(558): warning:  #223-D: function "lcd_draw_bline" declared implicitly
..\MY_GUI\MY_GUI.c(632): warning:  #223-D: function "kc" declared implicitly
..\MY_GUI\MY_GUI.c(644): warning:  #223-D: function "kc" declared implicitly
..\MY_GUI\MY_GUI.c(658): warning:  #223-D: function "kc" declared implicitly
..\MY_GUI\MY_GUI.c(670): warning:  #223-D: function "kc" declared implicitly
..\MY_GUI\MY_GUI.c(682): warning:  #223-D: function "kc" declared implicitly
..\MY_GUI\MY_GUI.c(706): warning:  #223-D: function "kc" declared implicitly
..\MY_GUI\MY_GUI.c(718): warning:  #223-D: function "kc" declared implicitly
..\MY_GUI\MY_GUI.c(730): warning:  #223-D: function "kc" declared implicitly
..\MY_GUI\MY_GUI.c(742): warning:  #223-D: function "kc" declared implicitly
..\MY_GUI\MY_GUI.c(754): warning:  #223-D: function "kc" declared implicitly
..\MY_GUI\MY_GUI.c(766): warning:  #223-D: function "kc" declared implicitly
"..\OBJ\test.axf" - 4 Errors, 24 Warning(s).
Target not created
Build target 'Target 1'
compiling test.c...
test.c(145): warning:  #177-D: variable "adclength" was declared but never referenced
test.c(146): warning:  #177-D: variable "p" was declared but never referenced
test.c(147): warning:  #177-D: variable "adcnumber" was declared but never referenced
test.c(147): warning:  #177-D: variable "adcnumber2" was declared but never referenced
test.c(148): warning:  #177-D: variable "mmm" was declared but never referenced
test.c(157): warning:  #177-D: variable "pause" was declared but never referenced
test.c(158): warning:  #550-D: variable "t" was set but never used
test.c(308): warning:  #223-D: function "Last_Data" declared implicitly
test.c(310): warning:  #223-D: function "Next_Data" declared implicitly
linking...
Program Size: Code=78482 RO-data=9614 RW-data=800 ZI-data=48272  
FromELF: creating hex file...
"..\OBJ\test.axf" - 0 Errors, 9 Warning(s).
Build target 'Target 1'
compiling led.c...
linking...
Program Size: Code=78566 RO-data=9614 RW-data=800 ZI-data=48272  
FromELF: creating hex file...
"..\OBJ\test.axf" - 0 Errors, 0 Warning(s).
Build target 'Target 1'
compiling test.c...
test.c(145): warning:  #177-D: variable "adclength" was declared but never referenced
test.c(146): warning:  #177-D: variable "p" was declared but never referenced
test.c(147): warning:  #177-D: variable "adcnumber" was declared but never referenced
test.c(147): warning:  #177-D: variable "adcnumber2" was declared but never referenced
test.c(148): warning:  #177-D: variable "mmm" was declared but never referenced
test.c(157): warning:  #177-D: variable "pause" was declared but never referenced
test.c(158): warning:  #550-D: variable "t" was set but never used
test.c(308): warning:  #223-D: function "Last_Data" declared implicitly
test.c(310): warning:  #223-D: function "Next_Data" declared implicitly
compiling led.c...
compiling MY_GUI.c...
..\MY_GUI\MY_GUI.c(467): warning:  #111-D: statement is unreachable
..\MY_GUI\MY_GUI.c(470): warning:  #940-D: missing return statement at end of non-void function "GUI_TOUCH_DISP"
..\MY_GUI\MY_GUI.c(320): warning:  #177-D: variable "t" was declared but never referenced
..\MY_GUI\MY_GUI.c(558): warning:  #223-D: function "lcd_draw_bline" declared implicitly
..\MY_GUI\MY_GUI.c(632): warning:  #223-D: function "kc" declared implicitly
..\MY_GUI\MY_GUI.c(644): warning:  #223-D: function "kc" declared implicitly
..\MY_GUI\MY_GUI.c(658): warning:  #223-D: function "kc" declared implicitly
..\MY_GUI\MY_GUI.c(670): warning:  #223-D: function "kc" declared implicitly
..\MY_GUI\MY_GUI.c(682): warning:  #223-D: function "kc" declared implicitly
..\MY_GUI\MY_GUI.c(706): warning:  #223-D: function "kc" declared implicitly
..\MY_GUI\MY_GUI.c(718): warning:  #223-D: function "kc" declared implicitly
..\MY_GUI\MY_GUI.c(730): warning:  #223-D: function "kc" declared implicitly
..\MY_GUI\MY_GUI.c(742): warning:  #223-D: function "kc" declared implicitly
..\MY_GUI\MY_GUI.c(754): warning:  #223-D: function "kc" declared implicitly
..\MY_GUI\MY_GUI.c(766): warning:  #223-D: function "kc" declared implicitly
linking...
Program Size: Code=78566 RO-data=9614 RW-data=800 ZI-data=48272  
FromELF: creating hex file...
"..\OBJ\test.axf" - 0 Errors, 24 Warning(s).
Build target 'Target 1'
compiling test.c...
test.c(145): warning:  #177-D: variable "adclength" was declared but never referenced
test.c(146): warning:  #177-D: variable "p" was declared but never referenced
test.c(147): warning:  #177-D: variable "adcnumber" was declared but never referenced
test.c(147): warning:  #177-D: variable "adcnumber2" was declared but never referenced
test.c(148): warning:  #177-D: variable "mmm" was declared but never referenced
test.c(157): warning:  #177-D: variable "pause" was declared but never referenced
test.c(158): warning:  #550-D: variable "t" was set but never used
test.c(308): warning:  #223-D: function "Last_Data" declared implicitly
test.c(310): warning:  #223-D: function "Next_Data" declared implicitly
linking...
Program Size: Code=78602 RO-data=9614 RW-data=800 ZI-data=48272  
FromELF: creating hex file...
"..\OBJ\test.axf" - 0 Errors, 9 Warning(s).
